
Allocating common symbols
Common symbol       size              file

pFlash              0x20              ..\obj\stm32f4xx_hal_flash.o
hspi1               0x58              ..\obj\lsm9_spi.o
G_last_button_status
                    0x2               ..\obj\driver_button.o
TIM_Handle          0x3c              ..\obj\main.o

Discarded input sections

 .text          0x00000000        0x0 ..\obj\driver_led.o
 .data          0x00000000        0x0 ..\obj\driver_led.o
 .bss           0x00000000        0x0 ..\obj\driver_led.o
 .text.driver_led_init
                0x00000000       0x4c ..\obj\driver_led.o
 .text.driver_led_set
                0x00000000       0x14 ..\obj\driver_led.o
 .text.driver_led_reset
                0x00000000       0x14 ..\obj\driver_led.o
 .text.driver_led_toggle
                0x00000000       0x14 ..\obj\driver_led.o
 .debug_info    0x00000000      0x3e1 ..\obj\driver_led.o
 .debug_abbrev  0x00000000      0x124 ..\obj\driver_led.o
 .debug_aranges
                0x00000000       0x38 ..\obj\driver_led.o
 .debug_ranges  0x00000000       0x28 ..\obj\driver_led.o
 .debug_line    0x00000000      0x274 ..\obj\driver_led.o
 .debug_str     0x00000000      0x39c ..\obj\driver_led.o
 .comment       0x00000000       0x71 ..\obj\driver_led.o
 .ARM.attributes
                0x00000000       0x33 ..\obj\driver_led.o
 .debug_frame   0x00000000       0x84 ..\obj\driver_led.o
 .text          0x00000000        0x0 ..\obj\stm32f4xx_hal_spi.o
 .data          0x00000000        0x0 ..\obj\stm32f4xx_hal_spi.o
 .bss           0x00000000        0x0 ..\obj\stm32f4xx_hal_spi.o
 .text.HAL_SPI_DeInit
                0x00000000       0x48 ..\obj\stm32f4xx_hal_spi.o
 .text.HAL_SPI_MspInit
                0x00000000       0x14 ..\obj\stm32f4xx_hal_spi.o
 .text.HAL_SPI_MspDeInit
                0x00000000       0x14 ..\obj\stm32f4xx_hal_spi.o
 .text.HAL_SPI_Transmit
                0x00000000      0x280 ..\obj\stm32f4xx_hal_spi.o
 .text.HAL_SPI_Receive
                0x00000000      0x30c ..\obj\stm32f4xx_hal_spi.o
 .text.HAL_SPI_Transmit_IT
                0x00000000      0x124 ..\obj\stm32f4xx_hal_spi.o
 .text.HAL_SPI_Receive_IT
                0x00000000      0x134 ..\obj\stm32f4xx_hal_spi.o
 .text.HAL_SPI_TransmitReceive_IT
                0x00000000      0x12c ..\obj\stm32f4xx_hal_spi.o
 .text.HAL_SPI_Transmit_DMA
                0x00000000      0x140 ..\obj\stm32f4xx_hal_spi.o
 .text.HAL_SPI_Receive_DMA
                0x00000000      0x16c ..\obj\stm32f4xx_hal_spi.o
 .text.HAL_SPI_TransmitReceive_DMA
                0x00000000      0x1d8 ..\obj\stm32f4xx_hal_spi.o
 .text.HAL_SPI_DMAPause
                0x00000000       0x54 ..\obj\stm32f4xx_hal_spi.o
 .text.HAL_SPI_DMAResume
                0x00000000       0x54 ..\obj\stm32f4xx_hal_spi.o
 .text.HAL_SPI_DMAStop
                0x00000000       0x60 ..\obj\stm32f4xx_hal_spi.o
 .text.HAL_SPI_IRQHandler
                0x00000000      0x1a0 ..\obj\stm32f4xx_hal_spi.o
 .text.HAL_SPI_TxCpltCallback
                0x00000000       0x14 ..\obj\stm32f4xx_hal_spi.o
 .text.HAL_SPI_RxCpltCallback
                0x00000000       0x14 ..\obj\stm32f4xx_hal_spi.o
 .text.HAL_SPI_TxRxCpltCallback
                0x00000000       0x14 ..\obj\stm32f4xx_hal_spi.o
 .text.HAL_SPI_TxHalfCpltCallback
                0x00000000       0x14 ..\obj\stm32f4xx_hal_spi.o
 .text.HAL_SPI_RxHalfCpltCallback
                0x00000000       0x14 ..\obj\stm32f4xx_hal_spi.o
 .text.HAL_SPI_TxRxHalfCpltCallback
                0x00000000       0x14 ..\obj\stm32f4xx_hal_spi.o
 .text.HAL_SPI_ErrorCallback
                0x00000000       0x14 ..\obj\stm32f4xx_hal_spi.o
 .text.HAL_SPI_GetState
                0x00000000       0x1c ..\obj\stm32f4xx_hal_spi.o
 .text.HAL_SPI_GetError
                0x00000000       0x18 ..\obj\stm32f4xx_hal_spi.o
 .text.SPI_TxCloseIRQHandler
                0x00000000       0xd8 ..\obj\stm32f4xx_hal_spi.o
 .text.SPI_TxISR
                0x00000000       0x74 ..\obj\stm32f4xx_hal_spi.o
 .text.SPI_RxCloseIRQHandler
                0x00000000      0x138 ..\obj\stm32f4xx_hal_spi.o
 .text.SPI_2LinesRxISR
                0x00000000       0x60 ..\obj\stm32f4xx_hal_spi.o
 .text.SPI_RxISR
                0x00000000       0x80 ..\obj\stm32f4xx_hal_spi.o
 .text.SPI_DMATransmitCplt
                0x00000000       0xb0 ..\obj\stm32f4xx_hal_spi.o
 .text.SPI_DMAReceiveCplt
                0x00000000      0x11c ..\obj\stm32f4xx_hal_spi.o
 .text.SPI_DMAEndTransmitReceive
                0x00000000       0xe0 ..\obj\stm32f4xx_hal_spi.o
 .text.SPI_DMATransmitReceiveCplt
                0x00000000       0x50 ..\obj\stm32f4xx_hal_spi.o
 .text.SPI_DMAHalfTransmitCplt
                0x00000000       0x1c ..\obj\stm32f4xx_hal_spi.o
 .text.SPI_DMAHalfReceiveCplt
                0x00000000       0x1c ..\obj\stm32f4xx_hal_spi.o
 .text.SPI_DMAHalfTransmitReceiveCplt
                0x00000000       0x1c ..\obj\stm32f4xx_hal_spi.o
 .text.SPI_DMAError
                0x00000000       0x3c ..\obj\stm32f4xx_hal_spi.o
 .text          0x00000000        0x0 ..\obj\stm32f4xx_hal_flash_ramfunc.o
 .data          0x00000000        0x0 ..\obj\stm32f4xx_hal_flash_ramfunc.o
 .bss           0x00000000        0x0 ..\obj\stm32f4xx_hal_flash_ramfunc.o
 .debug_info    0x00000000       0x99 ..\obj\stm32f4xx_hal_flash_ramfunc.o
 .debug_abbrev  0x00000000       0x4b ..\obj\stm32f4xx_hal_flash_ramfunc.o
 .debug_aranges
                0x00000000       0x18 ..\obj\stm32f4xx_hal_flash_ramfunc.o
 .debug_line    0x00000000      0x12a ..\obj\stm32f4xx_hal_flash_ramfunc.o
 .debug_str     0x00000000      0x1c4 ..\obj\stm32f4xx_hal_flash_ramfunc.o
 .comment       0x00000000       0x71 ..\obj\stm32f4xx_hal_flash_ramfunc.o
 .ARM.attributes
                0x00000000       0x33 ..\obj\stm32f4xx_hal_flash_ramfunc.o
 .text          0x00000000        0x0 ..\obj\lsm9_spi.o
 .data          0x00000000        0x0 ..\obj\lsm9_spi.o
 .bss           0x00000000        0x0 ..\obj\lsm9_spi.o
 .text          0x00000000        0x0 ..\obj\stm32f4xx_hal_msp.o
 .data          0x00000000        0x0 ..\obj\stm32f4xx_hal_msp.o
 .bss           0x00000000        0x0 ..\obj\stm32f4xx_hal_msp.o
 .text.HAL_SPI_MspDeInit
                0x00000000       0x44 ..\obj\stm32f4xx_hal_msp.o
 .text.HAL_TIM_Base_MspDeInit
                0x00000000       0x30 ..\obj\stm32f4xx_hal_msp.o
 .text.HAL_UART_MspDeInit
                0x00000000       0x38 ..\obj\stm32f4xx_hal_msp.o
 .text          0x00000000        0x0 ..\obj\driver_button.o
 .data          0x00000000        0x0 ..\obj\driver_button.o
 .bss           0x00000000        0x0 ..\obj\driver_button.o
 .text.driver_button_get_status
                0x00000000       0x5c ..\obj\driver_button.o
 .text.driver_button_init
                0x00000000       0x5c ..\obj\driver_button.o
 .text.driver_button_get_pin_state
                0x00000000       0x38 ..\obj\driver_button.o
 .debug_info    0x00000000      0x485 ..\obj\driver_button.o
 .debug_abbrev  0x00000000      0x11d ..\obj\driver_button.o
 .debug_aranges
                0x00000000       0x30 ..\obj\driver_button.o
 .debug_ranges  0x00000000       0x20 ..\obj\driver_button.o
 .debug_line    0x00000000      0x28a ..\obj\driver_button.o
 .debug_str     0x00000000      0x4bb ..\obj\driver_button.o
 .comment       0x00000000       0x71 ..\obj\driver_button.o
 .ARM.attributes
                0x00000000       0x33 ..\obj\driver_button.o
 .debug_frame   0x00000000       0x70 ..\obj\driver_button.o
 COMMON         0x00000000        0x2 ..\obj\driver_button.o
 .text          0x00000000        0x0 ..\obj\stm32f4xx_hal_uart.o
 .data          0x00000000        0x0 ..\obj\stm32f4xx_hal_uart.o
 .bss           0x00000000        0x0 ..\obj\stm32f4xx_hal_uart.o
 .text.HAL_HalfDuplex_Init
                0x00000000       0xa4 ..\obj\stm32f4xx_hal_uart.o
 .text.HAL_LIN_Init
                0x00000000       0xc4 ..\obj\stm32f4xx_hal_uart.o
 .text.HAL_MultiProcessor_Init
                0x00000000       0xd8 ..\obj\stm32f4xx_hal_uart.o
 .text.HAL_UART_DeInit
                0x00000000       0x40 ..\obj\stm32f4xx_hal_uart.o
 .text.HAL_UART_MspInit
                0x00000000       0x14 ..\obj\stm32f4xx_hal_uart.o
 .text.HAL_UART_MspDeInit
                0x00000000       0x14 ..\obj\stm32f4xx_hal_uart.o
 .text.HAL_UART_Receive
                0x00000000      0x170 ..\obj\stm32f4xx_hal_uart.o
 .text.HAL_UART_Transmit_IT
                0x00000000       0xb0 ..\obj\stm32f4xx_hal_uart.o
 .text.HAL_UART_Receive_IT
                0x00000000       0xd0 ..\obj\stm32f4xx_hal_uart.o
 .text.HAL_UART_Transmit_DMA
                0x00000000       0xf4 ..\obj\stm32f4xx_hal_uart.o
 .text.HAL_UART_Receive_DMA
                0x00000000       0xe4 ..\obj\stm32f4xx_hal_uart.o
 .text.HAL_UART_DMAPause
                0x00000000       0x9c ..\obj\stm32f4xx_hal_uart.o
 .text.HAL_UART_DMAResume
                0x00000000       0xc8 ..\obj\stm32f4xx_hal_uart.o
 .text.HAL_UART_DMAStop
                0x00000000       0x60 ..\obj\stm32f4xx_hal_uart.o
 .text.HAL_UART_IRQHandler
                0x00000000      0x208 ..\obj\stm32f4xx_hal_uart.o
 .text.HAL_UART_TxCpltCallback
                0x00000000       0x14 ..\obj\stm32f4xx_hal_uart.o
 .text.HAL_UART_TxHalfCpltCallback
                0x00000000       0x14 ..\obj\stm32f4xx_hal_uart.o
 .text.HAL_UART_RxCpltCallback
                0x00000000       0x14 ..\obj\stm32f4xx_hal_uart.o
 .text.HAL_UART_RxHalfCpltCallback
                0x00000000       0x14 ..\obj\stm32f4xx_hal_uart.o
 .text.HAL_UART_ErrorCallback
                0x00000000       0x14 ..\obj\stm32f4xx_hal_uart.o
 .text.HAL_LIN_SendBreak
                0x00000000       0x54 ..\obj\stm32f4xx_hal_uart.o
 .text.HAL_MultiProcessor_EnterMuteMode
                0x00000000       0x54 ..\obj\stm32f4xx_hal_uart.o
 .text.HAL_MultiProcessor_ExitMuteMode
                0x00000000       0x54 ..\obj\stm32f4xx_hal_uart.o
 .text.HAL_HalfDuplex_EnableTransmitter
                0x00000000       0x68 ..\obj\stm32f4xx_hal_uart.o
 .text.HAL_HalfDuplex_EnableReceiver
                0x00000000       0x68 ..\obj\stm32f4xx_hal_uart.o
 .text.HAL_UART_GetState
                0x00000000       0x1c ..\obj\stm32f4xx_hal_uart.o
 .text.HAL_UART_GetError
                0x00000000       0x18 ..\obj\stm32f4xx_hal_uart.o
 .text.UART_DMATransmitCplt
                0x00000000       0x50 ..\obj\stm32f4xx_hal_uart.o
 .text.UART_DMATxHalfCplt
                0x00000000       0x1c ..\obj\stm32f4xx_hal_uart.o
 .text.UART_DMAReceiveCplt
                0x00000000       0x5c ..\obj\stm32f4xx_hal_uart.o
 .text.UART_DMARxHalfCplt
                0x00000000       0x1c ..\obj\stm32f4xx_hal_uart.o
 .text.UART_DMAError
                0x00000000       0x3c ..\obj\stm32f4xx_hal_uart.o
 .text.UART_Transmit_IT
                0x00000000       0xb8 ..\obj\stm32f4xx_hal_uart.o
 .text.UART_EndTransmit_IT
                0x00000000       0x48 ..\obj\stm32f4xx_hal_uart.o
 .text.UART_Receive_IT
                0x00000000      0x128 ..\obj\stm32f4xx_hal_uart.o
 .text          0x00000000        0x0 ..\obj\stm32f4xx_hal_tim.o
 .data          0x00000000        0x0 ..\obj\stm32f4xx_hal_tim.o
 .bss           0x00000000        0x0 ..\obj\stm32f4xx_hal_tim.o
 .text.HAL_TIM_Base_DeInit
                0x00000000       0x60 ..\obj\stm32f4xx_hal_tim.o
 .text.HAL_TIM_Base_MspInit
                0x00000000       0x14 ..\obj\stm32f4xx_hal_tim.o
 .text.HAL_TIM_Base_MspDeInit
                0x00000000       0x14 ..\obj\stm32f4xx_hal_tim.o
 .text.HAL_TIM_Base_Start
                0x00000000       0x38 ..\obj\stm32f4xx_hal_tim.o
 .text.HAL_TIM_Base_Stop
                0x00000000       0x58 ..\obj\stm32f4xx_hal_tim.o
 .text.HAL_TIM_Base_Stop_IT
                0x00000000       0x58 ..\obj\stm32f4xx_hal_tim.o
 .text.HAL_TIM_Base_Start_DMA
                0x00000000       0x98 ..\obj\stm32f4xx_hal_tim.o
 .text.HAL_TIM_Base_Stop_DMA
                0x00000000       0x60 ..\obj\stm32f4xx_hal_tim.o
 .text.HAL_TIM_OC_Init
                0x00000000       0x58 ..\obj\stm32f4xx_hal_tim.o
 .text.HAL_TIM_OC_DeInit
                0x00000000       0x60 ..\obj\stm32f4xx_hal_tim.o
 .text.HAL_TIM_OC_MspInit
                0x00000000       0x14 ..\obj\stm32f4xx_hal_tim.o
 .text.HAL_TIM_OC_MspDeInit
                0x00000000       0x14 ..\obj\stm32f4xx_hal_tim.o
 .text.HAL_TIM_OC_Start
                0x00000000       0x50 ..\obj\stm32f4xx_hal_tim.o
 .text.HAL_TIM_OC_Stop
                0x00000000       0x90 ..\obj\stm32f4xx_hal_tim.o
 .text.HAL_TIM_OC_Start_IT
                0x00000000       0xdc ..\obj\stm32f4xx_hal_tim.o
 .text.HAL_TIM_OC_Stop_IT
                0x00000000      0x11c ..\obj\stm32f4xx_hal_tim.o
 .text.HAL_TIM_OC_Start_DMA
                0x00000000      0x1ac ..\obj\stm32f4xx_hal_tim.o
 .text.HAL_TIM_OC_Stop_DMA
                0x00000000      0x124 ..\obj\stm32f4xx_hal_tim.o
 .text.HAL_TIM_PWM_Init
                0x00000000       0x58 ..\obj\stm32f4xx_hal_tim.o
 .text.HAL_TIM_PWM_DeInit
                0x00000000       0x60 ..\obj\stm32f4xx_hal_tim.o
 .text.HAL_TIM_PWM_MspInit
                0x00000000       0x14 ..\obj\stm32f4xx_hal_tim.o
 .text.HAL_TIM_PWM_MspDeInit
                0x00000000       0x14 ..\obj\stm32f4xx_hal_tim.o
 .text.HAL_TIM_PWM_Start
                0x00000000       0x50 ..\obj\stm32f4xx_hal_tim.o
 .text.HAL_TIM_PWM_Stop
                0x00000000       0x98 ..\obj\stm32f4xx_hal_tim.o
 .text.HAL_TIM_PWM_Start_IT
                0x00000000       0xdc ..\obj\stm32f4xx_hal_tim.o
 .text.HAL_TIM_PWM_Stop_IT
                0x00000000      0x11c ..\obj\stm32f4xx_hal_tim.o
 .text.HAL_TIM_PWM_Start_DMA
                0x00000000      0x1ac ..\obj\stm32f4xx_hal_tim.o
 .text.HAL_TIM_PWM_Stop_DMA
                0x00000000      0x124 ..\obj\stm32f4xx_hal_tim.o
 .text.HAL_TIM_IC_Init
                0x00000000       0x58 ..\obj\stm32f4xx_hal_tim.o
 .text.HAL_TIM_IC_DeInit
                0x00000000       0x60 ..\obj\stm32f4xx_hal_tim.o
 .text.HAL_TIM_IC_MspInit
                0x00000000       0x14 ..\obj\stm32f4xx_hal_tim.o
 .text.HAL_TIM_IC_MspDeInit
                0x00000000       0x14 ..\obj\stm32f4xx_hal_tim.o
 .text.HAL_TIM_IC_Start
                0x00000000       0x34 ..\obj\stm32f4xx_hal_tim.o
 .text.HAL_TIM_IC_Stop
                0x00000000       0x54 ..\obj\stm32f4xx_hal_tim.o
 .text.HAL_TIM_IC_Start_IT
                0x00000000       0xc0 ..\obj\stm32f4xx_hal_tim.o
 .text.HAL_TIM_IC_Stop_IT
                0x00000000       0xe0 ..\obj\stm32f4xx_hal_tim.o
 .text.HAL_TIM_IC_Start_DMA
                0x00000000      0x190 ..\obj\stm32f4xx_hal_tim.o
 .text.HAL_TIM_IC_Stop_DMA
                0x00000000       0xe8 ..\obj\stm32f4xx_hal_tim.o
 .text.HAL_TIM_OnePulse_Init
                0x00000000       0x78 ..\obj\stm32f4xx_hal_tim.o
 .text.HAL_TIM_OnePulse_DeInit
                0x00000000       0x60 ..\obj\stm32f4xx_hal_tim.o
 .text.HAL_TIM_OnePulse_MspInit
                0x00000000       0x14 ..\obj\stm32f4xx_hal_tim.o
 .text.HAL_TIM_OnePulse_MspDeInit
                0x00000000       0x14 ..\obj\stm32f4xx_hal_tim.o
 .text.HAL_TIM_OnePulse_Start
                0x00000000       0x50 ..\obj\stm32f4xx_hal_tim.o
 .text.HAL_TIM_OnePulse_Stop
                0x00000000       0xa0 ..\obj\stm32f4xx_hal_tim.o
 .text.HAL_TIM_OnePulse_Start_IT
                0x00000000       0x70 ..\obj\stm32f4xx_hal_tim.o
 .text.HAL_TIM_OnePulse_Stop_IT
                0x00000000       0xc0 ..\obj\stm32f4xx_hal_tim.o
 .text.HAL_TIM_Encoder_Init
                0x00000000      0x12c ..\obj\stm32f4xx_hal_tim.o
 .text.HAL_TIM_Encoder_DeInit
                0x00000000       0x60 ..\obj\stm32f4xx_hal_tim.o
 .text.HAL_TIM_Encoder_MspInit
                0x00000000       0x14 ..\obj\stm32f4xx_hal_tim.o
 .text.HAL_TIM_Encoder_MspDeInit
                0x00000000       0x14 ..\obj\stm32f4xx_hal_tim.o
 .text.HAL_TIM_Encoder_Start
                0x00000000       0x70 ..\obj\stm32f4xx_hal_tim.o
 .text.HAL_TIM_Encoder_Stop
                0x00000000       0x90 ..\obj\stm32f4xx_hal_tim.o
 .text.HAL_TIM_Encoder_Start_IT
                0x00000000       0xb0 ..\obj\stm32f4xx_hal_tim.o
 .text.HAL_TIM_Encoder_Stop_IT
                0x00000000       0xd4 ..\obj\stm32f4xx_hal_tim.o
 .text.HAL_TIM_Encoder_Start_DMA
                0x00000000      0x1a8 ..\obj\stm32f4xx_hal_tim.o
 .text.HAL_TIM_Encoder_Stop_DMA
                0x00000000       0xd4 ..\obj\stm32f4xx_hal_tim.o
 .text.HAL_TIM_IRQHandler
                0x00000000      0x210 ..\obj\stm32f4xx_hal_tim.o
 .text.HAL_TIM_OC_ConfigChannel
                0x00000000       0xc0 ..\obj\stm32f4xx_hal_tim.o
 .text.HAL_TIM_IC_ConfigChannel
                0x00000000      0x138 ..\obj\stm32f4xx_hal_tim.o
 .text.HAL_TIM_PWM_ConfigChannel
                0x00000000      0x18c ..\obj\stm32f4xx_hal_tim.o
 .text.HAL_TIM_OnePulse_ConfigChannel
                0x00000000      0x180 ..\obj\stm32f4xx_hal_tim.o
 .text.HAL_TIM_DMABurst_WriteStart
                0x00000000      0x1e4 ..\obj\stm32f4xx_hal_tim.o
 .text.HAL_TIM_DMABurst_WriteStop
                0x00000000       0xb0 ..\obj\stm32f4xx_hal_tim.o
 .text.HAL_TIM_DMABurst_ReadStart
                0x00000000      0x1e4 ..\obj\stm32f4xx_hal_tim.o
 .text.HAL_TIM_DMABurst_ReadStop
                0x00000000       0xb0 ..\obj\stm32f4xx_hal_tim.o
 .text.HAL_TIM_GenerateEvent
                0x00000000       0x50 ..\obj\stm32f4xx_hal_tim.o
 .text.HAL_TIM_ConfigOCrefClear
                0x00000000      0x154 ..\obj\stm32f4xx_hal_tim.o
 .text.HAL_TIM_ConfigClockSource
                0x00000000      0x1c4 ..\obj\stm32f4xx_hal_tim.o
 .text.HAL_TIM_ConfigTI1Input
                0x00000000       0x3c ..\obj\stm32f4xx_hal_tim.o
 .text.HAL_TIM_SlaveConfigSynchronization
                0x00000000       0x6c ..\obj\stm32f4xx_hal_tim.o
 .text.HAL_TIM_SlaveConfigSynchronization_IT
                0x00000000       0x6c ..\obj\stm32f4xx_hal_tim.o
 .text.HAL_TIM_ReadCapturedValue
                0x00000000       0xa4 ..\obj\stm32f4xx_hal_tim.o
 .text.HAL_TIM_PeriodElapsedCallback
                0x00000000       0x14 ..\obj\stm32f4xx_hal_tim.o
 .text.HAL_TIM_OC_DelayElapsedCallback
                0x00000000       0x14 ..\obj\stm32f4xx_hal_tim.o
 .text.HAL_TIM_IC_CaptureCallback
                0x00000000       0x14 ..\obj\stm32f4xx_hal_tim.o
 .text.HAL_TIM_PWM_PulseFinishedCallback
                0x00000000       0x14 ..\obj\stm32f4xx_hal_tim.o
 .text.HAL_TIM_TriggerCallback
                0x00000000       0x14 ..\obj\stm32f4xx_hal_tim.o
 .text.HAL_TIM_ErrorCallback
                0x00000000       0x14 ..\obj\stm32f4xx_hal_tim.o
 .text.HAL_TIM_Base_GetState
                0x00000000       0x1c ..\obj\stm32f4xx_hal_tim.o
 .text.HAL_TIM_OC_GetState
                0x00000000       0x1c ..\obj\stm32f4xx_hal_tim.o
 .text.HAL_TIM_PWM_GetState
                0x00000000       0x1c ..\obj\stm32f4xx_hal_tim.o
 .text.HAL_TIM_IC_GetState
                0x00000000       0x1c ..\obj\stm32f4xx_hal_tim.o
 .text.HAL_TIM_OnePulse_GetState
                0x00000000       0x1c ..\obj\stm32f4xx_hal_tim.o
 .text.HAL_TIM_Encoder_GetState
                0x00000000       0x1c ..\obj\stm32f4xx_hal_tim.o
 .text.TIM_TI1_SetConfig
                0x00000000       0xdc ..\obj\stm32f4xx_hal_tim.o
 .text.TIM_OC2_SetConfig
                0x00000000       0xd8 ..\obj\stm32f4xx_hal_tim.o
 .text.TIM_DMADelayPulseCplt
                0x00000000       0x70 ..\obj\stm32f4xx_hal_tim.o
 .text.TIM_DMAError
                0x00000000       0x24 ..\obj\stm32f4xx_hal_tim.o
 .text.TIM_DMACaptureCplt
                0x00000000       0x70 ..\obj\stm32f4xx_hal_tim.o
 .text.TIM_CCxChannelCmd
                0x00000000       0x44 ..\obj\stm32f4xx_hal_tim.o
 .text.TIM_DMAPeriodElapsedCplt
                0x00000000       0x24 ..\obj\stm32f4xx_hal_tim.o
 .text.TIM_DMATriggerCplt
                0x00000000       0x24 ..\obj\stm32f4xx_hal_tim.o
 .text.TIM_OC1_SetConfig
                0x00000000       0xd0 ..\obj\stm32f4xx_hal_tim.o
 .text.TIM_OC3_SetConfig
                0x00000000       0xd8 ..\obj\stm32f4xx_hal_tim.o
 .text.TIM_OC4_SetConfig
                0x00000000       0xa8 ..\obj\stm32f4xx_hal_tim.o
 .text.TIM_SlaveTimer_SetConfig
                0x00000000      0x11c ..\obj\stm32f4xx_hal_tim.o
 .text.TIM_TI1_ConfigInputStage
                0x00000000       0x64 ..\obj\stm32f4xx_hal_tim.o
 .text.TIM_TI2_SetConfig
                0x00000000       0x80 ..\obj\stm32f4xx_hal_tim.o
 .text.TIM_TI2_ConfigInputStage
                0x00000000       0x68 ..\obj\stm32f4xx_hal_tim.o
 .text.TIM_TI3_SetConfig
                0x00000000       0x80 ..\obj\stm32f4xx_hal_tim.o
 .text.TIM_TI4_SetConfig
                0x00000000       0x80 ..\obj\stm32f4xx_hal_tim.o
 .text.TIM_ITRx_SetConfig
                0x00000000       0x3c ..\obj\stm32f4xx_hal_tim.o
 .text.TIM_ETR_SetConfig
                0x00000000       0x44 ..\obj\stm32f4xx_hal_tim.o
 .text          0x00000000        0x0 ..\obj\uart.o
 .data          0x00000000        0x0 ..\obj\uart.o
 .text.uart_receive
                0x00000000       0x30 ..\obj\uart.o
 .text          0x00000000        0x0 ..\obj\startup_stm32f4xx.o
 .data          0x00000000        0x0 ..\obj\startup_stm32f4xx.o
 .bss           0x00000000        0x0 ..\obj\startup_stm32f4xx.o
 .text          0x00000000        0x0 ..\obj\sequencer_button .o
 .data          0x00000000        0x0 ..\obj\sequencer_button .o
 .bss           0x00000000       0x10 ..\obj\sequencer_button .o
 .text.sequencer_button_init
                0x00000000       0x4c ..\obj\sequencer_button .o
 .text.sequencer_button_get_push_type
                0x00000000      0x120 ..\obj\sequencer_button .o
 .text.sequencer_button_reinit
                0x00000000       0x38 ..\obj\sequencer_button .o
 .text.sequencer_button_detect_push_type
                0x00000000       0x90 ..\obj\sequencer_button .o
 .debug_info    0x00000000      0x283 ..\obj\sequencer_button .o
 .debug_abbrev  0x00000000      0x121 ..\obj\sequencer_button .o
 .debug_aranges
                0x00000000       0x38 ..\obj\sequencer_button .o
 .debug_ranges  0x00000000       0x28 ..\obj\sequencer_button .o
 .debug_line    0x00000000      0x28c ..\obj\sequencer_button .o
 .debug_str     0x00000000      0x4a9 ..\obj\sequencer_button .o
 .comment       0x00000000       0x71 ..\obj\sequencer_button .o
 .ARM.attributes
                0x00000000       0x33 ..\obj\sequencer_button .o
 .debug_frame   0x00000000       0x88 ..\obj\sequencer_button .o
 .text          0x00000000        0x0 ..\obj\main.o
 .data          0x00000000        0x0 ..\obj\main.o
 .bss           0x00000000        0x0 ..\obj\main.o
 .text          0x00000000        0x0 ..\obj\stm32f4xx_it.o
 .data          0x00000000        0x0 ..\obj\stm32f4xx_it.o
 .bss           0x00000000        0x0 ..\obj\stm32f4xx_it.o
 .text          0x00000000        0x0 ..\obj\stm32f4xx_hal_flash.o
 .data          0x00000000        0x0 ..\obj\stm32f4xx_hal_flash.o
 .bss           0x00000000        0x0 ..\obj\stm32f4xx_hal_flash.o
 .text.HAL_FLASH_Program
                0x00000000       0xa8 ..\obj\stm32f4xx_hal_flash.o
 .text.HAL_FLASH_Program_IT
                0x00000000       0x9c ..\obj\stm32f4xx_hal_flash.o
 .text.HAL_FLASH_IRQHandler
                0x00000000      0x140 ..\obj\stm32f4xx_hal_flash.o
 .text.HAL_FLASH_EndOfOperationCallback
                0x00000000       0x14 ..\obj\stm32f4xx_hal_flash.o
 .text.HAL_FLASH_OperationErrorCallback
                0x00000000       0x14 ..\obj\stm32f4xx_hal_flash.o
 .text.HAL_FLASH_Unlock
                0x00000000       0x34 ..\obj\stm32f4xx_hal_flash.o
 .text.HAL_FLASH_Lock
                0x00000000       0x20 ..\obj\stm32f4xx_hal_flash.o
 .text.HAL_FLASH_OB_Unlock
                0x00000000       0x38 ..\obj\stm32f4xx_hal_flash.o
 .text.HAL_FLASH_OB_Lock
                0x00000000       0x20 ..\obj\stm32f4xx_hal_flash.o
 .text.HAL_FLASH_OB_Launch
                0x00000000       0x28 ..\obj\stm32f4xx_hal_flash.o
 .text.HAL_FLASH_GetError
                0x00000000       0x18 ..\obj\stm32f4xx_hal_flash.o
 .text.FLASH_WaitForLastOperation
                0x00000000       0x84 ..\obj\stm32f4xx_hal_flash.o
 .text.FLASH_Program_DoubleWord
                0x00000000       0x48 ..\obj\stm32f4xx_hal_flash.o
 .text.FLASH_Program_Word
                0x00000000       0x44 ..\obj\stm32f4xx_hal_flash.o
 .text.FLASH_Program_HalfWord
                0x00000000       0x44 ..\obj\stm32f4xx_hal_flash.o
 .text.FLASH_Program_Byte
                0x00000000       0x40 ..\obj\stm32f4xx_hal_flash.o
 .text.FLASH_SetErrorCode
                0x00000000       0xcc ..\obj\stm32f4xx_hal_flash.o
 .debug_info    0x00000000      0x542 ..\obj\stm32f4xx_hal_flash.o
 .debug_abbrev  0x00000000      0x1dd ..\obj\stm32f4xx_hal_flash.o
 .debug_aranges
                0x00000000       0xa0 ..\obj\stm32f4xx_hal_flash.o
 .debug_ranges  0x00000000       0x90 ..\obj\stm32f4xx_hal_flash.o
 .debug_line    0x00000000      0x44d ..\obj\stm32f4xx_hal_flash.o
 .debug_str     0x00000000      0x51d ..\obj\stm32f4xx_hal_flash.o
 .comment       0x00000000       0x71 ..\obj\stm32f4xx_hal_flash.o
 .ARM.attributes
                0x00000000       0x33 ..\obj\stm32f4xx_hal_flash.o
 .debug_frame   0x00000000      0x1e4 ..\obj\stm32f4xx_hal_flash.o
 COMMON         0x00000000       0x20 ..\obj\stm32f4xx_hal_flash.o
 .text          0x00000000        0x0 ..\obj\stm32f4xx_hal_pwr.o
 .data          0x00000000        0x0 ..\obj\stm32f4xx_hal_pwr.o
 .bss           0x00000000        0x0 ..\obj\stm32f4xx_hal_pwr.o
 .text.HAL_PWR_DeInit
                0x00000000       0x28 ..\obj\stm32f4xx_hal_pwr.o
 .text.HAL_PWR_EnableBkUpAccess
                0x00000000       0x34 ..\obj\stm32f4xx_hal_pwr.o
 .text.HAL_PWR_DisableBkUpAccess
                0x00000000       0x34 ..\obj\stm32f4xx_hal_pwr.o
 .text.HAL_PWR_ConfigPVD
                0x00000000       0xbc ..\obj\stm32f4xx_hal_pwr.o
 .text.HAL_PWR_EnablePVD
                0x00000000       0x30 ..\obj\stm32f4xx_hal_pwr.o
 .text.HAL_PWR_DisablePVD
                0x00000000       0x30 ..\obj\stm32f4xx_hal_pwr.o
 .text.HAL_PWR_EnableWakeUpPin
                0x00000000       0x24 ..\obj\stm32f4xx_hal_pwr.o
 .text.HAL_PWR_DisableWakeUpPin
                0x00000000       0x24 ..\obj\stm32f4xx_hal_pwr.o
 .text.HAL_PWR_EnterSLEEPMode
                0x00000000       0x38 ..\obj\stm32f4xx_hal_pwr.o
 .text.HAL_PWR_EnterSTOPMode
                0x00000000       0x58 ..\obj\stm32f4xx_hal_pwr.o
 .text.HAL_PWR_EnterSTANDBYMode
                0x00000000       0x30 ..\obj\stm32f4xx_hal_pwr.o
 .text.HAL_PWR_PVD_IRQHandler
                0x00000000       0x24 ..\obj\stm32f4xx_hal_pwr.o
 .text.HAL_PWR_PVDCallback
                0x00000000        0xc ..\obj\stm32f4xx_hal_pwr.o
 .text.HAL_PWR_EnableSleepOnExit
                0x00000000       0x1c ..\obj\stm32f4xx_hal_pwr.o
 .text.HAL_PWR_DisableSleepOnExit
                0x00000000       0x1c ..\obj\stm32f4xx_hal_pwr.o
 .text.HAL_PWR_EnableSEVOnPend
                0x00000000       0x1c ..\obj\stm32f4xx_hal_pwr.o
 .text.HAL_PWR_DisableSEVOnPend
                0x00000000       0x1c ..\obj\stm32f4xx_hal_pwr.o
 .debug_info    0x00000000      0x833 ..\obj\stm32f4xx_hal_pwr.o
 .debug_abbrev  0x00000000      0x1f3 ..\obj\stm32f4xx_hal_pwr.o
 .debug_aranges
                0x00000000       0xa0 ..\obj\stm32f4xx_hal_pwr.o
 .debug_ranges  0x00000000       0x90 ..\obj\stm32f4xx_hal_pwr.o
 .debug_line    0x00000000      0x402 ..\obj\stm32f4xx_hal_pwr.o
 .debug_str     0x00000000      0x567 ..\obj\stm32f4xx_hal_pwr.o
 .comment       0x00000000       0x71 ..\obj\stm32f4xx_hal_pwr.o
 .ARM.attributes
                0x00000000       0x33 ..\obj\stm32f4xx_hal_pwr.o
 .debug_frame   0x00000000      0x1d0 ..\obj\stm32f4xx_hal_pwr.o
 .text          0x00000000        0x0 ..\obj\printf.o
 .bss           0x00000000        0x0 ..\obj\printf.o
 .text.snprintf
                0x00000000       0x30 ..\obj\printf.o
 .text.fprintf  0x00000000       0x2c ..\obj\printf.o
 .text.sprintf  0x00000000       0x2c ..\obj\printf.o
 .text.puts     0x00000000       0x24 ..\obj\printf.o
 .text          0x00000000        0x0 ..\obj\stm32f4xx_hal.o
 .data          0x00000000        0x0 ..\obj\stm32f4xx_hal.o
 .text.HAL_DeInit
                0x00000000       0x58 ..\obj\stm32f4xx_hal.o
 .text.HAL_MspInit
                0x00000000        0xc ..\obj\stm32f4xx_hal.o
 .text.HAL_MspDeInit
                0x00000000        0xc ..\obj\stm32f4xx_hal.o
 .text.HAL_Delay
                0x00000000       0x2c ..\obj\stm32f4xx_hal.o
 .text.HAL_SuspendTick
                0x00000000       0x1c ..\obj\stm32f4xx_hal.o
 .text.HAL_ResumeTick
                0x00000000       0x1c ..\obj\stm32f4xx_hal.o
 .text.HAL_GetHalVersion
                0x00000000       0x14 ..\obj\stm32f4xx_hal.o
 .text.HAL_GetREVID
                0x00000000       0x18 ..\obj\stm32f4xx_hal.o
 .text.HAL_GetDEVID
                0x00000000       0x1c ..\obj\stm32f4xx_hal.o
 .text.HAL_DBGMCU_EnableDBGSleepMode
                0x00000000       0x1c ..\obj\stm32f4xx_hal.o
 .text.HAL_DBGMCU_DisableDBGSleepMode
                0x00000000       0x1c ..\obj\stm32f4xx_hal.o
 .text.HAL_DBGMCU_EnableDBGStopMode
                0x00000000       0x1c ..\obj\stm32f4xx_hal.o
 .text.HAL_DBGMCU_DisableDBGStopMode
                0x00000000       0x1c ..\obj\stm32f4xx_hal.o
 .text.HAL_DBGMCU_EnableDBGStandbyMode
                0x00000000       0x1c ..\obj\stm32f4xx_hal.o
 .text.HAL_DBGMCU_DisableDBGStandbyMode
                0x00000000       0x1c ..\obj\stm32f4xx_hal.o
 .text.HAL_EnableCompensationCell
                0x00000000       0x34 ..\obj\stm32f4xx_hal.o
 .text.HAL_DisableCompensationCell
                0x00000000       0x34 ..\obj\stm32f4xx_hal.o
 .text          0x00000000        0x0 ..\obj\stm32f4xx_hal_dma_ex.o
 .data          0x00000000        0x0 ..\obj\stm32f4xx_hal_dma_ex.o
 .bss           0x00000000        0x0 ..\obj\stm32f4xx_hal_dma_ex.o
 .text.HAL_DMAEx_MultiBufferStart
                0x00000000       0xa0 ..\obj\stm32f4xx_hal_dma_ex.o
 .text.HAL_DMAEx_MultiBufferStart_IT
                0x00000000       0xf0 ..\obj\stm32f4xx_hal_dma_ex.o
 .text.HAL_DMAEx_ChangeMemory
                0x00000000       0x34 ..\obj\stm32f4xx_hal_dma_ex.o
 .text.DMA_MultiBufferSetConfig
                0x00000000       0x4c ..\obj\stm32f4xx_hal_dma_ex.o
 .debug_info    0x00000000      0x4a7 ..\obj\stm32f4xx_hal_dma_ex.o
 .debug_abbrev  0x00000000      0x12d ..\obj\stm32f4xx_hal_dma_ex.o
 .debug_aranges
                0x00000000       0x38 ..\obj\stm32f4xx_hal_dma_ex.o
 .debug_ranges  0x00000000       0x28 ..\obj\stm32f4xx_hal_dma_ex.o
 .debug_line    0x00000000      0x2fb ..\obj\stm32f4xx_hal_dma_ex.o
 .debug_str     0x00000000      0x58b ..\obj\stm32f4xx_hal_dma_ex.o
 .comment       0x00000000       0x71 ..\obj\stm32f4xx_hal_dma_ex.o
 .ARM.attributes
                0x00000000       0x33 ..\obj\stm32f4xx_hal_dma_ex.o
 .debug_frame   0x00000000       0x88 ..\obj\stm32f4xx_hal_dma_ex.o
 .text          0x00000000        0x0 ..\obj\stm32f4xx_hal_rcc_ex.o
 .data          0x00000000        0x0 ..\obj\stm32f4xx_hal_rcc_ex.o
 .bss           0x00000000        0x0 ..\obj\stm32f4xx_hal_rcc_ex.o
 .text.HAL_RCC_DeInit
                0x00000000       0x78 ..\obj\stm32f4xx_hal_rcc_ex.o
 .text.HAL_RCCEx_PeriphCLKConfig
                0x00000000      0x1d0 ..\obj\stm32f4xx_hal_rcc_ex.o
 .text.HAL_RCCEx_GetPeriphCLKConfig
                0x00000000       0x84 ..\obj\stm32f4xx_hal_rcc_ex.o
 .debug_info    0x00000000      0x4fe ..\obj\stm32f4xx_hal_rcc_ex.o
 .debug_abbrev  0x00000000      0x195 ..\obj\stm32f4xx_hal_rcc_ex.o
 .debug_aranges
                0x00000000       0x30 ..\obj\stm32f4xx_hal_rcc_ex.o
 .debug_ranges  0x00000000       0x20 ..\obj\stm32f4xx_hal_rcc_ex.o
 .debug_line    0x00000000      0x342 ..\obj\stm32f4xx_hal_rcc_ex.o
 .debug_str     0x00000000      0x42e ..\obj\stm32f4xx_hal_rcc_ex.o
 .comment       0x00000000       0x71 ..\obj\stm32f4xx_hal_rcc_ex.o
 .ARM.attributes
                0x00000000       0x33 ..\obj\stm32f4xx_hal_rcc_ex.o
 .debug_frame   0x00000000       0x64 ..\obj\stm32f4xx_hal_rcc_ex.o
 .text          0x00000000        0x0 ..\obj\error.o
 .data          0x00000000        0x0 ..\obj\error.o
 .bss           0x00000000        0x0 ..\obj\error.o
 .debug_line    0x00000000        0x0 ..\obj\error.o
 .debug_str     0x00000000        0x0 ..\obj\error.o
 .comment       0x00000000       0x71 ..\obj\error.o
 .ARM.attributes
                0x00000000       0x33 ..\obj\error.o
 .text          0x00000000        0x0 ..\obj\stm32f4xx_hal_rcc.o
 .data          0x00000000        0x0 ..\obj\stm32f4xx_hal_rcc.o
 .bss           0x00000000        0x0 ..\obj\stm32f4xx_hal_rcc.o
 .text.HAL_RCC_DeInit
                0x00000000        0xc ..\obj\stm32f4xx_hal_rcc.o
 .text.HAL_RCC_ClockConfig
                0x00000000      0x31c ..\obj\stm32f4xx_hal_rcc.o
 .text.HAL_RCC_MCOConfig
                0x00000000       0xcc ..\obj\stm32f4xx_hal_rcc.o
 .text.HAL_RCC_EnableCSS
                0x00000000       0x18 ..\obj\stm32f4xx_hal_rcc.o
 .text.HAL_RCC_DisableCSS
                0x00000000       0x18 ..\obj\stm32f4xx_hal_rcc.o
 .text.HAL_RCC_GetOscConfig
                0x00000000      0x170 ..\obj\stm32f4xx_hal_rcc.o
 .text.HAL_RCC_GetClockConfig
                0x00000000       0x60 ..\obj\stm32f4xx_hal_rcc.o
 .text.HAL_RCC_NMI_IRQHandler
                0x00000000       0x24 ..\obj\stm32f4xx_hal_rcc.o
 .text.HAL_RCC_CSSCallback
                0x00000000        0xc ..\obj\stm32f4xx_hal_rcc.o
 .text          0x00000000        0x0 ..\obj\stm32f4xx_hal_flash_ex.o
 .data          0x00000000        0x0 ..\obj\stm32f4xx_hal_flash_ex.o
 .bss           0x00000000        0x0 ..\obj\stm32f4xx_hal_flash_ex.o
 .text.HAL_FLASHEx_Erase
                0x00000000       0xe0 ..\obj\stm32f4xx_hal_flash_ex.o
 .text.HAL_FLASHEx_Erase_IT
                0x00000000       0xac ..\obj\stm32f4xx_hal_flash_ex.o
 .text.HAL_FLASHEx_OBProgram
                0x00000000       0xe0 ..\obj\stm32f4xx_hal_flash_ex.o
 .text.HAL_FLASHEx_OBGetConfig
                0x00000000       0x44 ..\obj\stm32f4xx_hal_flash_ex.o
 .text.HAL_FLASHEx_AdvOBProgram
                0x00000000       0x48 ..\obj\stm32f4xx_hal_flash_ex.o
 .text.HAL_FLASHEx_AdvOBGetConfig
                0x00000000       0x20 ..\obj\stm32f4xx_hal_flash_ex.o
 .text.HAL_FLASHEx_OB_SelectPCROP
                0x00000000       0x34 ..\obj\stm32f4xx_hal_flash_ex.o
 .text.HAL_FLASHEx_OB_DeSelectPCROP
                0x00000000       0x30 ..\obj\stm32f4xx_hal_flash_ex.o
 .text.FLASH_MassErase
                0x00000000       0x50 ..\obj\stm32f4xx_hal_flash_ex.o
 .text.FLASH_Erase_Sector
                0x00000000       0xa4 ..\obj\stm32f4xx_hal_flash_ex.o
 .text.FLASH_OB_EnableWRP
                0x00000000       0x44 ..\obj\stm32f4xx_hal_flash_ex.o
 .text.FLASH_OB_DisableWRP
                0x00000000       0x40 ..\obj\stm32f4xx_hal_flash_ex.o
 .text.FLASH_OB_EnablePCROP
                0x00000000       0x40 ..\obj\stm32f4xx_hal_flash_ex.o
 .text.FLASH_OB_DisablePCROP
                0x00000000       0x44 ..\obj\stm32f4xx_hal_flash_ex.o
 .text.FLASH_OB_RDP_LevelConfig
                0x00000000       0x34 ..\obj\stm32f4xx_hal_flash_ex.o
 .text.FLASH_OB_UserConfig
                0x00000000       0x60 ..\obj\stm32f4xx_hal_flash_ex.o
 .text.FLASH_OB_BOR_LevelConfig
                0x00000000       0x3c ..\obj\stm32f4xx_hal_flash_ex.o
 .text.FLASH_OB_GetUser
                0x00000000       0x20 ..\obj\stm32f4xx_hal_flash_ex.o
 .text.FLASH_OB_GetWRP
                0x00000000       0x18 ..\obj\stm32f4xx_hal_flash_ex.o
 .text.FLASH_OB_GetRDP
                0x00000000       0x40 ..\obj\stm32f4xx_hal_flash_ex.o
 .text.FLASH_OB_GetBOR
                0x00000000       0x20 ..\obj\stm32f4xx_hal_flash_ex.o
 .text.FLASH_FlushCaches
                0x00000000       0x88 ..\obj\stm32f4xx_hal_flash_ex.o
 .debug_info    0x00000000      0x835 ..\obj\stm32f4xx_hal_flash_ex.o
 .debug_abbrev  0x00000000      0x273 ..\obj\stm32f4xx_hal_flash_ex.o
 .debug_aranges
                0x00000000       0xc8 ..\obj\stm32f4xx_hal_flash_ex.o
 .debug_ranges  0x00000000       0xb8 ..\obj\stm32f4xx_hal_flash_ex.o
 .debug_line    0x00000000      0x4ff ..\obj\stm32f4xx_hal_flash_ex.o
 .debug_str     0x00000000      0x670 ..\obj\stm32f4xx_hal_flash_ex.o
 .comment       0x00000000       0x71 ..\obj\stm32f4xx_hal_flash_ex.o
 .ARM.attributes
                0x00000000       0x33 ..\obj\stm32f4xx_hal_flash_ex.o
 .debug_frame   0x00000000      0x294 ..\obj\stm32f4xx_hal_flash_ex.o
 .text          0x00000000        0x0 ..\obj\sequencer.o
 .data          0x00000000        0x0 ..\obj\sequencer.o
 .bss           0x00000000        0x0 ..\obj\sequencer.o
 .text.seq_init
                0x00000000       0x18 ..\obj\sequencer.o
 .text.seq      0x00000000       0x64 ..\obj\sequencer.o
 .debug_info    0x00000000      0x1e0 ..\obj\sequencer.o
 .debug_abbrev  0x00000000       0xd3 ..\obj\sequencer.o
 .debug_aranges
                0x00000000       0x28 ..\obj\sequencer.o
 .debug_ranges  0x00000000       0x18 ..\obj\sequencer.o
 .debug_line    0x00000000      0x2a6 ..\obj\sequencer.o
 .debug_str     0x00000000      0x451 ..\obj\sequencer.o
 .comment       0x00000000       0x71 ..\obj\sequencer.o
 .ARM.attributes
                0x00000000       0x33 ..\obj\sequencer.o
 .debug_frame   0x00000000       0x4c ..\obj\sequencer.o
 .text          0x00000000        0x0 ..\obj\stm32f4xx_hal_cortex.o
 .data          0x00000000        0x0 ..\obj\stm32f4xx_hal_cortex.o
 .bss           0x00000000        0x0 ..\obj\stm32f4xx_hal_cortex.o
 .text.NVIC_DisableIRQ
                0x00000000       0x34 ..\obj\stm32f4xx_hal_cortex.o
 .text.NVIC_GetPendingIRQ
                0x00000000       0x38 ..\obj\stm32f4xx_hal_cortex.o
 .text.NVIC_SetPendingIRQ
                0x00000000       0x34 ..\obj\stm32f4xx_hal_cortex.o
 .text.NVIC_ClearPendingIRQ
                0x00000000       0x34 ..\obj\stm32f4xx_hal_cortex.o
 .text.NVIC_GetActive
                0x00000000       0x38 ..\obj\stm32f4xx_hal_cortex.o
 .text.NVIC_GetPriority
                0x00000000       0x50 ..\obj\stm32f4xx_hal_cortex.o
 .text.NVIC_DecodePriority
                0x00000000       0x68 ..\obj\stm32f4xx_hal_cortex.o
 .text.NVIC_SystemReset
                0x00000000       0x28 ..\obj\stm32f4xx_hal_cortex.o
 .text.HAL_NVIC_DisableIRQ
                0x00000000       0x1c ..\obj\stm32f4xx_hal_cortex.o
 .text.HAL_NVIC_SystemReset
                0x00000000        0xc ..\obj\stm32f4xx_hal_cortex.o
 .text.HAL_MPU_ConfigRegion
                0x00000000       0x84 ..\obj\stm32f4xx_hal_cortex.o
 .text.HAL_NVIC_GetPriorityGrouping
                0x00000000       0x10 ..\obj\stm32f4xx_hal_cortex.o
 .text.HAL_NVIC_GetPriority
                0x00000000       0x30 ..\obj\stm32f4xx_hal_cortex.o
 .text.HAL_NVIC_SetPendingIRQ
                0x00000000       0x1c ..\obj\stm32f4xx_hal_cortex.o
 .text.HAL_NVIC_GetPendingIRQ
                0x00000000       0x20 ..\obj\stm32f4xx_hal_cortex.o
 .text.HAL_NVIC_ClearPendingIRQ
                0x00000000       0x1c ..\obj\stm32f4xx_hal_cortex.o
 .text.HAL_NVIC_GetActive
                0x00000000       0x20 ..\obj\stm32f4xx_hal_cortex.o
 .text          0x00000000        0x0 ..\obj\system_stm32f4xx.o
 .bss           0x00000000        0x0 ..\obj\system_stm32f4xx.o
 .rodata        0x00000000       0x10 ..\obj\system_stm32f4xx.o
 .text.SystemInit
                0x00000000       0x5c ..\obj\system_stm32f4xx.o
 .text.SystemCoreClockUpdate
                0x00000000       0xf4 ..\obj\system_stm32f4xx.o
 .text          0x00000000        0x0 ..\obj\sequencer_led .o
 .data          0x00000000        0x0 ..\obj\sequencer_led .o
 .bss           0x00000000       0x10 ..\obj\sequencer_led .o
 .text.sequencer_led_init
                0x00000000       0x3c ..\obj\sequencer_led .o
 .text.sequencer_led_set_blink_action
                0x00000000       0x6c ..\obj\sequencer_led .o
 .text.sequencer_led_execute
                0x00000000       0x50 ..\obj\sequencer_led .o
 .text.sequencer_led_get_time_cycle
                0x00000000       0x80 ..\obj\sequencer_led .o
 .text.sequencer_led_get_blink_time
                0x00000000       0x58 ..\obj\sequencer_led .o
 .text.sequencer_led_blink_button_seq
                0x00000000       0x50 ..\obj\sequencer_led .o
 .text.sequencer_led_blink_mode_seq
                0x00000000       0x2c ..\obj\sequencer_led .o
 .debug_info    0x00000000      0x307 ..\obj\sequencer_led .o
 .debug_abbrev  0x00000000      0x112 ..\obj\sequencer_led .o
 .debug_aranges
                0x00000000       0x50 ..\obj\sequencer_led .o
 .debug_ranges  0x00000000       0x40 ..\obj\sequencer_led .o
 .debug_line    0x00000000      0x2fb ..\obj\sequencer_led .o
 .debug_str     0x00000000      0x5b4 ..\obj\sequencer_led .o
 .comment       0x00000000       0x71 ..\obj\sequencer_led .o
 .ARM.attributes
                0x00000000       0x33 ..\obj\sequencer_led .o
 .debug_frame   0x00000000       0xe4 ..\obj\sequencer_led .o
 .text          0x00000000        0x0 ..\obj\stm32f4xx_hal_gpio.o
 .data          0x00000000        0x0 ..\obj\stm32f4xx_hal_gpio.o
 .bss           0x00000000        0x0 ..\obj\stm32f4xx_hal_gpio.o
 .text.HAL_GPIO_DeInit
                0x00000000      0x1c4 ..\obj\stm32f4xx_hal_gpio.o
 .text.HAL_GPIO_ReadPin
                0x00000000       0x30 ..\obj\stm32f4xx_hal_gpio.o
 .text.HAL_GPIO_TogglePin
                0x00000000       0x24 ..\obj\stm32f4xx_hal_gpio.o
 .text.HAL_GPIO_LockPin
                0x00000000       0x50 ..\obj\stm32f4xx_hal_gpio.o
 .text.HAL_GPIO_EXTI_IRQHandler
                0x00000000       0x30 ..\obj\stm32f4xx_hal_gpio.o
 .text.HAL_GPIO_EXTI_Callback
                0x00000000       0x14 ..\obj\stm32f4xx_hal_gpio.o
 .text          0x00000000        0x0 ..\obj\stm32f4xx_hal_pwr_ex.o
 .data          0x00000000        0x0 ..\obj\stm32f4xx_hal_pwr_ex.o
 .bss           0x00000000        0x0 ..\obj\stm32f4xx_hal_pwr_ex.o
 .text.HAL_PWREx_EnableBkUpReg
                0x00000000       0x64 ..\obj\stm32f4xx_hal_pwr_ex.o
 .text.HAL_PWREx_DisableBkUpReg
                0x00000000       0x64 ..\obj\stm32f4xx_hal_pwr_ex.o
 .text.HAL_PWREx_EnableFlashPowerDown
                0x00000000       0x34 ..\obj\stm32f4xx_hal_pwr_ex.o
 .text.HAL_PWREx_DisableFlashPowerDown
                0x00000000       0x34 ..\obj\stm32f4xx_hal_pwr_ex.o
 .text.HAL_PWREx_GetVoltageRange
                0x00000000       0x1c ..\obj\stm32f4xx_hal_pwr_ex.o
 .text.HAL_PWREx_ControlVoltageScaling
                0x00000000       0xf0 ..\obj\stm32f4xx_hal_pwr_ex.o
 .text.HAL_PWREx_EnableMainRegulatorLowVoltage
                0x00000000       0x34 ..\obj\stm32f4xx_hal_pwr_ex.o
 .text.HAL_PWREx_DisableMainRegulatorLowVoltage
                0x00000000       0x34 ..\obj\stm32f4xx_hal_pwr_ex.o
 .text.HAL_PWREx_EnableLowRegulatorLowVoltage
                0x00000000       0x34 ..\obj\stm32f4xx_hal_pwr_ex.o
 .text.HAL_PWREx_DisableLowRegulatorLowVoltage
                0x00000000       0x34 ..\obj\stm32f4xx_hal_pwr_ex.o
 .debug_info    0x00000000      0x5dc ..\obj\stm32f4xx_hal_pwr_ex.o
 .debug_abbrev  0x00000000      0x1dc ..\obj\stm32f4xx_hal_pwr_ex.o
 .debug_aranges
                0x00000000       0x68 ..\obj\stm32f4xx_hal_pwr_ex.o
 .debug_ranges  0x00000000       0x58 ..\obj\stm32f4xx_hal_pwr_ex.o
 .debug_line    0x00000000      0x3c1 ..\obj\stm32f4xx_hal_pwr_ex.o
 .debug_str     0x00000000      0x4b6 ..\obj\stm32f4xx_hal_pwr_ex.o
 .comment       0x00000000       0x71 ..\obj\stm32f4xx_hal_pwr_ex.o
 .ARM.attributes
                0x00000000       0x33 ..\obj\stm32f4xx_hal_pwr_ex.o
 .debug_frame   0x00000000      0x130 ..\obj\stm32f4xx_hal_pwr_ex.o
 .text          0x00000000        0x0 ..\obj\stm32f4xx_hal_tim_ex.o
 .data          0x00000000        0x0 ..\obj\stm32f4xx_hal_tim_ex.o
 .bss           0x00000000        0x0 ..\obj\stm32f4xx_hal_tim_ex.o
 .text.HAL_TIMEx_HallSensor_Init
                0x00000000      0x11c ..\obj\stm32f4xx_hal_tim_ex.o
 .text.HAL_TIMEx_HallSensor_DeInit
                0x00000000       0x60 ..\obj\stm32f4xx_hal_tim_ex.o
 .text.HAL_TIMEx_HallSensor_MspInit
                0x00000000       0x14 ..\obj\stm32f4xx_hal_tim_ex.o
 .text.HAL_TIMEx_HallSensor_MspDeInit
                0x00000000       0x14 ..\obj\stm32f4xx_hal_tim_ex.o
 .text.HAL_TIMEx_HallSensor_Start
                0x00000000       0x30 ..\obj\stm32f4xx_hal_tim_ex.o
 .text.HAL_TIMEx_HallSensor_Stop
                0x00000000       0x50 ..\obj\stm32f4xx_hal_tim_ex.o
 .text.HAL_TIMEx_HallSensor_Start_IT
                0x00000000       0x40 ..\obj\stm32f4xx_hal_tim_ex.o
 .text.HAL_TIMEx_HallSensor_Stop_IT
                0x00000000       0x60 ..\obj\stm32f4xx_hal_tim_ex.o
 .text.HAL_TIMEx_HallSensor_Start_DMA
                0x00000000       0xa8 ..\obj\stm32f4xx_hal_tim_ex.o
 .text.HAL_TIMEx_HallSensor_Stop_DMA
                0x00000000       0x60 ..\obj\stm32f4xx_hal_tim_ex.o
 .text.HAL_TIMEx_OCN_Start
                0x00000000       0x44 ..\obj\stm32f4xx_hal_tim_ex.o
 .text.HAL_TIMEx_OCN_Stop
                0x00000000       0x84 ..\obj\stm32f4xx_hal_tim_ex.o
 .text.HAL_TIMEx_OCN_Start_IT
                0x00000000       0xe0 ..\obj\stm32f4xx_hal_tim_ex.o
 .text.HAL_TIMEx_OCN_Stop_IT
                0x00000000      0x130 ..\obj\stm32f4xx_hal_tim_ex.o
 .text.HAL_TIMEx_OCN_Start_DMA
                0x00000000      0x1a0 ..\obj\stm32f4xx_hal_tim_ex.o
 .text.HAL_TIMEx_OCN_Stop_DMA
                0x00000000      0x118 ..\obj\stm32f4xx_hal_tim_ex.o
 .text.HAL_TIMEx_PWMN_Start
                0x00000000       0x44 ..\obj\stm32f4xx_hal_tim_ex.o
 .text.HAL_TIMEx_PWMN_Stop
                0x00000000       0x84 ..\obj\stm32f4xx_hal_tim_ex.o
 .text.HAL_TIMEx_PWMN_Start_IT
                0x00000000       0xe0 ..\obj\stm32f4xx_hal_tim_ex.o
 .text.HAL_TIMEx_PWMN_Stop_IT
                0x00000000      0x130 ..\obj\stm32f4xx_hal_tim_ex.o
 .text.HAL_TIMEx_PWMN_Start_DMA
                0x00000000      0x1a0 ..\obj\stm32f4xx_hal_tim_ex.o
 .text.HAL_TIMEx_PWMN_Stop_DMA
                0x00000000      0x118 ..\obj\stm32f4xx_hal_tim_ex.o
 .text.HAL_TIMEx_OnePulseN_Start
                0x00000000       0x34 ..\obj\stm32f4xx_hal_tim_ex.o
 .text.HAL_TIMEx_OnePulseN_Stop
                0x00000000       0x84 ..\obj\stm32f4xx_hal_tim_ex.o
 .text.HAL_TIMEx_OnePulseN_Start_IT
                0x00000000       0x54 ..\obj\stm32f4xx_hal_tim_ex.o
 .text.HAL_TIMEx_OnePulseN_Stop_IT
                0x00000000       0xa4 ..\obj\stm32f4xx_hal_tim_ex.o
 .text.HAL_TIMEx_ConfigCommutationEvent
                0x00000000       0xa0 ..\obj\stm32f4xx_hal_tim_ex.o
 .text.HAL_TIMEx_ConfigCommutationEvent_IT
                0x00000000       0xb0 ..\obj\stm32f4xx_hal_tim_ex.o
 .text.HAL_TIMEx_ConfigCommutationEvent_DMA
                0x00000000       0xc8 ..\obj\stm32f4xx_hal_tim_ex.o
 .text.HAL_TIMEx_MasterConfigSynchronization
                0x00000000       0x8c ..\obj\stm32f4xx_hal_tim_ex.o
 .text.HAL_TIMEx_ConfigBreakDeadTime
                0x00000000       0x74 ..\obj\stm32f4xx_hal_tim_ex.o
 .text.HAL_TIMEx_RemapConfig
                0x00000000       0x48 ..\obj\stm32f4xx_hal_tim_ex.o
 .text.HAL_TIMEx_CommutationCallback
                0x00000000       0x14 ..\obj\stm32f4xx_hal_tim_ex.o
 .text.HAL_TIMEx_BreakCallback
                0x00000000       0x14 ..\obj\stm32f4xx_hal_tim_ex.o
 .text.HAL_TIMEx_HallSensor_GetState
                0x00000000       0x1c ..\obj\stm32f4xx_hal_tim_ex.o
 .text.TIMEx_DMACommutationCplt
                0x00000000       0x24 ..\obj\stm32f4xx_hal_tim_ex.o
 .text.TIM_CCxNChannelCmd
                0x00000000       0x44 ..\obj\stm32f4xx_hal_tim_ex.o
 .debug_info    0x00000000      0xf34 ..\obj\stm32f4xx_hal_tim_ex.o
 .debug_abbrev  0x00000000      0x20a ..\obj\stm32f4xx_hal_tim_ex.o
 .debug_aranges
                0x00000000      0x140 ..\obj\stm32f4xx_hal_tim_ex.o
 .debug_ranges  0x00000000      0x130 ..\obj\stm32f4xx_hal_tim_ex.o
 .debug_line    0x00000000      0x7e4 ..\obj\stm32f4xx_hal_tim_ex.o
 .debug_str     0x00000000      0xc5c ..\obj\stm32f4xx_hal_tim_ex.o
 .comment       0x00000000       0x71 ..\obj\stm32f4xx_hal_tim_ex.o
 .ARM.attributes
                0x00000000       0x33 ..\obj\stm32f4xx_hal_tim_ex.o
 .debug_frame   0x00000000      0x480 ..\obj\stm32f4xx_hal_tim_ex.o
 .text          0x00000000        0x0 ..\obj\lsm9_driver.o
 .data          0x00000000        0x0 ..\obj\lsm9_driver.o
 .bss           0x00000000        0x0 ..\obj\lsm9_driver.o
 .text.lsm9_driver_get_data
                0x00000000       0x30 ..\obj\lsm9_driver.o
 .text.lsm9_driver_get_accelerometry
                0x00000000       0x78 ..\obj\lsm9_driver.o
 .text.lsm9_driver_get_gyroscope
                0x00000000       0x78 ..\obj\lsm9_driver.o
 .text.lsm9_driver_read_register
                0x00000000       0x78 ..\obj\lsm9_driver.o
 .text.lsm9_driver_write_registers
                0x00000000       0xcc ..\obj\lsm9_driver.o
 .text          0x00000000        0x0 ..\obj\stm32f4xx_hal_dma.o
 .data          0x00000000        0x0 ..\obj\stm32f4xx_hal_dma.o
 .bss           0x00000000        0x0 ..\obj\stm32f4xx_hal_dma.o
 .text.HAL_DMA_Init
                0x00000000       0xd8 ..\obj\stm32f4xx_hal_dma.o
 .text.HAL_DMA_DeInit
                0x00000000       0x9c ..\obj\stm32f4xx_hal_dma.o
 .text.HAL_DMA_Start
                0x00000000       0x64 ..\obj\stm32f4xx_hal_dma.o
 .text.HAL_DMA_Start_IT
                0x00000000       0x84 ..\obj\stm32f4xx_hal_dma.o
 .text.HAL_DMA_Abort
                0x00000000       0x7c ..\obj\stm32f4xx_hal_dma.o
 .text.HAL_DMA_PollForTransfer
                0x00000000      0x208 ..\obj\stm32f4xx_hal_dma.o
 .text.HAL_DMA_IRQHandler
                0x00000000      0x2d8 ..\obj\stm32f4xx_hal_dma.o
 .text.HAL_DMA_GetState
                0x00000000       0x1c ..\obj\stm32f4xx_hal_dma.o
 .text.HAL_DMA_GetError
                0x00000000       0x18 ..\obj\stm32f4xx_hal_dma.o
 .text.DMA_SetConfig
                0x00000000       0x5c ..\obj\stm32f4xx_hal_dma.o
 .text.DMA_CalcBaseAndBitshift
                0x00000000       0x6c ..\obj\stm32f4xx_hal_dma.o
 .rodata        0x00000000        0x8 ..\obj\stm32f4xx_hal_dma.o
 .debug_info    0x00000000      0x6e2 ..\obj\stm32f4xx_hal_dma.o
 .debug_abbrev  0x00000000      0x1cc ..\obj\stm32f4xx_hal_dma.o
 .debug_aranges
                0x00000000       0x70 ..\obj\stm32f4xx_hal_dma.o
 .debug_ranges  0x00000000       0x60 ..\obj\stm32f4xx_hal_dma.o
 .debug_line    0x00000000      0x44f ..\obj\stm32f4xx_hal_dma.o
 .debug_str     0x00000000      0x650 ..\obj\stm32f4xx_hal_dma.o
 .comment       0x00000000       0x71 ..\obj\stm32f4xx_hal_dma.o
 .ARM.attributes
                0x00000000       0x33 ..\obj\stm32f4xx_hal_dma.o
 .debug_frame   0x00000000      0x160 ..\obj\stm32f4xx_hal_dma.o

Memory Configuration

Name             Origin             Length             Attributes
rom              0x08000000         0x00020000         xr
ram              0x20000000         0x00010000         xrw
*default*        0x00000000         0xffffffff

Linker script and memory map

                0x20010000                _eram = 0x20010000

.text           0x08000000     0x2a54
 *(.isr_vector)
 .isr_vector    0x08000000      0x188 ..\obj\startup_stm32f4xx.o
                0x08000000                g_pfnVectors
 *(.text*)
 .text.HAL_SPI_Init
                0x08000188       0xcc ..\obj\stm32f4xx_hal_spi.o
                0x08000188                HAL_SPI_Init
 .text.HAL_SPI_TransmitReceive
                0x08000254      0x4b8 ..\obj\stm32f4xx_hal_spi.o
                0x08000254                HAL_SPI_TransmitReceive
 .text.SPI_WaitOnFlagUntilTimeout
                0x0800070c      0x148 ..\obj\stm32f4xx_hal_spi.o
 .text.lsm9_spi_init
                0x08000854       0xa4 ..\obj\lsm9_spi.o
                0x08000854                lsm9_spi_init
 .text.lsm9_spi_transmit_receive_G
                0x080008f8       0x1c ..\obj\lsm9_spi.o
                0x080008f8                lsm9_spi_transmit_receive_G
 .text.lsm9_spi_transmit_receive_XM
                0x08000914       0x48 ..\obj\lsm9_spi.o
                0x08000914                lsm9_spi_transmit_receive_XM
 .text.HAL_MspInit
                0x0800095c       0x18 ..\obj\stm32f4xx_hal_msp.o
                0x0800095c                HAL_MspInit
 .text.HAL_SPI_MspInit
                0x08000974       0x84 ..\obj\stm32f4xx_hal_msp.o
                0x08000974                HAL_SPI_MspInit
 .text.HAL_TIM_Base_MspInit
                0x080009f8       0x40 ..\obj\stm32f4xx_hal_msp.o
                0x080009f8                HAL_TIM_Base_MspInit
 .text.HAL_UART_MspInit
                0x08000a38       0x60 ..\obj\stm32f4xx_hal_msp.o
                0x08000a38                HAL_UART_MspInit
 .text.HAL_UART_Init
                0x08000a98       0x94 ..\obj\stm32f4xx_hal_uart.o
                0x08000a98                HAL_UART_Init
 .text.HAL_UART_Transmit
                0x08000b2c      0x150 ..\obj\stm32f4xx_hal_uart.o
                0x08000b2c                HAL_UART_Transmit
 .text.UART_WaitOnFlagUntilTimeout
                0x08000c7c      0x134 ..\obj\stm32f4xx_hal_uart.o
 .text.UART_SetConfig
                0x08000db0      0x2dc ..\obj\stm32f4xx_hal_uart.o
 .text.HAL_TIM_Base_Init
                0x0800108c       0x58 ..\obj\stm32f4xx_hal_tim.o
                0x0800108c                HAL_TIM_Base_Init
 .text.HAL_TIM_Base_Start_IT
                0x080010e4       0x38 ..\obj\stm32f4xx_hal_tim.o
                0x080010e4                HAL_TIM_Base_Start_IT
 .text.TIM_Base_SetConfig
                0x0800111c      0x108 ..\obj\stm32f4xx_hal_tim.o
                0x0800111c                TIM_Base_SetConfig
 .text.uart_init
                0x08001224       0x6c ..\obj\uart.o
                0x08001224                uart_init
 .text.uart_send
                0x08001290       0x28 ..\obj\uart.o
                0x08001290                uart_send
 .text.Default_Reset_Handler
                0x080012b8       0x5c ..\obj\startup_stm32f4xx.o
                0x080012b8                Default_Reset_Handler
                0x080012b8                Reset_Handler
 .text.Default_Handler
                0x08001314        0x8 ..\obj\startup_stm32f4xx.o
                0x08001314                RTC_Alarm_IRQHandler
                0x08001314                HASH_RNG_IRQHandler
                0x08001314                EXTI2_IRQHandler
                0x08001314                TIM8_CC_IRQHandler
                0x08001314                DebugMon_Handler
                0x08001314                TIM1_CC_IRQHandler
                0x08001314                DMA2_Stream5_IRQHandler
                0x08001314                HardFault_Handler
                0x08001314                DMA1_Stream5_IRQHandler
                0x08001314                PVD_IRQHandler
                0x08001314                SDIO_IRQHandler
                0x08001314                TAMP_STAMP_IRQHandler
                0x08001314                PendSV_Handler
                0x08001314                NMI_Handler
                0x08001314                CAN2_RX1_IRQHandler
                0x08001314                EXTI3_IRQHandler
                0x08001314                TIM8_TRG_COM_TIM14_IRQHandler
                0x08001314                TIM1_UP_TIM10_IRQHandler
                0x08001314                TIM8_UP_TIM13_IRQHandler
                0x08001314                I2C3_ER_IRQHandler
                0x08001314                EXTI0_IRQHandler
                0x08001314                I2C2_EV_IRQHandler
                0x08001314                DMA1_Stream2_IRQHandler
                0x08001314                CAN1_RX0_IRQHandler
                0x08001314                FPU_IRQHandler
                0x08001314                OTG_HS_WKUP_IRQHandler
                0x08001314                UsageFault_Handler
                0x08001314                CAN2_SCE_IRQHandler
                0x08001314                DMA2_Stream2_IRQHandler
                0x08001314                SPI1_IRQHandler
                0x08001314                TIM6_DAC_IRQHandler
                0x08001314                TIM1_BRK_TIM9_IRQHandler
                0x08001314                DCMI_IRQHandler
                0x08001314                CAN2_RX0_IRQHandler
                0x08001314                DMA2_Stream3_IRQHandler
                0x08001314                USART6_IRQHandler
                0x08001314                USART3_IRQHandler
                0x08001314                CRYP_IRQHandler
                0x08001314                CAN1_RX1_IRQHandler
                0x08001314                UART5_IRQHandler
                0x08001314                DMA2_Stream0_IRQHandler
                0x08001314                I2C1_EV_IRQHandler
                0x08001314                DMA1_Stream6_IRQHandler
                0x08001314                DMA1_Stream1_IRQHandler
                0x08001314                UART4_IRQHandler
                0x08001314                TIM3_IRQHandler
                0x08001314                RCC_IRQHandler
                0x08001314                TIM8_BRK_TIM12_IRQHandler
                0x08001314                EXTI15_10_IRQHandler
                0x08001314                ADC_IRQHandler
                0x08001314                DMA1_Stream7_IRQHandler
                0x08001314                TIM7_IRQHandler
                0x08001314                CAN2_TX_IRQHandler
                0x08001314                TIM5_IRQHandler
                0x08001314                DMA2_Stream7_IRQHandler
                0x08001314                I2C3_EV_IRQHandler
                0x08001314                EXTI9_5_IRQHandler
                0x08001314                RTC_WKUP_IRQHandler
                0x08001314                ETH_WKUP_IRQHandler
                0x08001314                SPI2_IRQHandler
                0x08001314                OTG_HS_EP1_IN_IRQHandler
                0x08001314                MemManage_Handler
                0x08001314                DMA1_Stream0_IRQHandler
                0x08001314                CAN1_TX_IRQHandler
                0x08001314                SVC_Handler
                0x08001314                EXTI4_IRQHandler
                0x08001314                FSMC_IRQHandler
                0x08001314                ETH_IRQHandler
                0x08001314                OTG_HS_EP1_OUT_IRQHandler
                0x08001314                WWDG_IRQHandler
                0x08001314                TIM2_IRQHandler
                0x08001314                OTG_FS_WKUP_IRQHandler
                0x08001314                TIM1_TRG_COM_TIM11_IRQHandler
                0x08001314                OTG_HS_IRQHandler
                0x08001314                EXTI1_IRQHandler
                0x08001314                USART2_IRQHandler
                0x08001314                I2C2_ER_IRQHandler
                0x08001314                DMA2_Stream1_IRQHandler
                0x08001314                CAN1_SCE_IRQHandler
                0x08001314                FLASH_IRQHandler
                0x08001314                DMA2_Stream4_IRQHandler
                0x08001314                BusFault_Handler
                0x08001314                USART1_IRQHandler
                0x08001314                OTG_FS_IRQHandler
                0x08001314                SPI3_IRQHandler
                0x08001314                DMA1_Stream4_IRQHandler
                0x08001314                I2C1_ER_IRQHandler
                0x08001314                DMA2_Stream6_IRQHandler
                0x08001314                DMA1_Stream3_IRQHandler
 .text.main     0x0800131c       0x1c ..\obj\main.o
                0x0800131c                main
 .text.SystemClock_Config
                0x08001338       0x94 ..\obj\main.o
                0x08001338                SystemClock_Config
 .text.TIM4_init
                0x080013cc       0x6c ..\obj\main.o
                0x080013cc                TIM4_init
 .text.TIM4_IRQHandler
                0x08001438       0x54 ..\obj\main.o
                0x08001438                TIM4_IRQHandler
 .text.SysTick_Handler
                0x0800148c       0x10 ..\obj\stm32f4xx_it.o
                0x0800148c                SysTick_Handler
 .text.PrintChar
                0x0800149c       0x1c ..\obj\printf.o
                0x0800149c                PrintChar
 .text.PutChar  0x080014b8       0x20 ..\obj\printf.o
                0x080014b8                PutChar
 .text.PutString
                0x080014d8       0x3c ..\obj\printf.o
                0x080014d8                PutString
 .text.PutUnsignedInt
                0x08001514       0xa0 ..\obj\printf.o
                0x08001514                PutUnsignedInt
 .text.PutSignedInt
                0x080015b4       0xfc ..\obj\printf.o
                0x080015b4                PutSignedInt
 .text.PutHexa  0x080016b0       0xd4 ..\obj\printf.o
                0x080016b0                PutHexa
 .text.vsnprintf
                0x08001784      0x254 ..\obj\printf.o
                0x08001784                vsnprintf
 .text.vsprintf
                0x080019d8       0x24 ..\obj\printf.o
                0x080019d8                vsprintf
 .text.vfprintf
                0x080019fc       0x68 ..\obj\printf.o
                0x080019fc                vfprintf
 .text.vprintf  0x08001a64       0x28 ..\obj\printf.o
                0x08001a64                vprintf
 .text.printf   0x08001a8c       0x28 ..\obj\printf.o
                0x08001a8c                printf
 .text.fputc    0x08001ab4       0x40 ..\obj\printf.o
                0x08001ab4                fputc
 .text.fputs    0x08001af4       0x48 ..\obj\printf.o
                0x08001af4                fputs
 .text.HAL_Init
                0x08001b3c       0x44 ..\obj\stm32f4xx_hal.o
                0x08001b3c                HAL_Init
 .text.HAL_InitTick
                0x08001b80       0x38 ..\obj\stm32f4xx_hal.o
                0x08001b80                HAL_InitTick
 .text.HAL_IncTick
                0x08001bb8       0x1c ..\obj\stm32f4xx_hal.o
                0x08001bb8                HAL_IncTick
 .text.HAL_GetTick
                0x08001bd4       0x18 ..\obj\stm32f4xx_hal.o
                0x08001bd4                HAL_GetTick
 .text.HAL_RCC_OscConfig
                0x08001bec      0x484 ..\obj\stm32f4xx_hal_rcc.o
                0x08001bec                HAL_RCC_OscConfig
 .text.HAL_RCC_GetSysClockFreq
                0x08002070       0xfc ..\obj\stm32f4xx_hal_rcc.o
                0x08002070                HAL_RCC_GetSysClockFreq
 .text.HAL_RCC_GetHCLKFreq
                0x0800216c       0x4c ..\obj\stm32f4xx_hal_rcc.o
                0x0800216c                HAL_RCC_GetHCLKFreq
 .text.HAL_RCC_GetPCLK1Freq
                0x080021b8       0x44 ..\obj\stm32f4xx_hal_rcc.o
                0x080021b8                HAL_RCC_GetPCLK1Freq
 .text.HAL_RCC_GetPCLK2Freq
                0x080021fc       0x44 ..\obj\stm32f4xx_hal_rcc.o
                0x080021fc                HAL_RCC_GetPCLK2Freq
 .text.NVIC_SetPriorityGrouping
                0x08002240       0x48 ..\obj\stm32f4xx_hal_cortex.o
 .text.NVIC_GetPriorityGrouping
                0x08002288       0x1c ..\obj\stm32f4xx_hal_cortex.o
 .text.NVIC_EnableIRQ
                0x080022a4       0x30 ..\obj\stm32f4xx_hal_cortex.o
 .text.NVIC_SetPriority
                0x080022d4       0x54 ..\obj\stm32f4xx_hal_cortex.o
 .text.NVIC_EncodePriority
                0x08002328       0x64 ..\obj\stm32f4xx_hal_cortex.o
 .text.SysTick_Config
                0x0800238c       0x44 ..\obj\stm32f4xx_hal_cortex.o
 .text.HAL_NVIC_SetPriorityGrouping
                0x080023d0       0x14 ..\obj\stm32f4xx_hal_cortex.o
                0x080023d0                HAL_NVIC_SetPriorityGrouping
 .text.HAL_NVIC_SetPriority
                0x080023e4       0x38 ..\obj\stm32f4xx_hal_cortex.o
                0x080023e4                HAL_NVIC_SetPriority
 .text.HAL_NVIC_EnableIRQ
                0x0800241c       0x1c ..\obj\stm32f4xx_hal_cortex.o
                0x0800241c                HAL_NVIC_EnableIRQ
 .text.HAL_SYSTICK_Config
                0x08002438       0x18 ..\obj\stm32f4xx_hal_cortex.o
                0x08002438                HAL_SYSTICK_Config
 .text.HAL_SYSTICK_CLKSourceConfig
                0x08002450       0x38 ..\obj\stm32f4xx_hal_cortex.o
                0x08002450                HAL_SYSTICK_CLKSourceConfig
 .text.HAL_SYSTICK_IRQHandler
                0x08002488        0xc ..\obj\stm32f4xx_hal_cortex.o
                0x08002488                HAL_SYSTICK_IRQHandler
 .text.HAL_SYSTICK_Callback
                0x08002494        0xc ..\obj\stm32f4xx_hal_cortex.o
                0x08002494                HAL_SYSTICK_Callback
 .text.HAL_GPIO_Init
                0x080024a0      0x304 ..\obj\stm32f4xx_hal_gpio.o
                0x080024a0                HAL_GPIO_Init
 .text.HAL_GPIO_WritePin
                0x080027a4       0x30 ..\obj\stm32f4xx_hal_gpio.o
                0x080027a4                HAL_GPIO_WritePin
 .text.lsm9_driver_init
                0x080027d4       0x2c ..\obj\lsm9_driver.o
                0x080027d4                lsm9_driver_init
 .text.lsm9_driver_get_magnotemeter
                0x08002800       0x9c ..\obj\lsm9_driver.o
                0x08002800                lsm9_driver_get_magnotemeter
 .text.lsm9_driver_write_register
                0x0800289c       0x70 ..\obj\lsm9_driver.o
                0x0800289c                lsm9_driver_write_register
 .text.lsm9_driver_read_registers
                0x0800290c       0xd4 ..\obj\lsm9_driver.o
                0x0800290c                lsm9_driver_read_registers
 *(.init)
 *(.fini)
 *crtbegin.o(.ctors)
 *crtbegin?.o(.ctors)
 *(EXCLUDE_FILE(*crtend.o *crtend?.o) .ctors)
 *(SORT(.ctors.*))
 *(.ctors)
 *crtbegin.o(.dtors)
 *crtbegin?.o(.dtors)
 *(EXCLUDE_FILE(*crtend.o *crtend?.o) .dtors)
 *(SORT(.dtors.*))
 *(.dtors)
 *(.rodata*)
 .rodata        0x080029e0       0x1c ..\obj\main.o
 .rodata        0x080029fc       0x24 ..\obj\printf.o
 .rodata        0x08002a20       0x10 ..\obj\stm32f4xx_hal_rcc.o
                0x08002a20                APBAHBPrescTable
 .rodata        0x08002a30       0x24 ..\obj\lsm9_driver.o
 *(.eh_fram e*)

.glue_7         0x08002a54        0x0
 .glue_7        0x00000000        0x0 linker stubs

.glue_7t        0x08002a54        0x0
 .glue_7t       0x00000000        0x0 linker stubs

.vfp11_veneer   0x08002a54        0x0
 .vfp11_veneer  0x00000000        0x0 linker stubs

.v4_bx          0x08002a54        0x0
 .v4_bx         0x00000000        0x0 linker stubs

.iplt           0x08002a54        0x0
 .iplt          0x00000000        0x0 ..\obj\driver_led.o

.rel.dyn        0x08002a54        0x0
 .rel.iplt      0x00000000        0x0 ..\obj\driver_led.o

.ARM.extab
 *(.ARM.extab* .gnu.linkonce.armextab.*)
                0x08002a54                __exidx_start = .

.ARM.exidx
 *(.ARM.exidx* .gnu.linkonce.armexidx.*)
                0x08002a54                __exidx_end = .
                0x08002a54                __etext = .
                0x08002a54                _sidata = __etext

.data           0x20000000      0x434 load address 0x08002a54
                0x20000000                __data_start__ = .
                0x20000000                _sdata = __data_start__
 *(vtable)
 *(.data*)
 .data          0x20000000      0x430 ..\obj\printf.o
                0x20000000                r
                0x20000428                _impure_ptr
 .data          0x20000430        0x4 ..\obj\system_stm32f4xx.o
                0x20000430                SystemCoreClock
                0x20000434                . = ALIGN (0x4)
                0x20000434                PROVIDE (__preinit_array_start, .)
 *(.preinit_array)
                0x20000434                PROVIDE (__preinit_array_end, .)
                0x20000434                . = ALIGN (0x4)
                0x20000434                PROVIDE (__init_array_start, .)
 *(SORT(.init_array.*))
 *(.init_array)
                0x20000434                PROVIDE (__init_array_end, .)
                0x20000434                . = ALIGN (0x4)
                0x20000434                PROVIDE (__fini_array_start, .)
 *(SORT(.fini_array.*))
 *(.fini_array)
                0x20000434                PROVIDE (__fini_array_end, .)
 *(.jcr*)
                0x20000434                . = ALIGN (0x4)
                0x20000434                __data_end__ = .
                0x20000434                _edata = __data_end__

.igot.plt       0x20000434        0x0 load address 0x08002e88
 .igot.plt      0x00000000        0x0 ..\obj\driver_led.o

.bss            0x20000434       0xd8 load address 0x08002e88
                0x20000434                . = ALIGN (0x4)
                0x20000434                __bss_start__ = .
                0x20000434                _sbss = __bss_start__
 *(.bss*)
 .bss           0x20000434       0x40 ..\obj\uart.o
 .bss           0x20000474        0x4 ..\obj\stm32f4xx_hal.o
 *(COMMON)
 COMMON         0x20000478       0x58 ..\obj\lsm9_spi.o
                0x20000478                hspi1
 COMMON         0x200004d0       0x3c ..\obj\main.o
                0x200004d0                TIM_Handle
                0x2000050c                . = ALIGN (0x4)
                0x2000050c                __bss_end__ = .
                0x2000050c                _ebss = __bss_end__

.heap           0x2000050c        0x0
                0x2000050c                __end__ = .
                0x2000050c                _end = __end__
                0x2000050c                end = __end__
 *(.heap*)
                0x2000050c                __HeapLimit = .

.co_stack       0x2000050c      0x804 load address 0x08002f60
                0x20000510                . = ALIGN (0x8)
 *fill*         0x2000050c        0x4 
 *(.co_stack .co_stack.*)
 .co_stack      0x20000510      0x800 ..\obj\startup_stm32f4xx.o
                0x20000510                pulStack
                0x20010000                __StackTop = (ORIGIN (ram) + 0x10000)
                0x2000f7fc                __StackLimit = (__StackTop - SIZEOF (.co_stack))
                0x20010000                PROVIDE (__stack, __StackTop)
                0x00000001                ASSERT ((__StackLimit >= __HeapLimit), region ram  overflowed with stack)
LOAD ..\obj\driver_led.o
LOAD ..\obj\stm32f4xx_hal_spi.o
LOAD ..\obj\stm32f4xx_hal_flash_ramfunc.o
LOAD ..\obj\lsm9_spi.o
LOAD ..\obj\stm32f4xx_hal_msp.o
LOAD ..\obj\driver_button.o
LOAD ..\obj\stm32f4xx_hal_uart.o
LOAD ..\obj\stm32f4xx_hal_tim.o
LOAD ..\obj\uart.o
LOAD ..\obj\startup_stm32f4xx.o
LOAD ..\obj\sequencer_button .o
LOAD ..\obj\main.o
LOAD ..\obj\stm32f4xx_it.o
LOAD ..\obj\stm32f4xx_hal_flash.o
LOAD ..\obj\stm32f4xx_hal_pwr.o
LOAD ..\obj\printf.o
LOAD ..\obj\stm32f4xx_hal.o
LOAD ..\obj\stm32f4xx_hal_dma_ex.o
LOAD ..\obj\stm32f4xx_hal_rcc_ex.o
LOAD ..\obj\error.o
LOAD ..\obj\stm32f4xx_hal_rcc.o
LOAD ..\obj\stm32f4xx_hal_flash_ex.o
LOAD ..\obj\sequencer.o
LOAD ..\obj\stm32f4xx_hal_cortex.o
LOAD ..\obj\system_stm32f4xx.o
LOAD ..\obj\sequencer_led .o
LOAD ..\obj\stm32f4xx_hal_gpio.o
LOAD ..\obj\stm32f4xx_hal_pwr_ex.o
LOAD ..\obj\stm32f4xx_hal_tim_ex.o
LOAD ..\obj\lsm9_driver.o
LOAD ..\obj\stm32f4xx_hal_dma.o
START GROUP
LOAD c:/program files (x86)/gnu tools arm embedded/4.8 2014q2/bin/../lib/gcc/arm-none-eabi/4.8.4/armv7e-m\libgcc.a
LOAD c:/program files (x86)/gnu tools arm embedded/4.8 2014q2/bin/../lib/gcc/arm-none-eabi/4.8.4/../../../../arm-none-eabi/lib/armv7e-m\libg.a
LOAD c:/program files (x86)/gnu tools arm embedded/4.8 2014q2/bin/../lib/gcc/arm-none-eabi/4.8.4/../../../../arm-none-eabi/lib/armv7e-m\libc.a
END GROUP
OUTPUT(cubemx2.elf elf32-littlearm)

.debug_info     0x00000000     0xaa77
 .debug_info    0x00000000      0xf78 ..\obj\stm32f4xx_hal_spi.o
 .debug_info    0x00000f78      0x912 ..\obj\lsm9_spi.o
 .debug_info    0x0000188a      0xf31 ..\obj\stm32f4xx_hal_msp.o
 .debug_info    0x000027bb      0xedf ..\obj\stm32f4xx_hal_uart.o
 .debug_info    0x0000369a     0x216e ..\obj\stm32f4xx_hal_tim.o
 .debug_info    0x00005808      0x788 ..\obj\uart.o
 .debug_info    0x00005f90       0xed ..\obj\startup_stm32f4xx.o
 .debug_info    0x0000607d      0xba2 ..\obj\main.o
 .debug_info    0x00006c1f       0xb2 ..\obj\stm32f4xx_it.o
 .debug_info    0x00006cd1      0xe75 ..\obj\printf.o
 .debug_info    0x00007b46      0x79f ..\obj\stm32f4xx_hal.o
 .debug_info    0x000082e5      0xb11 ..\obj\stm32f4xx_hal_rcc.o
 .debug_info    0x00008df6      0xc6b ..\obj\stm32f4xx_hal_cortex.o
 .debug_info    0x00009a61      0x4a0 ..\obj\system_stm32f4xx.o
 .debug_info    0x00009f01      0x6f8 ..\obj\stm32f4xx_hal_gpio.o
 .debug_info    0x0000a5f9      0x47e ..\obj\lsm9_driver.o

.debug_abbrev   0x00000000     0x1b53
 .debug_abbrev  0x00000000      0x20a ..\obj\stm32f4xx_hal_spi.o
 .debug_abbrev  0x0000020a      0x191 ..\obj\lsm9_spi.o
 .debug_abbrev  0x0000039b      0x189 ..\obj\stm32f4xx_hal_msp.o
 .debug_abbrev  0x00000524      0x224 ..\obj\stm32f4xx_hal_uart.o
 .debug_abbrev  0x00000748      0x213 ..\obj\stm32f4xx_hal_tim.o
 .debug_abbrev  0x0000095b      0x184 ..\obj\uart.o
 .debug_abbrev  0x00000adf       0xb0 ..\obj\startup_stm32f4xx.o
 .debug_abbrev  0x00000b8f      0x194 ..\obj\main.o
 .debug_abbrev  0x00000d23       0x67 ..\obj\stm32f4xx_it.o
 .debug_abbrev  0x00000d8a      0x296 ..\obj\printf.o
 .debug_abbrev  0x00001020      0x219 ..\obj\stm32f4xx_hal.o
 .debug_abbrev  0x00001239      0x294 ..\obj\stm32f4xx_hal_rcc.o
 .debug_abbrev  0x000014cd      0x2be ..\obj\stm32f4xx_hal_cortex.o
 .debug_abbrev  0x0000178b      0x101 ..\obj\system_stm32f4xx.o
 .debug_abbrev  0x0000188c      0x1aa ..\obj\stm32f4xx_hal_gpio.o
 .debug_abbrev  0x00001a36      0x11d ..\obj\lsm9_driver.o

.debug_aranges  0x00000000      0xb10
 .debug_aranges
                0x00000000      0x158 ..\obj\stm32f4xx_hal_spi.o
 .debug_aranges
                0x00000158       0x30 ..\obj\lsm9_spi.o
 .debug_aranges
                0x00000188       0x50 ..\obj\stm32f4xx_hal_msp.o
 .debug_aranges
                0x000001d8      0x150 ..\obj\stm32f4xx_hal_uart.o
 .debug_aranges
                0x00000328      0x368 ..\obj\stm32f4xx_hal_tim.o
 .debug_aranges
                0x00000690       0x30 ..\obj\uart.o
 .debug_aranges
                0x000006c0       0x28 ..\obj\startup_stm32f4xx.o
 .debug_aranges
                0x000006e8       0x38 ..\obj\main.o
 .debug_aranges
                0x00000720       0x20 ..\obj\stm32f4xx_it.o
 .debug_aranges
                0x00000740       0xa0 ..\obj\printf.o
 .debug_aranges
                0x000007e0       0xc0 ..\obj\stm32f4xx_hal.o
 .debug_aranges
                0x000008a0       0x88 ..\obj\stm32f4xx_hal_rcc.o
 .debug_aranges
                0x00000928      0x108 ..\obj\stm32f4xx_hal_cortex.o
 .debug_aranges
                0x00000a30       0x28 ..\obj\system_stm32f4xx.o
 .debug_aranges
                0x00000a58       0x58 ..\obj\stm32f4xx_hal_gpio.o
 .debug_aranges
                0x00000ab0       0x60 ..\obj\lsm9_driver.o

.debug_ranges   0x00000000      0xa10
 .debug_ranges  0x00000000      0x148 ..\obj\stm32f4xx_hal_spi.o
 .debug_ranges  0x00000148       0x20 ..\obj\lsm9_spi.o
 .debug_ranges  0x00000168       0x40 ..\obj\stm32f4xx_hal_msp.o
 .debug_ranges  0x000001a8      0x140 ..\obj\stm32f4xx_hal_uart.o
 .debug_ranges  0x000002e8      0x358 ..\obj\stm32f4xx_hal_tim.o
 .debug_ranges  0x00000640       0x20 ..\obj\uart.o
 .debug_ranges  0x00000660       0x18 ..\obj\startup_stm32f4xx.o
 .debug_ranges  0x00000678       0x28 ..\obj\main.o
 .debug_ranges  0x000006a0       0x10 ..\obj\stm32f4xx_it.o
 .debug_ranges  0x000006b0       0x90 ..\obj\printf.o
 .debug_ranges  0x00000740       0xb0 ..\obj\stm32f4xx_hal.o
 .debug_ranges  0x000007f0       0x78 ..\obj\stm32f4xx_hal_rcc.o
 .debug_ranges  0x00000868       0xf8 ..\obj\stm32f4xx_hal_cortex.o
 .debug_ranges  0x00000960       0x18 ..\obj\system_stm32f4xx.o
 .debug_ranges  0x00000978       0x48 ..\obj\stm32f4xx_hal_gpio.o
 .debug_ranges  0x000009c0       0x50 ..\obj\lsm9_driver.o

.debug_line     0x00000000     0x505b
 .debug_line    0x00000000      0xa78 ..\obj\stm32f4xx_hal_spi.o
 .debug_line    0x00000a78      0x2ff ..\obj\lsm9_spi.o
 .debug_line    0x00000d77      0x32e ..\obj\stm32f4xx_hal_msp.o
 .debug_line    0x000010a5      0x929 ..\obj\stm32f4xx_hal_uart.o
 .debug_line    0x000019ce     0x1147 ..\obj\stm32f4xx_hal_tim.o
 .debug_line    0x00002b15      0x291 ..\obj\uart.o
 .debug_line    0x00002da6       0x9c ..\obj\startup_stm32f4xx.o
 .debug_line    0x00002e42      0x39c ..\obj\main.o
 .debug_line    0x000031de      0x175 ..\obj\stm32f4xx_it.o
 .debug_line    0x00003353      0x452 ..\obj\printf.o
 .debug_line    0x000037a5      0x407 ..\obj\stm32f4xx_hal.o
 .debug_line    0x00003bac      0x671 ..\obj\stm32f4xx_hal_rcc.o
 .debug_line    0x0000421d      0x537 ..\obj\stm32f4xx_hal_cortex.o
 .debug_line    0x00004754      0x232 ..\obj\system_stm32f4xx.o
 .debug_line    0x00004986      0x406 ..\obj\stm32f4xx_hal_gpio.o
 .debug_line    0x00004d8c      0x2cf ..\obj\lsm9_driver.o

.debug_str      0x00000000     0x37d9
 .debug_str     0x00000000      0x97e ..\obj\stm32f4xx_hal_spi.o
                                0xa4c (size before relaxing)
 .debug_str     0x0000097e      0x231 ..\obj\lsm9_spi.o
                                0x863 (size before relaxing)
 .debug_str     0x00000baf      0x71f ..\obj\stm32f4xx_hal_msp.o
                                0xed1 (size before relaxing)
 .debug_str     0x000012ce      0x361 ..\obj\stm32f4xx_hal_uart.o
                                0xa11 (size before relaxing)
 .debug_str     0x0000162f      0xd07 ..\obj\stm32f4xx_hal_tim.o
                               0x13a9 (size before relaxing)
 .debug_str     0x00002336       0x70 ..\obj\uart.o
                                0x754 (size before relaxing)
 .debug_str     0x000023a6       0xab ..\obj\startup_stm32f4xx.o
                                0x142 (size before relaxing)
 .debug_str     0x00002451      0x21d ..\obj\main.o
                                0xd1b (size before relaxing)
 .debug_str     0x0000266e       0x46 ..\obj\stm32f4xx_it.o
                                0x1a8 (size before relaxing)
 .debug_str     0x000026b4      0x4b7 ..\obj\printf.o
                                0x686 (size before relaxing)
 .debug_str     0x00002b6b      0x26e ..\obj\stm32f4xx_hal.o
                                0x8d2 (size before relaxing)
 .debug_str     0x00002dd9      0x244 ..\obj\stm32f4xx_hal_rcc.o
                                0x69e (size before relaxing)
 .debug_str     0x0000301d      0x3ff ..\obj\stm32f4xx_hal_cortex.o
                                0xa7b (size before relaxing)
 .debug_str     0x0000341c       0x94 ..\obj\system_stm32f4xx.o
                                0x39b (size before relaxing)
 .debug_str     0x000034b0      0x178 ..\obj\stm32f4xx_hal_gpio.o
                                0x4ea (size before relaxing)
 .debug_str     0x00003628      0x1b1 ..\obj\lsm9_driver.o
                                0x39f (size before relaxing)

.comment        0x00000000       0x70
 .comment       0x00000000       0x70 ..\obj\stm32f4xx_hal_spi.o
                                 0x71 (size before relaxing)
 .comment       0x00000000       0x71 ..\obj\lsm9_spi.o
 .comment       0x00000000       0x71 ..\obj\stm32f4xx_hal_msp.o
 .comment       0x00000000       0x71 ..\obj\stm32f4xx_hal_uart.o
 .comment       0x00000000       0x71 ..\obj\stm32f4xx_hal_tim.o
 .comment       0x00000000       0x71 ..\obj\uart.o
 .comment       0x00000000       0x71 ..\obj\startup_stm32f4xx.o
 .comment       0x00000000       0x71 ..\obj\main.o
 .comment       0x00000000       0x71 ..\obj\stm32f4xx_it.o
 .comment       0x00000000       0x71 ..\obj\printf.o
 .comment       0x00000000       0x71 ..\obj\stm32f4xx_hal.o
 .comment       0x00000000       0x71 ..\obj\stm32f4xx_hal_rcc.o
 .comment       0x00000000       0x71 ..\obj\stm32f4xx_hal_cortex.o
 .comment       0x00000000       0x71 ..\obj\system_stm32f4xx.o
 .comment       0x00000000       0x71 ..\obj\stm32f4xx_hal_gpio.o
 .comment       0x00000000       0x71 ..\obj\lsm9_driver.o

.ARM.attributes
                0x00000000       0x33
 .ARM.attributes
                0x00000000       0x33 ..\obj\stm32f4xx_hal_spi.o
 .ARM.attributes
                0x00000033       0x33 ..\obj\lsm9_spi.o
 .ARM.attributes
                0x00000066       0x33 ..\obj\stm32f4xx_hal_msp.o
 .ARM.attributes
                0x00000099       0x33 ..\obj\stm32f4xx_hal_uart.o
 .ARM.attributes
                0x000000cc       0x33 ..\obj\stm32f4xx_hal_tim.o
 .ARM.attributes
                0x000000ff       0x33 ..\obj\uart.o
 .ARM.attributes
                0x00000132       0x33 ..\obj\startup_stm32f4xx.o
 .ARM.attributes
                0x00000165       0x33 ..\obj\main.o
 .ARM.attributes
                0x00000198       0x33 ..\obj\stm32f4xx_it.o
 .ARM.attributes
                0x000001cb       0x33 ..\obj\printf.o
 .ARM.attributes
                0x000001fe       0x33 ..\obj\stm32f4xx_hal.o
 .ARM.attributes
                0x00000231       0x33 ..\obj\stm32f4xx_hal_rcc.o
 .ARM.attributes
                0x00000264       0x33 ..\obj\stm32f4xx_hal_cortex.o
 .ARM.attributes
                0x00000297       0x33 ..\obj\system_stm32f4xx.o
 .ARM.attributes
                0x000002ca       0x33 ..\obj\stm32f4xx_hal_gpio.o
 .ARM.attributes
                0x000002fd       0x33 ..\obj\lsm9_driver.o

.debug_frame    0x00000000     0x24c4
 .debug_frame   0x00000000      0x4d4 ..\obj\stm32f4xx_hal_spi.o
 .debug_frame   0x000004d4       0x6c ..\obj\lsm9_spi.o
 .debug_frame   0x00000540       0xe4 ..\obj\stm32f4xx_hal_msp.o
 .debug_frame   0x00000624      0x4a8 ..\obj\stm32f4xx_hal_uart.o
 .debug_frame   0x00000acc      0xc98 ..\obj\stm32f4xx_hal_tim.o
 .debug_frame   0x00001764       0x70 ..\obj\uart.o
 .debug_frame   0x000017d4       0x48 ..\obj\startup_stm32f4xx.o
 .debug_frame   0x0000181c       0x8c ..\obj\main.o
 .debug_frame   0x000018a8       0x2c ..\obj\stm32f4xx_it.o
 .debug_frame   0x000018d4      0x248 ..\obj\printf.o
 .debug_frame   0x00001b1c      0x228 ..\obj\stm32f4xx_hal.o
 .debug_frame   0x00001d44      0x1a0 ..\obj\stm32f4xx_hal_rcc.o
 .debug_frame   0x00001ee4      0x378 ..\obj\stm32f4xx_hal_cortex.o
 .debug_frame   0x0000225c       0x44 ..\obj\system_stm32f4xx.o
 .debug_frame   0x000022a0       0xf4 ..\obj\stm32f4xx_hal_gpio.o
 .debug_frame   0x00002394      0x130 ..\obj\lsm9_driver.o
