
Allocating common symbols
Common symbol       size              file

pFlash              0x20              ..\obj\stm32f4xx_hal_flash.o
hspi1               0x58              ..\obj\main.o
G_last_button_status
                    0x2               ..\obj\driver_button.o
TIM_Handle          0x3c              ..\obj\main.o

Discarded input sections

 .text          0x00000000        0x0 ..\obj\driver_led.o
 .data          0x00000000        0x0 ..\obj\driver_led.o
 .bss           0x00000000        0x0 ..\obj\driver_led.o
 .text.driver_led_toggle
                0x00000000       0x14 ..\obj\driver_led.o
 .text          0x00000000        0x0 ..\obj\stm32f4xx_hal_spi.o
 .data          0x00000000        0x0 ..\obj\stm32f4xx_hal_spi.o
 .bss           0x00000000        0x0 ..\obj\stm32f4xx_hal_spi.o
 .text.HAL_SPI_Init
                0x00000000       0xcc ..\obj\stm32f4xx_hal_spi.o
 .text.HAL_SPI_DeInit
                0x00000000       0x48 ..\obj\stm32f4xx_hal_spi.o
 .text.HAL_SPI_MspInit
                0x00000000       0x14 ..\obj\stm32f4xx_hal_spi.o
 .text.HAL_SPI_MspDeInit
                0x00000000       0x14 ..\obj\stm32f4xx_hal_spi.o
 .text.HAL_SPI_Transmit
                0x00000000      0x27c ..\obj\stm32f4xx_hal_spi.o
 .text.HAL_SPI_Receive
                0x00000000      0x30c ..\obj\stm32f4xx_hal_spi.o
 .text.HAL_SPI_TransmitReceive
                0x00000000      0x4b4 ..\obj\stm32f4xx_hal_spi.o
 .text.HAL_SPI_Transmit_IT
                0x00000000      0x120 ..\obj\stm32f4xx_hal_spi.o
 .text.HAL_SPI_Receive_IT
                0x00000000      0x134 ..\obj\stm32f4xx_hal_spi.o
 .text.HAL_SPI_TransmitReceive_IT
                0x00000000      0x128 ..\obj\stm32f4xx_hal_spi.o
 .text.HAL_SPI_Transmit_DMA
                0x00000000      0x140 ..\obj\stm32f4xx_hal_spi.o
 .text.HAL_SPI_Receive_DMA
                0x00000000      0x16c ..\obj\stm32f4xx_hal_spi.o
 .text.HAL_SPI_TransmitReceive_DMA
                0x00000000      0x1d8 ..\obj\stm32f4xx_hal_spi.o
 .text.HAL_SPI_DMAPause
                0x00000000       0x54 ..\obj\stm32f4xx_hal_spi.o
 .text.HAL_SPI_DMAResume
                0x00000000       0x54 ..\obj\stm32f4xx_hal_spi.o
 .text.HAL_SPI_DMAStop
                0x00000000       0x60 ..\obj\stm32f4xx_hal_spi.o
 .text.HAL_SPI_IRQHandler
                0x00000000      0x1a0 ..\obj\stm32f4xx_hal_spi.o
 .text.HAL_SPI_TxCpltCallback
                0x00000000       0x14 ..\obj\stm32f4xx_hal_spi.o
 .text.HAL_SPI_RxCpltCallback
                0x00000000       0x14 ..\obj\stm32f4xx_hal_spi.o
 .text.HAL_SPI_TxRxCpltCallback
                0x00000000       0x14 ..\obj\stm32f4xx_hal_spi.o
 .text.HAL_SPI_TxHalfCpltCallback
                0x00000000       0x14 ..\obj\stm32f4xx_hal_spi.o
 .text.HAL_SPI_RxHalfCpltCallback
                0x00000000       0x14 ..\obj\stm32f4xx_hal_spi.o
 .text.HAL_SPI_TxRxHalfCpltCallback
                0x00000000       0x14 ..\obj\stm32f4xx_hal_spi.o
 .text.HAL_SPI_ErrorCallback
                0x00000000       0x14 ..\obj\stm32f4xx_hal_spi.o
 .text.HAL_SPI_GetState
                0x00000000       0x1c ..\obj\stm32f4xx_hal_spi.o
 .text.HAL_SPI_GetError
                0x00000000       0x18 ..\obj\stm32f4xx_hal_spi.o
 .text.SPI_TxCloseIRQHandler
                0x00000000       0xdc ..\obj\stm32f4xx_hal_spi.o
 .text.SPI_TxISR
                0x00000000       0x78 ..\obj\stm32f4xx_hal_spi.o
 .text.SPI_RxCloseIRQHandler
                0x00000000      0x13c ..\obj\stm32f4xx_hal_spi.o
 .text.SPI_2LinesRxISR
                0x00000000       0x60 ..\obj\stm32f4xx_hal_spi.o
 .text.SPI_RxISR
                0x00000000       0x84 ..\obj\stm32f4xx_hal_spi.o
 .text.SPI_DMATransmitCplt
                0x00000000       0xb4 ..\obj\stm32f4xx_hal_spi.o
 .text.SPI_DMAReceiveCplt
                0x00000000      0x120 ..\obj\stm32f4xx_hal_spi.o
 .text.SPI_DMAEndTransmitReceive
                0x00000000       0xe4 ..\obj\stm32f4xx_hal_spi.o
 .text.SPI_DMATransmitReceiveCplt
                0x00000000       0x50 ..\obj\stm32f4xx_hal_spi.o
 .text.SPI_DMAHalfTransmitCplt
                0x00000000       0x1c ..\obj\stm32f4xx_hal_spi.o
 .text.SPI_DMAHalfReceiveCplt
                0x00000000       0x1c ..\obj\stm32f4xx_hal_spi.o
 .text.SPI_DMAHalfTransmitReceiveCplt
                0x00000000       0x1c ..\obj\stm32f4xx_hal_spi.o
 .text.SPI_DMAError
                0x00000000       0x3c ..\obj\stm32f4xx_hal_spi.o
 .text.SPI_WaitOnFlagUntilTimeout
                0x00000000      0x148 ..\obj\stm32f4xx_hal_spi.o
 .debug_info    0x00000000      0xf92 ..\obj\stm32f4xx_hal_spi.o
 .debug_abbrev  0x00000000      0x20c ..\obj\stm32f4xx_hal_spi.o
 .debug_aranges
                0x00000000      0x158 ..\obj\stm32f4xx_hal_spi.o
 .debug_ranges  0x00000000      0x148 ..\obj\stm32f4xx_hal_spi.o
 .debug_line    0x00000000      0xaa1 ..\obj\stm32f4xx_hal_spi.o
 .debug_str     0x00000000      0xa56 ..\obj\stm32f4xx_hal_spi.o
 .comment       0x00000000       0x6f ..\obj\stm32f4xx_hal_spi.o
 .debug_frame   0x00000000      0x5f8 ..\obj\stm32f4xx_hal_spi.o
 .ARM.attributes
                0x00000000       0x33 ..\obj\stm32f4xx_hal_spi.o
 .text          0x00000000        0x0 ..\obj\stm32f4xx_hal_flash_ramfunc.o
 .data          0x00000000        0x0 ..\obj\stm32f4xx_hal_flash_ramfunc.o
 .bss           0x00000000        0x0 ..\obj\stm32f4xx_hal_flash_ramfunc.o
 .debug_info    0x00000000       0xa0 ..\obj\stm32f4xx_hal_flash_ramfunc.o
 .debug_abbrev  0x00000000       0x4b ..\obj\stm32f4xx_hal_flash_ramfunc.o
 .debug_aranges
                0x00000000       0x18 ..\obj\stm32f4xx_hal_flash_ramfunc.o
 .debug_line    0x00000000      0x12e ..\obj\stm32f4xx_hal_flash_ramfunc.o
 .debug_str     0x00000000      0x1ce ..\obj\stm32f4xx_hal_flash_ramfunc.o
 .comment       0x00000000       0x6f ..\obj\stm32f4xx_hal_flash_ramfunc.o
 .ARM.attributes
                0x00000000       0x33 ..\obj\stm32f4xx_hal_flash_ramfunc.o
 .text          0x00000000        0x0 ..\obj\stm32f4xx_hal_msp.o
 .data          0x00000000        0x0 ..\obj\stm32f4xx_hal_msp.o
 .bss           0x00000000        0x0 ..\obj\stm32f4xx_hal_msp.o
 .text.HAL_SPI_MspInit
                0x00000000       0x88 ..\obj\stm32f4xx_hal_msp.o
 .text.HAL_SPI_MspDeInit
                0x00000000       0x48 ..\obj\stm32f4xx_hal_msp.o
 .text.HAL_TIM_Base_MspDeInit
                0x00000000       0x30 ..\obj\stm32f4xx_hal_msp.o
 .text.HAL_UART_MspDeInit
                0x00000000       0x3c ..\obj\stm32f4xx_hal_msp.o
 .text          0x00000000        0x0 ..\obj\driver_button.o
 .data          0x00000000        0x0 ..\obj\driver_button.o
 .bss           0x00000000        0x0 ..\obj\driver_button.o
 .text          0x00000000        0x0 ..\obj\stm32f4xx_hal_uart.o
 .data          0x00000000        0x0 ..\obj\stm32f4xx_hal_uart.o
 .bss           0x00000000        0x0 ..\obj\stm32f4xx_hal_uart.o
 .text.HAL_HalfDuplex_Init
                0x00000000       0xa4 ..\obj\stm32f4xx_hal_uart.o
 .text.HAL_LIN_Init
                0x00000000       0xc4 ..\obj\stm32f4xx_hal_uart.o
 .text.HAL_MultiProcessor_Init
                0x00000000       0xd8 ..\obj\stm32f4xx_hal_uart.o
 .text.HAL_UART_DeInit
                0x00000000       0x40 ..\obj\stm32f4xx_hal_uart.o
 .text.HAL_UART_MspInit
                0x00000000       0x14 ..\obj\stm32f4xx_hal_uart.o
 .text.HAL_UART_MspDeInit
                0x00000000       0x14 ..\obj\stm32f4xx_hal_uart.o
 .text.HAL_UART_Transmit
                0x00000000      0x150 ..\obj\stm32f4xx_hal_uart.o
 .text.HAL_UART_Receive
                0x00000000      0x170 ..\obj\stm32f4xx_hal_uart.o
 .text.HAL_UART_Transmit_IT
                0x00000000       0xac ..\obj\stm32f4xx_hal_uart.o
 .text.HAL_UART_Receive_IT
                0x00000000       0xcc ..\obj\stm32f4xx_hal_uart.o
 .text.HAL_UART_Transmit_DMA
                0x00000000       0xf4 ..\obj\stm32f4xx_hal_uart.o
 .text.HAL_UART_Receive_DMA
                0x00000000       0xe4 ..\obj\stm32f4xx_hal_uart.o
 .text.HAL_UART_DMAPause
                0x00000000       0x9c ..\obj\stm32f4xx_hal_uart.o
 .text.HAL_UART_DMAResume
                0x00000000       0xc8 ..\obj\stm32f4xx_hal_uart.o
 .text.HAL_UART_DMAStop
                0x00000000       0x60 ..\obj\stm32f4xx_hal_uart.o
 .text.HAL_UART_IRQHandler
                0x00000000      0x20c ..\obj\stm32f4xx_hal_uart.o
 .text.HAL_UART_TxCpltCallback
                0x00000000       0x14 ..\obj\stm32f4xx_hal_uart.o
 .text.HAL_UART_TxHalfCpltCallback
                0x00000000       0x14 ..\obj\stm32f4xx_hal_uart.o
 .text.HAL_UART_RxCpltCallback
                0x00000000       0x14 ..\obj\stm32f4xx_hal_uart.o
 .text.HAL_UART_RxHalfCpltCallback
                0x00000000       0x14 ..\obj\stm32f4xx_hal_uart.o
 .text.HAL_UART_ErrorCallback
                0x00000000       0x14 ..\obj\stm32f4xx_hal_uart.o
 .text.HAL_LIN_SendBreak
                0x00000000       0x54 ..\obj\stm32f4xx_hal_uart.o
 .text.HAL_MultiProcessor_EnterMuteMode
                0x00000000       0x54 ..\obj\stm32f4xx_hal_uart.o
 .text.HAL_MultiProcessor_ExitMuteMode
                0x00000000       0x54 ..\obj\stm32f4xx_hal_uart.o
 .text.HAL_HalfDuplex_EnableTransmitter
                0x00000000       0x68 ..\obj\stm32f4xx_hal_uart.o
 .text.HAL_HalfDuplex_EnableReceiver
                0x00000000       0x68 ..\obj\stm32f4xx_hal_uart.o
 .text.HAL_UART_GetState
                0x00000000       0x1c ..\obj\stm32f4xx_hal_uart.o
 .text.HAL_UART_GetError
                0x00000000       0x18 ..\obj\stm32f4xx_hal_uart.o
 .text.UART_DMATransmitCplt
                0x00000000       0x54 ..\obj\stm32f4xx_hal_uart.o
 .text.UART_DMATxHalfCplt
                0x00000000       0x1c ..\obj\stm32f4xx_hal_uart.o
 .text.UART_DMAReceiveCplt
                0x00000000       0x60 ..\obj\stm32f4xx_hal_uart.o
 .text.UART_DMARxHalfCplt
                0x00000000       0x1c ..\obj\stm32f4xx_hal_uart.o
 .text.UART_DMAError
                0x00000000       0x3c ..\obj\stm32f4xx_hal_uart.o
 .text.UART_WaitOnFlagUntilTimeout
                0x00000000      0x134 ..\obj\stm32f4xx_hal_uart.o
 .text.UART_Transmit_IT
                0x00000000       0xb8 ..\obj\stm32f4xx_hal_uart.o
 .text.UART_EndTransmit_IT
                0x00000000       0x48 ..\obj\stm32f4xx_hal_uart.o
 .text.UART_Receive_IT
                0x00000000      0x128 ..\obj\stm32f4xx_hal_uart.o
 .text          0x00000000        0x0 ..\obj\stm32f4xx_hal_tim.o
 .data          0x00000000        0x0 ..\obj\stm32f4xx_hal_tim.o
 .bss           0x00000000        0x0 ..\obj\stm32f4xx_hal_tim.o
 .text.HAL_TIM_Base_DeInit
                0x00000000       0x60 ..\obj\stm32f4xx_hal_tim.o
 .text.HAL_TIM_Base_MspInit
                0x00000000       0x14 ..\obj\stm32f4xx_hal_tim.o
 .text.HAL_TIM_Base_MspDeInit
                0x00000000       0x14 ..\obj\stm32f4xx_hal_tim.o
 .text.HAL_TIM_Base_Start
                0x00000000       0x34 ..\obj\stm32f4xx_hal_tim.o
 .text.HAL_TIM_Base_Stop
                0x00000000       0x54 ..\obj\stm32f4xx_hal_tim.o
 .text.HAL_TIM_Base_Stop_IT
                0x00000000       0x54 ..\obj\stm32f4xx_hal_tim.o
 .text.HAL_TIM_Base_Start_DMA
                0x00000000       0x98 ..\obj\stm32f4xx_hal_tim.o
 .text.HAL_TIM_Base_Stop_DMA
                0x00000000       0x5c ..\obj\stm32f4xx_hal_tim.o
 .text.HAL_TIM_OC_Init
                0x00000000       0x58 ..\obj\stm32f4xx_hal_tim.o
 .text.HAL_TIM_OC_DeInit
                0x00000000       0x60 ..\obj\stm32f4xx_hal_tim.o
 .text.HAL_TIM_OC_MspInit
                0x00000000       0x14 ..\obj\stm32f4xx_hal_tim.o
 .text.HAL_TIM_OC_MspDeInit
                0x00000000       0x14 ..\obj\stm32f4xx_hal_tim.o
 .text.HAL_TIM_OC_Start
                0x00000000       0x50 ..\obj\stm32f4xx_hal_tim.o
 .text.HAL_TIM_OC_Stop
                0x00000000       0x90 ..\obj\stm32f4xx_hal_tim.o
 .text.HAL_TIM_OC_Start_IT
                0x00000000       0xdc ..\obj\stm32f4xx_hal_tim.o
 .text.HAL_TIM_OC_Stop_IT
                0x00000000      0x11c ..\obj\stm32f4xx_hal_tim.o
 .text.HAL_TIM_OC_Start_DMA
                0x00000000      0x1ac ..\obj\stm32f4xx_hal_tim.o
 .text.HAL_TIM_OC_Stop_DMA
                0x00000000      0x124 ..\obj\stm32f4xx_hal_tim.o
 .text.HAL_TIM_PWM_Init
                0x00000000       0x58 ..\obj\stm32f4xx_hal_tim.o
 .text.HAL_TIM_PWM_DeInit
                0x00000000       0x60 ..\obj\stm32f4xx_hal_tim.o
 .text.HAL_TIM_PWM_MspInit
                0x00000000       0x14 ..\obj\stm32f4xx_hal_tim.o
 .text.HAL_TIM_PWM_MspDeInit
                0x00000000       0x14 ..\obj\stm32f4xx_hal_tim.o
 .text.HAL_TIM_PWM_Start
                0x00000000       0x50 ..\obj\stm32f4xx_hal_tim.o
 .text.HAL_TIM_PWM_Stop
                0x00000000       0x98 ..\obj\stm32f4xx_hal_tim.o
 .text.HAL_TIM_PWM_Start_IT
                0x00000000       0xdc ..\obj\stm32f4xx_hal_tim.o
 .text.HAL_TIM_PWM_Stop_IT
                0x00000000      0x11c ..\obj\stm32f4xx_hal_tim.o
 .text.HAL_TIM_PWM_Start_DMA
                0x00000000      0x1ac ..\obj\stm32f4xx_hal_tim.o
 .text.HAL_TIM_PWM_Stop_DMA
                0x00000000      0x124 ..\obj\stm32f4xx_hal_tim.o
 .text.HAL_TIM_IC_Init
                0x00000000       0x58 ..\obj\stm32f4xx_hal_tim.o
 .text.HAL_TIM_IC_DeInit
                0x00000000       0x60 ..\obj\stm32f4xx_hal_tim.o
 .text.HAL_TIM_IC_MspInit
                0x00000000       0x14 ..\obj\stm32f4xx_hal_tim.o
 .text.HAL_TIM_IC_MspDeInit
                0x00000000       0x14 ..\obj\stm32f4xx_hal_tim.o
 .text.HAL_TIM_IC_Start
                0x00000000       0x34 ..\obj\stm32f4xx_hal_tim.o
 .text.HAL_TIM_IC_Stop
                0x00000000       0x54 ..\obj\stm32f4xx_hal_tim.o
 .text.HAL_TIM_IC_Start_IT
                0x00000000       0xc0 ..\obj\stm32f4xx_hal_tim.o
 .text.HAL_TIM_IC_Stop_IT
                0x00000000       0xe0 ..\obj\stm32f4xx_hal_tim.o
 .text.HAL_TIM_IC_Start_DMA
                0x00000000      0x190 ..\obj\stm32f4xx_hal_tim.o
 .text.HAL_TIM_IC_Stop_DMA
                0x00000000       0xe8 ..\obj\stm32f4xx_hal_tim.o
 .text.HAL_TIM_OnePulse_Init
                0x00000000       0x78 ..\obj\stm32f4xx_hal_tim.o
 .text.HAL_TIM_OnePulse_DeInit
                0x00000000       0x60 ..\obj\stm32f4xx_hal_tim.o
 .text.HAL_TIM_OnePulse_MspInit
                0x00000000       0x14 ..\obj\stm32f4xx_hal_tim.o
 .text.HAL_TIM_OnePulse_MspDeInit
                0x00000000       0x14 ..\obj\stm32f4xx_hal_tim.o
 .text.HAL_TIM_OnePulse_Start
                0x00000000       0x50 ..\obj\stm32f4xx_hal_tim.o
 .text.HAL_TIM_OnePulse_Stop
                0x00000000       0xa0 ..\obj\stm32f4xx_hal_tim.o
 .text.HAL_TIM_OnePulse_Start_IT
                0x00000000       0x70 ..\obj\stm32f4xx_hal_tim.o
 .text.HAL_TIM_OnePulse_Stop_IT
                0x00000000       0xc0 ..\obj\stm32f4xx_hal_tim.o
 .text.HAL_TIM_Encoder_Init
                0x00000000      0x12c ..\obj\stm32f4xx_hal_tim.o
 .text.HAL_TIM_Encoder_DeInit
                0x00000000       0x60 ..\obj\stm32f4xx_hal_tim.o
 .text.HAL_TIM_Encoder_MspInit
                0x00000000       0x14 ..\obj\stm32f4xx_hal_tim.o
 .text.HAL_TIM_Encoder_MspDeInit
                0x00000000       0x14 ..\obj\stm32f4xx_hal_tim.o
 .text.HAL_TIM_Encoder_Start
                0x00000000       0x70 ..\obj\stm32f4xx_hal_tim.o
 .text.HAL_TIM_Encoder_Stop
                0x00000000       0x90 ..\obj\stm32f4xx_hal_tim.o
 .text.HAL_TIM_Encoder_Start_IT
                0x00000000       0xb0 ..\obj\stm32f4xx_hal_tim.o
 .text.HAL_TIM_Encoder_Stop_IT
                0x00000000       0xd4 ..\obj\stm32f4xx_hal_tim.o
 .text.HAL_TIM_Encoder_Start_DMA
                0x00000000      0x1a8 ..\obj\stm32f4xx_hal_tim.o
 .text.HAL_TIM_Encoder_Stop_DMA
                0x00000000       0xd4 ..\obj\stm32f4xx_hal_tim.o
 .text.HAL_TIM_IRQHandler
                0x00000000      0x210 ..\obj\stm32f4xx_hal_tim.o
 .text.HAL_TIM_OC_ConfigChannel
                0x00000000       0xc0 ..\obj\stm32f4xx_hal_tim.o
 .text.HAL_TIM_IC_ConfigChannel
                0x00000000      0x138 ..\obj\stm32f4xx_hal_tim.o
 .text.HAL_TIM_PWM_ConfigChannel
                0x00000000      0x18c ..\obj\stm32f4xx_hal_tim.o
 .text.HAL_TIM_OnePulse_ConfigChannel
                0x00000000      0x180 ..\obj\stm32f4xx_hal_tim.o
 .text.HAL_TIM_DMABurst_WriteStart
                0x00000000      0x1e4 ..\obj\stm32f4xx_hal_tim.o
 .text.HAL_TIM_DMABurst_WriteStop
                0x00000000       0xb0 ..\obj\stm32f4xx_hal_tim.o
 .text.HAL_TIM_DMABurst_ReadStart
                0x00000000      0x1e4 ..\obj\stm32f4xx_hal_tim.o
 .text.HAL_TIM_DMABurst_ReadStop
                0x00000000       0xb0 ..\obj\stm32f4xx_hal_tim.o
 .text.HAL_TIM_GenerateEvent
                0x00000000       0x4c ..\obj\stm32f4xx_hal_tim.o
 .text.HAL_TIM_ConfigOCrefClear
                0x00000000      0x154 ..\obj\stm32f4xx_hal_tim.o
 .text.HAL_TIM_ConfigClockSource
                0x00000000      0x1b8 ..\obj\stm32f4xx_hal_tim.o
 .text.HAL_TIM_ConfigTI1Input
                0x00000000       0x3c ..\obj\stm32f4xx_hal_tim.o
 .text.HAL_TIM_SlaveConfigSynchronization
                0x00000000       0x6c ..\obj\stm32f4xx_hal_tim.o
 .text.HAL_TIM_SlaveConfigSynchronization_IT
                0x00000000       0x6c ..\obj\stm32f4xx_hal_tim.o
 .text.HAL_TIM_ReadCapturedValue
                0x00000000       0xa4 ..\obj\stm32f4xx_hal_tim.o
 .text.HAL_TIM_PeriodElapsedCallback
                0x00000000       0x14 ..\obj\stm32f4xx_hal_tim.o
 .text.HAL_TIM_OC_DelayElapsedCallback
                0x00000000       0x14 ..\obj\stm32f4xx_hal_tim.o
 .text.HAL_TIM_IC_CaptureCallback
                0x00000000       0x14 ..\obj\stm32f4xx_hal_tim.o
 .text.HAL_TIM_PWM_PulseFinishedCallback
                0x00000000       0x14 ..\obj\stm32f4xx_hal_tim.o
 .text.HAL_TIM_TriggerCallback
                0x00000000       0x14 ..\obj\stm32f4xx_hal_tim.o
 .text.HAL_TIM_ErrorCallback
                0x00000000       0x14 ..\obj\stm32f4xx_hal_tim.o
 .text.HAL_TIM_Base_GetState
                0x00000000       0x1c ..\obj\stm32f4xx_hal_tim.o
 .text.HAL_TIM_OC_GetState
                0x00000000       0x1c ..\obj\stm32f4xx_hal_tim.o
 .text.HAL_TIM_PWM_GetState
                0x00000000       0x1c ..\obj\stm32f4xx_hal_tim.o
 .text.HAL_TIM_IC_GetState
                0x00000000       0x1c ..\obj\stm32f4xx_hal_tim.o
 .text.HAL_TIM_OnePulse_GetState
                0x00000000       0x1c ..\obj\stm32f4xx_hal_tim.o
 .text.HAL_TIM_Encoder_GetState
                0x00000000       0x1c ..\obj\stm32f4xx_hal_tim.o
 .text.TIM_TI1_SetConfig
                0x00000000       0xdc ..\obj\stm32f4xx_hal_tim.o
 .text.TIM_OC2_SetConfig
                0x00000000       0xd8 ..\obj\stm32f4xx_hal_tim.o
 .text.TIM_DMADelayPulseCplt
                0x00000000       0x70 ..\obj\stm32f4xx_hal_tim.o
 .text.TIM_DMAError
                0x00000000       0x24 ..\obj\stm32f4xx_hal_tim.o
 .text.TIM_DMACaptureCplt
                0x00000000       0x70 ..\obj\stm32f4xx_hal_tim.o
 .text.TIM_CCxChannelCmd
                0x00000000       0x44 ..\obj\stm32f4xx_hal_tim.o
 .text.TIM_DMAPeriodElapsedCplt
                0x00000000       0x24 ..\obj\stm32f4xx_hal_tim.o
 .text.TIM_DMATriggerCplt
                0x00000000       0x24 ..\obj\stm32f4xx_hal_tim.o
 .text.TIM_OC1_SetConfig
                0x00000000       0xd0 ..\obj\stm32f4xx_hal_tim.o
 .text.TIM_OC3_SetConfig
                0x00000000       0xd8 ..\obj\stm32f4xx_hal_tim.o
 .text.TIM_OC4_SetConfig
                0x00000000       0xa8 ..\obj\stm32f4xx_hal_tim.o
 .text.TIM_SlaveTimer_SetConfig
                0x00000000      0x118 ..\obj\stm32f4xx_hal_tim.o
 .text.TIM_TI1_ConfigInputStage
                0x00000000       0x64 ..\obj\stm32f4xx_hal_tim.o
 .text.TIM_TI2_SetConfig
                0x00000000       0x80 ..\obj\stm32f4xx_hal_tim.o
 .text.TIM_TI2_ConfigInputStage
                0x00000000       0x68 ..\obj\stm32f4xx_hal_tim.o
 .text.TIM_TI3_SetConfig
                0x00000000       0x80 ..\obj\stm32f4xx_hal_tim.o
 .text.TIM_TI4_SetConfig
                0x00000000       0x80 ..\obj\stm32f4xx_hal_tim.o
 .text.TIM_ITRx_SetConfig
                0x00000000       0x40 ..\obj\stm32f4xx_hal_tim.o
 .text.TIM_ETR_SetConfig
                0x00000000       0x44 ..\obj\stm32f4xx_hal_tim.o
 .text          0x00000000        0x0 ..\obj\uart.o
 .data          0x00000000        0x0 ..\obj\uart.o
 .text.uart_send
                0x00000000       0x28 ..\obj\uart.o
 .text.uart_receive
                0x00000000       0x30 ..\obj\uart.o
 .text          0x00000000        0x0 ..\obj\startup_stm32f4xx.o
 .data          0x00000000        0x0 ..\obj\startup_stm32f4xx.o
 .bss           0x00000000        0x0 ..\obj\startup_stm32f4xx.o
 .text          0x00000000        0x0 ..\obj\sequencer_button .o
 .data          0x00000000        0x0 ..\obj\sequencer_button .o
 .text          0x00000000        0x0 ..\obj\main.o
 .data          0x00000000        0x0 ..\obj\main.o
 .bss           0x00000000        0x0 ..\obj\main.o
 .text.MX_SPI1_Init
                0x00000000       0xa4 ..\obj\main.o
 .text          0x00000000        0x0 ..\obj\stm32f4xx_it.o
 .data          0x00000000        0x0 ..\obj\stm32f4xx_it.o
 .bss           0x00000000        0x0 ..\obj\stm32f4xx_it.o
 .text          0x00000000        0x0 ..\obj\stm32f4xx_hal_flash.o
 .data          0x00000000        0x0 ..\obj\stm32f4xx_hal_flash.o
 .bss           0x00000000        0x0 ..\obj\stm32f4xx_hal_flash.o
 .text.HAL_FLASH_Program
                0x00000000       0xa8 ..\obj\stm32f4xx_hal_flash.o
 .text.HAL_FLASH_Program_IT
                0x00000000       0x9c ..\obj\stm32f4xx_hal_flash.o
 .text.HAL_FLASH_IRQHandler
                0x00000000      0x140 ..\obj\stm32f4xx_hal_flash.o
 .text.HAL_FLASH_EndOfOperationCallback
                0x00000000       0x14 ..\obj\stm32f4xx_hal_flash.o
 .text.HAL_FLASH_OperationErrorCallback
                0x00000000       0x14 ..\obj\stm32f4xx_hal_flash.o
 .text.HAL_FLASH_Unlock
                0x00000000       0x34 ..\obj\stm32f4xx_hal_flash.o
 .text.HAL_FLASH_Lock
                0x00000000       0x20 ..\obj\stm32f4xx_hal_flash.o
 .text.HAL_FLASH_OB_Unlock
                0x00000000       0x38 ..\obj\stm32f4xx_hal_flash.o
 .text.HAL_FLASH_OB_Lock
                0x00000000       0x20 ..\obj\stm32f4xx_hal_flash.o
 .text.HAL_FLASH_OB_Launch
                0x00000000       0x28 ..\obj\stm32f4xx_hal_flash.o
 .text.HAL_FLASH_GetError
                0x00000000       0x14 ..\obj\stm32f4xx_hal_flash.o
 .text.FLASH_WaitForLastOperation
                0x00000000       0x84 ..\obj\stm32f4xx_hal_flash.o
 .text.FLASH_Program_DoubleWord
                0x00000000       0x48 ..\obj\stm32f4xx_hal_flash.o
 .text.FLASH_Program_Word
                0x00000000       0x44 ..\obj\stm32f4xx_hal_flash.o
 .text.FLASH_Program_HalfWord
                0x00000000       0x44 ..\obj\stm32f4xx_hal_flash.o
 .text.FLASH_Program_Byte
                0x00000000       0x40 ..\obj\stm32f4xx_hal_flash.o
 .text.FLASH_SetErrorCode
                0x00000000       0xcc ..\obj\stm32f4xx_hal_flash.o
 .debug_info    0x00000000      0x559 ..\obj\stm32f4xx_hal_flash.o
 .debug_abbrev  0x00000000      0x1df ..\obj\stm32f4xx_hal_flash.o
 .debug_aranges
                0x00000000       0xa0 ..\obj\stm32f4xx_hal_flash.o
 .debug_ranges  0x00000000       0x90 ..\obj\stm32f4xx_hal_flash.o
 .debug_line    0x00000000      0x44a ..\obj\stm32f4xx_hal_flash.o
 .debug_str     0x00000000      0x527 ..\obj\stm32f4xx_hal_flash.o
 .comment       0x00000000       0x6f ..\obj\stm32f4xx_hal_flash.o
 .debug_frame   0x00000000      0x26c ..\obj\stm32f4xx_hal_flash.o
 .ARM.attributes
                0x00000000       0x33 ..\obj\stm32f4xx_hal_flash.o
 COMMON         0x00000000       0x20 ..\obj\stm32f4xx_hal_flash.o
 .text          0x00000000        0x0 ..\obj\stm32f4xx_hal_pwr.o
 .data          0x00000000        0x0 ..\obj\stm32f4xx_hal_pwr.o
 .bss           0x00000000        0x0 ..\obj\stm32f4xx_hal_pwr.o
 .text.HAL_PWR_DeInit
                0x00000000       0x28 ..\obj\stm32f4xx_hal_pwr.o
 .text.HAL_PWR_EnableBkUpAccess
                0x00000000       0x34 ..\obj\stm32f4xx_hal_pwr.o
 .text.HAL_PWR_DisableBkUpAccess
                0x00000000       0x34 ..\obj\stm32f4xx_hal_pwr.o
 .text.HAL_PWR_ConfigPVD
                0x00000000       0xbc ..\obj\stm32f4xx_hal_pwr.o
 .text.HAL_PWR_EnablePVD
                0x00000000       0x34 ..\obj\stm32f4xx_hal_pwr.o
 .text.HAL_PWR_DisablePVD
                0x00000000       0x34 ..\obj\stm32f4xx_hal_pwr.o
 .text.HAL_PWR_EnableWakeUpPin
                0x00000000       0x24 ..\obj\stm32f4xx_hal_pwr.o
 .text.HAL_PWR_DisableWakeUpPin
                0x00000000       0x24 ..\obj\stm32f4xx_hal_pwr.o
 .text.HAL_PWR_EnterSLEEPMode
                0x00000000       0x38 ..\obj\stm32f4xx_hal_pwr.o
 .text.HAL_PWR_EnterSTOPMode
                0x00000000       0x58 ..\obj\stm32f4xx_hal_pwr.o
 .text.HAL_PWR_EnterSTANDBYMode
                0x00000000       0x30 ..\obj\stm32f4xx_hal_pwr.o
 .text.HAL_PWR_PVD_IRQHandler
                0x00000000       0x24 ..\obj\stm32f4xx_hal_pwr.o
 .text.HAL_PWR_PVDCallback
                0x00000000        0xc ..\obj\stm32f4xx_hal_pwr.o
 .text.HAL_PWR_EnableSleepOnExit
                0x00000000       0x1c ..\obj\stm32f4xx_hal_pwr.o
 .text.HAL_PWR_DisableSleepOnExit
                0x00000000       0x1c ..\obj\stm32f4xx_hal_pwr.o
 .text.HAL_PWR_EnableSEVOnPend
                0x00000000       0x1c ..\obj\stm32f4xx_hal_pwr.o
 .text.HAL_PWR_DisableSEVOnPend
                0x00000000       0x1c ..\obj\stm32f4xx_hal_pwr.o
 .debug_info    0x00000000      0x842 ..\obj\stm32f4xx_hal_pwr.o
 .debug_abbrev  0x00000000      0x1f5 ..\obj\stm32f4xx_hal_pwr.o
 .debug_aranges
                0x00000000       0xa0 ..\obj\stm32f4xx_hal_pwr.o
 .debug_ranges  0x00000000       0x90 ..\obj\stm32f4xx_hal_pwr.o
 .debug_line    0x00000000      0x408 ..\obj\stm32f4xx_hal_pwr.o
 .debug_str     0x00000000      0x571 ..\obj\stm32f4xx_hal_pwr.o
 .comment       0x00000000       0x6f ..\obj\stm32f4xx_hal_pwr.o
 .debug_frame   0x00000000      0x274 ..\obj\stm32f4xx_hal_pwr.o
 .ARM.attributes
                0x00000000       0x33 ..\obj\stm32f4xx_hal_pwr.o
 .text          0x00000000        0x0 ..\obj\stm32f4xx_hal.o
 .data          0x00000000        0x0 ..\obj\stm32f4xx_hal.o
 .text.HAL_DeInit
                0x00000000       0x58 ..\obj\stm32f4xx_hal.o
 .text.HAL_MspInit
                0x00000000        0xc ..\obj\stm32f4xx_hal.o
 .text.HAL_MspDeInit
                0x00000000        0xc ..\obj\stm32f4xx_hal.o
 .text.HAL_Delay
                0x00000000       0x2c ..\obj\stm32f4xx_hal.o
 .text.HAL_SuspendTick
                0x00000000       0x1c ..\obj\stm32f4xx_hal.o
 .text.HAL_ResumeTick
                0x00000000       0x1c ..\obj\stm32f4xx_hal.o
 .text.HAL_GetHalVersion
                0x00000000       0x14 ..\obj\stm32f4xx_hal.o
 .text.HAL_GetREVID
                0x00000000       0x18 ..\obj\stm32f4xx_hal.o
 .text.HAL_GetDEVID
                0x00000000       0x18 ..\obj\stm32f4xx_hal.o
 .text.HAL_DBGMCU_EnableDBGSleepMode
                0x00000000       0x1c ..\obj\stm32f4xx_hal.o
 .text.HAL_DBGMCU_DisableDBGSleepMode
                0x00000000       0x1c ..\obj\stm32f4xx_hal.o
 .text.HAL_DBGMCU_EnableDBGStopMode
                0x00000000       0x1c ..\obj\stm32f4xx_hal.o
 .text.HAL_DBGMCU_DisableDBGStopMode
                0x00000000       0x1c ..\obj\stm32f4xx_hal.o
 .text.HAL_DBGMCU_EnableDBGStandbyMode
                0x00000000       0x1c ..\obj\stm32f4xx_hal.o
 .text.HAL_DBGMCU_DisableDBGStandbyMode
                0x00000000       0x1c ..\obj\stm32f4xx_hal.o
 .text.HAL_EnableCompensationCell
                0x00000000       0x34 ..\obj\stm32f4xx_hal.o
 .text.HAL_DisableCompensationCell
                0x00000000       0x34 ..\obj\stm32f4xx_hal.o
 .text          0x00000000        0x0 ..\obj\stm32f4xx_hal_dma_ex.o
 .data          0x00000000        0x0 ..\obj\stm32f4xx_hal_dma_ex.o
 .bss           0x00000000        0x0 ..\obj\stm32f4xx_hal_dma_ex.o
 .text.HAL_DMAEx_MultiBufferStart
                0x00000000       0xa0 ..\obj\stm32f4xx_hal_dma_ex.o
 .text.HAL_DMAEx_MultiBufferStart_IT
                0x00000000       0xf0 ..\obj\stm32f4xx_hal_dma_ex.o
 .text.HAL_DMAEx_ChangeMemory
                0x00000000       0x34 ..\obj\stm32f4xx_hal_dma_ex.o
 .text.DMA_MultiBufferSetConfig
                0x00000000       0x4c ..\obj\stm32f4xx_hal_dma_ex.o
 .debug_info    0x00000000      0x4bd ..\obj\stm32f4xx_hal_dma_ex.o
 .debug_abbrev  0x00000000      0x12f ..\obj\stm32f4xx_hal_dma_ex.o
 .debug_aranges
                0x00000000       0x38 ..\obj\stm32f4xx_hal_dma_ex.o
 .debug_ranges  0x00000000       0x28 ..\obj\stm32f4xx_hal_dma_ex.o
 .debug_line    0x00000000      0x2ff ..\obj\stm32f4xx_hal_dma_ex.o
 .debug_str     0x00000000      0x595 ..\obj\stm32f4xx_hal_dma_ex.o
 .comment       0x00000000       0x6f ..\obj\stm32f4xx_hal_dma_ex.o
 .debug_frame   0x00000000       0xa8 ..\obj\stm32f4xx_hal_dma_ex.o
 .ARM.attributes
                0x00000000       0x33 ..\obj\stm32f4xx_hal_dma_ex.o
 .text          0x00000000        0x0 ..\obj\stm32f4xx_hal_rcc_ex.o
 .data          0x00000000        0x0 ..\obj\stm32f4xx_hal_rcc_ex.o
 .bss           0x00000000        0x0 ..\obj\stm32f4xx_hal_rcc_ex.o
 .text.HAL_RCC_DeInit
                0x00000000       0x78 ..\obj\stm32f4xx_hal_rcc_ex.o
 .text.HAL_RCCEx_PeriphCLKConfig
                0x00000000      0x1d0 ..\obj\stm32f4xx_hal_rcc_ex.o
 .text.HAL_RCCEx_GetPeriphCLKConfig
                0x00000000       0x84 ..\obj\stm32f4xx_hal_rcc_ex.o
 .debug_info    0x00000000      0x511 ..\obj\stm32f4xx_hal_rcc_ex.o
 .debug_abbrev  0x00000000      0x197 ..\obj\stm32f4xx_hal_rcc_ex.o
 .debug_aranges
                0x00000000       0x30 ..\obj\stm32f4xx_hal_rcc_ex.o
 .debug_ranges  0x00000000       0x20 ..\obj\stm32f4xx_hal_rcc_ex.o
 .debug_line    0x00000000      0x333 ..\obj\stm32f4xx_hal_rcc_ex.o
 .debug_str     0x00000000      0x438 ..\obj\stm32f4xx_hal_rcc_ex.o
 .comment       0x00000000       0x6f ..\obj\stm32f4xx_hal_rcc_ex.o
 .debug_frame   0x00000000       0x7c ..\obj\stm32f4xx_hal_rcc_ex.o
 .ARM.attributes
                0x00000000       0x33 ..\obj\stm32f4xx_hal_rcc_ex.o
 .text          0x00000000        0x0 ..\obj\error.o
 .data          0x00000000        0x0 ..\obj\error.o
 .bss           0x00000000        0x0 ..\obj\error.o
 .debug_line    0x00000000        0x0 ..\obj\error.o
 .debug_str     0x00000000       0xbc ..\obj\error.o
 .comment       0x00000000       0x6f ..\obj\error.o
 .ARM.attributes
                0x00000000       0x33 ..\obj\error.o
 .text          0x00000000        0x0 ..\obj\stm32f4xx_hal_rcc.o
 .data          0x00000000        0x0 ..\obj\stm32f4xx_hal_rcc.o
 .bss           0x00000000        0x0 ..\obj\stm32f4xx_hal_rcc.o
 .text.HAL_RCC_DeInit
                0x00000000        0xc ..\obj\stm32f4xx_hal_rcc.o
 .text.HAL_RCC_ClockConfig
                0x00000000      0x314 ..\obj\stm32f4xx_hal_rcc.o
 .text.HAL_RCC_MCOConfig
                0x00000000       0xd0 ..\obj\stm32f4xx_hal_rcc.o
 .text.HAL_RCC_EnableCSS
                0x00000000       0x18 ..\obj\stm32f4xx_hal_rcc.o
 .text.HAL_RCC_DisableCSS
                0x00000000       0x18 ..\obj\stm32f4xx_hal_rcc.o
 .text.HAL_RCC_GetOscConfig
                0x00000000      0x170 ..\obj\stm32f4xx_hal_rcc.o
 .text.HAL_RCC_GetClockConfig
                0x00000000       0x60 ..\obj\stm32f4xx_hal_rcc.o
 .text.HAL_RCC_NMI_IRQHandler
                0x00000000       0x28 ..\obj\stm32f4xx_hal_rcc.o
 .text.HAL_RCC_CSSCallback
                0x00000000        0xc ..\obj\stm32f4xx_hal_rcc.o
 .text          0x00000000        0x0 ..\obj\stm32f4xx_hal_flash_ex.o
 .data          0x00000000        0x0 ..\obj\stm32f4xx_hal_flash_ex.o
 .bss           0x00000000        0x0 ..\obj\stm32f4xx_hal_flash_ex.o
 .text.HAL_FLASHEx_Erase
                0x00000000       0xe0 ..\obj\stm32f4xx_hal_flash_ex.o
 .text.HAL_FLASHEx_Erase_IT
                0x00000000       0xac ..\obj\stm32f4xx_hal_flash_ex.o
 .text.HAL_FLASHEx_OBProgram
                0x00000000       0xdc ..\obj\stm32f4xx_hal_flash_ex.o
 .text.HAL_FLASHEx_OBGetConfig
                0x00000000       0x48 ..\obj\stm32f4xx_hal_flash_ex.o
 .text.HAL_FLASHEx_AdvOBProgram
                0x00000000       0x48 ..\obj\stm32f4xx_hal_flash_ex.o
 .text.HAL_FLASHEx_AdvOBGetConfig
                0x00000000       0x20 ..\obj\stm32f4xx_hal_flash_ex.o
 .text.HAL_FLASHEx_OB_SelectPCROP
                0x00000000       0x34 ..\obj\stm32f4xx_hal_flash_ex.o
 .text.HAL_FLASHEx_OB_DeSelectPCROP
                0x00000000       0x2c ..\obj\stm32f4xx_hal_flash_ex.o
 .text.FLASH_MassErase
                0x00000000       0x50 ..\obj\stm32f4xx_hal_flash_ex.o
 .text.FLASH_Erase_Sector
                0x00000000       0xa4 ..\obj\stm32f4xx_hal_flash_ex.o
 .text.FLASH_OB_EnableWRP
                0x00000000       0x44 ..\obj\stm32f4xx_hal_flash_ex.o
 .text.FLASH_OB_DisableWRP
                0x00000000       0x44 ..\obj\stm32f4xx_hal_flash_ex.o
 .text.FLASH_OB_EnablePCROP
                0x00000000       0x44 ..\obj\stm32f4xx_hal_flash_ex.o
 .text.FLASH_OB_DisablePCROP
                0x00000000       0x44 ..\obj\stm32f4xx_hal_flash_ex.o
 .text.FLASH_OB_RDP_LevelConfig
                0x00000000       0x34 ..\obj\stm32f4xx_hal_flash_ex.o
 .text.FLASH_OB_UserConfig
                0x00000000       0x60 ..\obj\stm32f4xx_hal_flash_ex.o
 .text.FLASH_OB_BOR_LevelConfig
                0x00000000       0x3c ..\obj\stm32f4xx_hal_flash_ex.o
 .text.FLASH_OB_GetUser
                0x00000000       0x1c ..\obj\stm32f4xx_hal_flash_ex.o
 .text.FLASH_OB_GetWRP
                0x00000000       0x18 ..\obj\stm32f4xx_hal_flash_ex.o
 .text.FLASH_OB_GetRDP
                0x00000000       0x40 ..\obj\stm32f4xx_hal_flash_ex.o
 .text.FLASH_OB_GetBOR
                0x00000000       0x1c ..\obj\stm32f4xx_hal_flash_ex.o
 .text.FLASH_FlushCaches
                0x00000000       0x88 ..\obj\stm32f4xx_hal_flash_ex.o
 .debug_info    0x00000000      0x84c ..\obj\stm32f4xx_hal_flash_ex.o
 .debug_abbrev  0x00000000      0x275 ..\obj\stm32f4xx_hal_flash_ex.o
 .debug_aranges
                0x00000000       0xc8 ..\obj\stm32f4xx_hal_flash_ex.o
 .debug_ranges  0x00000000       0xb8 ..\obj\stm32f4xx_hal_flash_ex.o
 .debug_line    0x00000000      0x503 ..\obj\stm32f4xx_hal_flash_ex.o
 .debug_str     0x00000000      0x67a ..\obj\stm32f4xx_hal_flash_ex.o
 .comment       0x00000000       0x6f ..\obj\stm32f4xx_hal_flash_ex.o
 .debug_frame   0x00000000      0x334 ..\obj\stm32f4xx_hal_flash_ex.o
 .ARM.attributes
                0x00000000       0x33 ..\obj\stm32f4xx_hal_flash_ex.o
 .text          0x00000000        0x0 ..\obj\sequencer.o
 .data          0x00000000        0x0 ..\obj\sequencer.o
 .bss           0x00000000        0x0 ..\obj\sequencer.o
 .text          0x00000000        0x0 ..\obj\stm32f4xx_hal_cortex.o
 .data          0x00000000        0x0 ..\obj\stm32f4xx_hal_cortex.o
 .bss           0x00000000        0x0 ..\obj\stm32f4xx_hal_cortex.o
 .text.NVIC_DisableIRQ
                0x00000000       0x34 ..\obj\stm32f4xx_hal_cortex.o
 .text.NVIC_GetPendingIRQ
                0x00000000       0x34 ..\obj\stm32f4xx_hal_cortex.o
 .text.NVIC_SetPendingIRQ
                0x00000000       0x34 ..\obj\stm32f4xx_hal_cortex.o
 .text.NVIC_ClearPendingIRQ
                0x00000000       0x34 ..\obj\stm32f4xx_hal_cortex.o
 .text.NVIC_GetActive
                0x00000000       0x34 ..\obj\stm32f4xx_hal_cortex.o
 .text.NVIC_GetPriority
                0x00000000       0x4c ..\obj\stm32f4xx_hal_cortex.o
 .text.NVIC_DecodePriority
                0x00000000       0x68 ..\obj\stm32f4xx_hal_cortex.o
 .text.NVIC_SystemReset
                0x00000000       0x28 ..\obj\stm32f4xx_hal_cortex.o
 .text.HAL_NVIC_DisableIRQ
                0x00000000       0x1c ..\obj\stm32f4xx_hal_cortex.o
 .text.HAL_NVIC_SystemReset
                0x00000000        0xc ..\obj\stm32f4xx_hal_cortex.o
 .text.HAL_MPU_ConfigRegion
                0x00000000       0x84 ..\obj\stm32f4xx_hal_cortex.o
 .text.HAL_NVIC_GetPriorityGrouping
                0x00000000       0x10 ..\obj\stm32f4xx_hal_cortex.o
 .text.HAL_NVIC_GetPriority
                0x00000000       0x2c ..\obj\stm32f4xx_hal_cortex.o
 .text.HAL_NVIC_SetPendingIRQ
                0x00000000       0x1c ..\obj\stm32f4xx_hal_cortex.o
 .text.HAL_NVIC_GetPendingIRQ
                0x00000000       0x20 ..\obj\stm32f4xx_hal_cortex.o
 .text.HAL_NVIC_ClearPendingIRQ
                0x00000000       0x1c ..\obj\stm32f4xx_hal_cortex.o
 .text.HAL_NVIC_GetActive
                0x00000000       0x20 ..\obj\stm32f4xx_hal_cortex.o
 .text          0x00000000        0x0 ..\obj\system_stm32f4xx.o
 .bss           0x00000000        0x0 ..\obj\system_stm32f4xx.o
 .rodata        0x00000000       0x10 ..\obj\system_stm32f4xx.o
 .text.SystemInit
                0x00000000       0x5c ..\obj\system_stm32f4xx.o
 .text.SystemCoreClockUpdate
                0x00000000       0xf8 ..\obj\system_stm32f4xx.o
 .text          0x00000000        0x0 ..\obj\sequencer_led .o
 .data          0x00000000        0x0 ..\obj\sequencer_led .o
 .text          0x00000000        0x0 ..\obj\stm32f4xx_hal_gpio.o
 .data          0x00000000        0x0 ..\obj\stm32f4xx_hal_gpio.o
 .bss           0x00000000        0x0 ..\obj\stm32f4xx_hal_gpio.o
 .text.HAL_GPIO_DeInit
                0x00000000      0x1c4 ..\obj\stm32f4xx_hal_gpio.o
 .text.HAL_GPIO_TogglePin
                0x00000000       0x24 ..\obj\stm32f4xx_hal_gpio.o
 .text.HAL_GPIO_LockPin
                0x00000000       0x50 ..\obj\stm32f4xx_hal_gpio.o
 .text.HAL_GPIO_EXTI_IRQHandler
                0x00000000       0x30 ..\obj\stm32f4xx_hal_gpio.o
 .text.HAL_GPIO_EXTI_Callback
                0x00000000       0x14 ..\obj\stm32f4xx_hal_gpio.o
 .text          0x00000000        0x0 ..\obj\stm32f4xx_hal_pwr_ex.o
 .data          0x00000000        0x0 ..\obj\stm32f4xx_hal_pwr_ex.o
 .bss           0x00000000        0x0 ..\obj\stm32f4xx_hal_pwr_ex.o
 .text.HAL_PWREx_EnableBkUpReg
                0x00000000       0x68 ..\obj\stm32f4xx_hal_pwr_ex.o
 .text.HAL_PWREx_DisableBkUpReg
                0x00000000       0x68 ..\obj\stm32f4xx_hal_pwr_ex.o
 .text.HAL_PWREx_EnableFlashPowerDown
                0x00000000       0x34 ..\obj\stm32f4xx_hal_pwr_ex.o
 .text.HAL_PWREx_DisableFlashPowerDown
                0x00000000       0x34 ..\obj\stm32f4xx_hal_pwr_ex.o
 .text.HAL_PWREx_GetVoltageRange
                0x00000000       0x18 ..\obj\stm32f4xx_hal_pwr_ex.o
 .text.HAL_PWREx_ControlVoltageScaling
                0x00000000       0xf0 ..\obj\stm32f4xx_hal_pwr_ex.o
 .text.HAL_PWREx_EnableMainRegulatorLowVoltage
                0x00000000       0x34 ..\obj\stm32f4xx_hal_pwr_ex.o
 .text.HAL_PWREx_DisableMainRegulatorLowVoltage
                0x00000000       0x34 ..\obj\stm32f4xx_hal_pwr_ex.o
 .text.HAL_PWREx_EnableLowRegulatorLowVoltage
                0x00000000       0x34 ..\obj\stm32f4xx_hal_pwr_ex.o
 .text.HAL_PWREx_DisableLowRegulatorLowVoltage
                0x00000000       0x34 ..\obj\stm32f4xx_hal_pwr_ex.o
 .debug_info    0x00000000      0x5ef ..\obj\stm32f4xx_hal_pwr_ex.o
 .debug_abbrev  0x00000000      0x1de ..\obj\stm32f4xx_hal_pwr_ex.o
 .debug_aranges
                0x00000000       0x68 ..\obj\stm32f4xx_hal_pwr_ex.o
 .debug_ranges  0x00000000       0x58 ..\obj\stm32f4xx_hal_pwr_ex.o
 .debug_line    0x00000000      0x3ae ..\obj\stm32f4xx_hal_pwr_ex.o
 .debug_str     0x00000000      0x4c0 ..\obj\stm32f4xx_hal_pwr_ex.o
 .comment       0x00000000       0x6f ..\obj\stm32f4xx_hal_pwr_ex.o
 .debug_frame   0x00000000      0x18c ..\obj\stm32f4xx_hal_pwr_ex.o
 .ARM.attributes
                0x00000000       0x33 ..\obj\stm32f4xx_hal_pwr_ex.o
 .text          0x00000000        0x0 ..\obj\stm32f4xx_hal_tim_ex.o
 .data          0x00000000        0x0 ..\obj\stm32f4xx_hal_tim_ex.o
 .bss           0x00000000        0x0 ..\obj\stm32f4xx_hal_tim_ex.o
 .text.HAL_TIMEx_HallSensor_Init
                0x00000000      0x118 ..\obj\stm32f4xx_hal_tim_ex.o
 .text.HAL_TIMEx_HallSensor_DeInit
                0x00000000       0x60 ..\obj\stm32f4xx_hal_tim_ex.o
 .text.HAL_TIMEx_HallSensor_MspInit
                0x00000000       0x14 ..\obj\stm32f4xx_hal_tim_ex.o
 .text.HAL_TIMEx_HallSensor_MspDeInit
                0x00000000       0x14 ..\obj\stm32f4xx_hal_tim_ex.o
 .text.HAL_TIMEx_HallSensor_Start
                0x00000000       0x30 ..\obj\stm32f4xx_hal_tim_ex.o
 .text.HAL_TIMEx_HallSensor_Stop
                0x00000000       0x50 ..\obj\stm32f4xx_hal_tim_ex.o
 .text.HAL_TIMEx_HallSensor_Start_IT
                0x00000000       0x40 ..\obj\stm32f4xx_hal_tim_ex.o
 .text.HAL_TIMEx_HallSensor_Stop_IT
                0x00000000       0x60 ..\obj\stm32f4xx_hal_tim_ex.o
 .text.HAL_TIMEx_HallSensor_Start_DMA
                0x00000000       0xa8 ..\obj\stm32f4xx_hal_tim_ex.o
 .text.HAL_TIMEx_HallSensor_Stop_DMA
                0x00000000       0x60 ..\obj\stm32f4xx_hal_tim_ex.o
 .text.HAL_TIMEx_OCN_Start
                0x00000000       0x44 ..\obj\stm32f4xx_hal_tim_ex.o
 .text.HAL_TIMEx_OCN_Stop
                0x00000000       0x84 ..\obj\stm32f4xx_hal_tim_ex.o
 .text.HAL_TIMEx_OCN_Start_IT
                0x00000000       0xe0 ..\obj\stm32f4xx_hal_tim_ex.o
 .text.HAL_TIMEx_OCN_Stop_IT
                0x00000000      0x130 ..\obj\stm32f4xx_hal_tim_ex.o
 .text.HAL_TIMEx_OCN_Start_DMA
                0x00000000      0x1a0 ..\obj\stm32f4xx_hal_tim_ex.o
 .text.HAL_TIMEx_OCN_Stop_DMA
                0x00000000      0x118 ..\obj\stm32f4xx_hal_tim_ex.o
 .text.HAL_TIMEx_PWMN_Start
                0x00000000       0x44 ..\obj\stm32f4xx_hal_tim_ex.o
 .text.HAL_TIMEx_PWMN_Stop
                0x00000000       0x84 ..\obj\stm32f4xx_hal_tim_ex.o
 .text.HAL_TIMEx_PWMN_Start_IT
                0x00000000       0xe0 ..\obj\stm32f4xx_hal_tim_ex.o
 .text.HAL_TIMEx_PWMN_Stop_IT
                0x00000000      0x130 ..\obj\stm32f4xx_hal_tim_ex.o
 .text.HAL_TIMEx_PWMN_Start_DMA
                0x00000000      0x1a0 ..\obj\stm32f4xx_hal_tim_ex.o
 .text.HAL_TIMEx_PWMN_Stop_DMA
                0x00000000      0x118 ..\obj\stm32f4xx_hal_tim_ex.o
 .text.HAL_TIMEx_OnePulseN_Start
                0x00000000       0x34 ..\obj\stm32f4xx_hal_tim_ex.o
 .text.HAL_TIMEx_OnePulseN_Stop
                0x00000000       0x84 ..\obj\stm32f4xx_hal_tim_ex.o
 .text.HAL_TIMEx_OnePulseN_Start_IT
                0x00000000       0x54 ..\obj\stm32f4xx_hal_tim_ex.o
 .text.HAL_TIMEx_OnePulseN_Stop_IT
                0x00000000       0xa4 ..\obj\stm32f4xx_hal_tim_ex.o
 .text.HAL_TIMEx_ConfigCommutationEvent
                0x00000000       0xa0 ..\obj\stm32f4xx_hal_tim_ex.o
 .text.HAL_TIMEx_ConfigCommutationEvent_IT
                0x00000000       0xb0 ..\obj\stm32f4xx_hal_tim_ex.o
 .text.HAL_TIMEx_ConfigCommutationEvent_DMA
                0x00000000       0xc8 ..\obj\stm32f4xx_hal_tim_ex.o
 .text.HAL_TIMEx_MasterConfigSynchronization
                0x00000000       0x88 ..\obj\stm32f4xx_hal_tim_ex.o
 .text.HAL_TIMEx_ConfigBreakDeadTime
                0x00000000       0x74 ..\obj\stm32f4xx_hal_tim_ex.o
 .text.HAL_TIMEx_RemapConfig
                0x00000000       0x44 ..\obj\stm32f4xx_hal_tim_ex.o
 .text.HAL_TIMEx_CommutationCallback
                0x00000000       0x14 ..\obj\stm32f4xx_hal_tim_ex.o
 .text.HAL_TIMEx_BreakCallback
                0x00000000       0x14 ..\obj\stm32f4xx_hal_tim_ex.o
 .text.HAL_TIMEx_HallSensor_GetState
                0x00000000       0x1c ..\obj\stm32f4xx_hal_tim_ex.o
 .text.TIMEx_DMACommutationCplt
                0x00000000       0x24 ..\obj\stm32f4xx_hal_tim_ex.o
 .text.TIM_CCxNChannelCmd
                0x00000000       0x44 ..\obj\stm32f4xx_hal_tim_ex.o
 .debug_info    0x00000000      0xf52 ..\obj\stm32f4xx_hal_tim_ex.o
 .debug_abbrev  0x00000000      0x20e ..\obj\stm32f4xx_hal_tim_ex.o
 .debug_aranges
                0x00000000      0x140 ..\obj\stm32f4xx_hal_tim_ex.o
 .debug_ranges  0x00000000      0x130 ..\obj\stm32f4xx_hal_tim_ex.o
 .debug_line    0x00000000      0x85c ..\obj\stm32f4xx_hal_tim_ex.o
 .debug_str     0x00000000      0xc66 ..\obj\stm32f4xx_hal_tim_ex.o
 .comment       0x00000000       0x6f ..\obj\stm32f4xx_hal_tim_ex.o
 .debug_frame   0x00000000      0x574 ..\obj\stm32f4xx_hal_tim_ex.o
 .ARM.attributes
                0x00000000       0x33 ..\obj\stm32f4xx_hal_tim_ex.o
 .text          0x00000000        0x0 ..\obj\stm32f4xx_hal_dma.o
 .data          0x00000000        0x0 ..\obj\stm32f4xx_hal_dma.o
 .bss           0x00000000        0x0 ..\obj\stm32f4xx_hal_dma.o
 .text.HAL_DMA_Init
                0x00000000       0xd8 ..\obj\stm32f4xx_hal_dma.o
 .text.HAL_DMA_DeInit
                0x00000000       0x9c ..\obj\stm32f4xx_hal_dma.o
 .text.HAL_DMA_Start
                0x00000000       0x64 ..\obj\stm32f4xx_hal_dma.o
 .text.HAL_DMA_Start_IT
                0x00000000       0x84 ..\obj\stm32f4xx_hal_dma.o
 .text.HAL_DMA_Abort
                0x00000000       0x7c ..\obj\stm32f4xx_hal_dma.o
 .text.HAL_DMA_PollForTransfer
                0x00000000      0x208 ..\obj\stm32f4xx_hal_dma.o
 .text.HAL_DMA_IRQHandler
                0x00000000      0x2d8 ..\obj\stm32f4xx_hal_dma.o
 .text.HAL_DMA_GetState
                0x00000000       0x1c ..\obj\stm32f4xx_hal_dma.o
 .text.HAL_DMA_GetError
                0x00000000       0x18 ..\obj\stm32f4xx_hal_dma.o
 .text.DMA_SetConfig
                0x00000000       0x5c ..\obj\stm32f4xx_hal_dma.o
 .text.DMA_CalcBaseAndBitshift
                0x00000000       0x68 ..\obj\stm32f4xx_hal_dma.o
 .rodata        0x00000000        0x8 ..\obj\stm32f4xx_hal_dma.o
 .debug_info    0x00000000      0x6fc ..\obj\stm32f4xx_hal_dma.o
 .debug_abbrev  0x00000000      0x1ce ..\obj\stm32f4xx_hal_dma.o
 .debug_aranges
                0x00000000       0x70 ..\obj\stm32f4xx_hal_dma.o
 .debug_ranges  0x00000000       0x60 ..\obj\stm32f4xx_hal_dma.o
 .debug_line    0x00000000      0x456 ..\obj\stm32f4xx_hal_dma.o
 .debug_str     0x00000000      0x65a ..\obj\stm32f4xx_hal_dma.o
 .comment       0x00000000       0x6f ..\obj\stm32f4xx_hal_dma.o
 .debug_frame   0x00000000      0x1b0 ..\obj\stm32f4xx_hal_dma.o
 .ARM.attributes
                0x00000000       0x33 ..\obj\stm32f4xx_hal_dma.o

Memory Configuration

Name             Origin             Length             Attributes
rom              0x08000000         0x00020000         xr
ram              0x20000000         0x00010000         xrw
*default*        0x00000000         0xffffffff

Linker script and memory map

                0x20010000                _eram = 0x20010000

.text           0x08000000     0x1ce8
 *(.isr_vector)
 .isr_vector    0x08000000      0x188 ..\obj\startup_stm32f4xx.o
                0x08000000                g_pfnVectors
 *(.text*)
 .text.driver_led_init
                0x08000188       0x4c ..\obj\driver_led.o
                0x08000188                driver_led_init
 .text.driver_led_set
                0x080001d4       0x18 ..\obj\driver_led.o
                0x080001d4                driver_led_set
 .text.driver_led_reset
                0x080001ec       0x18 ..\obj\driver_led.o
                0x080001ec                driver_led_reset
 .text.HAL_MspInit
                0x08000204       0x1c ..\obj\stm32f4xx_hal_msp.o
                0x08000204                HAL_MspInit
 .text.HAL_TIM_Base_MspInit
                0x08000220       0x40 ..\obj\stm32f4xx_hal_msp.o
                0x08000220                HAL_TIM_Base_MspInit
 .text.HAL_UART_MspInit
                0x08000260       0x64 ..\obj\stm32f4xx_hal_msp.o
                0x08000260                HAL_UART_MspInit
 .text.driver_button_get_status
                0x080002c4       0x5c ..\obj\driver_button.o
                0x080002c4                driver_button_get_status
 .text.driver_button_init
                0x08000320       0x64 ..\obj\driver_button.o
                0x08000320                driver_button_init
 .text.driver_button_get_pin_state
                0x08000384       0x38 ..\obj\driver_button.o
                0x08000384                driver_button_get_pin_state
 .text.HAL_UART_Init
                0x080003bc       0x94 ..\obj\stm32f4xx_hal_uart.o
                0x080003bc                HAL_UART_Init
 .text.UART_SetConfig
                0x08000450      0x2d8 ..\obj\stm32f4xx_hal_uart.o
 .text.HAL_TIM_Base_Init
                0x08000728       0x58 ..\obj\stm32f4xx_hal_tim.o
                0x08000728                HAL_TIM_Base_Init
 .text.HAL_TIM_Base_Start_IT
                0x08000780       0x34 ..\obj\stm32f4xx_hal_tim.o
                0x08000780                HAL_TIM_Base_Start_IT
 .text.TIM_Base_SetConfig
                0x080007b4      0x108 ..\obj\stm32f4xx_hal_tim.o
                0x080007b4                TIM_Base_SetConfig
 .text.uart_init
                0x080008bc       0x70 ..\obj\uart.o
                0x080008bc                uart_init
 .text.Default_Reset_Handler
                0x0800092c       0x5c ..\obj\startup_stm32f4xx.o
                0x0800092c                Default_Reset_Handler
                0x0800092c                Reset_Handler
 .text.Default_Handler
                0x08000988        0x8 ..\obj\startup_stm32f4xx.o
                0x08000988                RTC_Alarm_IRQHandler
                0x08000988                HASH_RNG_IRQHandler
                0x08000988                EXTI2_IRQHandler
                0x08000988                TIM8_CC_IRQHandler
                0x08000988                DebugMon_Handler
                0x08000988                TIM1_CC_IRQHandler
                0x08000988                DMA2_Stream5_IRQHandler
                0x08000988                HardFault_Handler
                0x08000988                DMA1_Stream5_IRQHandler
                0x08000988                PVD_IRQHandler
                0x08000988                SDIO_IRQHandler
                0x08000988                TAMP_STAMP_IRQHandler
                0x08000988                PendSV_Handler
                0x08000988                NMI_Handler
                0x08000988                CAN2_RX1_IRQHandler
                0x08000988                EXTI3_IRQHandler
                0x08000988                TIM8_TRG_COM_TIM14_IRQHandler
                0x08000988                TIM1_UP_TIM10_IRQHandler
                0x08000988                TIM8_UP_TIM13_IRQHandler
                0x08000988                I2C3_ER_IRQHandler
                0x08000988                EXTI0_IRQHandler
                0x08000988                I2C2_EV_IRQHandler
                0x08000988                DMA1_Stream2_IRQHandler
                0x08000988                CAN1_RX0_IRQHandler
                0x08000988                FPU_IRQHandler
                0x08000988                OTG_HS_WKUP_IRQHandler
                0x08000988                UsageFault_Handler
                0x08000988                CAN2_SCE_IRQHandler
                0x08000988                DMA2_Stream2_IRQHandler
                0x08000988                SPI1_IRQHandler
                0x08000988                TIM6_DAC_IRQHandler
                0x08000988                TIM1_BRK_TIM9_IRQHandler
                0x08000988                DCMI_IRQHandler
                0x08000988                CAN2_RX0_IRQHandler
                0x08000988                DMA2_Stream3_IRQHandler
                0x08000988                USART6_IRQHandler
                0x08000988                USART3_IRQHandler
                0x08000988                CRYP_IRQHandler
                0x08000988                CAN1_RX1_IRQHandler
                0x08000988                UART5_IRQHandler
                0x08000988                DMA2_Stream0_IRQHandler
                0x08000988                I2C1_EV_IRQHandler
                0x08000988                DMA1_Stream6_IRQHandler
                0x08000988                DMA1_Stream1_IRQHandler
                0x08000988                UART4_IRQHandler
                0x08000988                TIM3_IRQHandler
                0x08000988                RCC_IRQHandler
                0x08000988                TIM8_BRK_TIM12_IRQHandler
                0x08000988                EXTI15_10_IRQHandler
                0x08000988                ADC_IRQHandler
                0x08000988                DMA1_Stream7_IRQHandler
                0x08000988                TIM7_IRQHandler
                0x08000988                CAN2_TX_IRQHandler
                0x08000988                TIM5_IRQHandler
                0x08000988                DMA2_Stream7_IRQHandler
                0x08000988                I2C3_EV_IRQHandler
                0x08000988                EXTI9_5_IRQHandler
                0x08000988                RTC_WKUP_IRQHandler
                0x08000988                ETH_WKUP_IRQHandler
                0x08000988                SPI2_IRQHandler
                0x08000988                OTG_HS_EP1_IN_IRQHandler
                0x08000988                MemManage_Handler
                0x08000988                DMA1_Stream0_IRQHandler
                0x08000988                CAN1_TX_IRQHandler
                0x08000988                SVC_Handler
                0x08000988                EXTI4_IRQHandler
                0x08000988                FSMC_IRQHandler
                0x08000988                ETH_IRQHandler
                0x08000988                OTG_HS_EP1_OUT_IRQHandler
                0x08000988                WWDG_IRQHandler
                0x08000988                TIM2_IRQHandler
                0x08000988                OTG_FS_WKUP_IRQHandler
                0x08000988                TIM1_TRG_COM_TIM11_IRQHandler
                0x08000988                OTG_HS_IRQHandler
                0x08000988                EXTI1_IRQHandler
                0x08000988                USART2_IRQHandler
                0x08000988                I2C2_ER_IRQHandler
                0x08000988                DMA2_Stream1_IRQHandler
                0x08000988                CAN1_SCE_IRQHandler
                0x08000988                FLASH_IRQHandler
                0x08000988                DMA2_Stream4_IRQHandler
                0x08000988                BusFault_Handler
                0x08000988                USART1_IRQHandler
                0x08000988                OTG_FS_IRQHandler
                0x08000988                SPI3_IRQHandler
                0x08000988                DMA1_Stream4_IRQHandler
                0x08000988                I2C1_ER_IRQHandler
                0x08000988                DMA2_Stream6_IRQHandler
                0x08000988                DMA1_Stream3_IRQHandler
 .text.sequencer_button_init
                0x08000990       0x4c ..\obj\sequencer_button .o
                0x08000990                sequencer_button_init
 .text.sequencer_button_get_push_type
                0x080009dc      0x120 ..\obj\sequencer_button .o
                0x080009dc                sequencer_button_get_push_type
 .text.sequencer_button_reinit
                0x08000afc       0x38 ..\obj\sequencer_button .o
 .text.sequencer_button_detect_push_type
                0x08000b34       0x8c ..\obj\sequencer_button .o
 .text.main     0x08000bc0       0x24 ..\obj\main.o
                0x08000bc0                main
 .text.SystemClock_Config
                0x08000be4       0x98 ..\obj\main.o
                0x08000be4                SystemClock_Config
 .text.TIM4_init
                0x08000c7c       0x6c ..\obj\main.o
                0x08000c7c                TIM4_init
 .text.TIM4_IRQHandler
                0x08000ce8       0x48 ..\obj\main.o
                0x08000ce8                TIM4_IRQHandler
 .text.SysTick_Handler
                0x08000d30       0x10 ..\obj\stm32f4xx_it.o
                0x08000d30                SysTick_Handler
 .text.HAL_Init
                0x08000d40       0x44 ..\obj\stm32f4xx_hal.o
                0x08000d40                HAL_Init
 .text.HAL_InitTick
                0x08000d84       0x38 ..\obj\stm32f4xx_hal.o
                0x08000d84                HAL_InitTick
 .text.HAL_IncTick
                0x08000dbc       0x1c ..\obj\stm32f4xx_hal.o
                0x08000dbc                HAL_IncTick
 .text.HAL_GetTick
                0x08000dd8       0x14 ..\obj\stm32f4xx_hal.o
                0x08000dd8                HAL_GetTick
 .text.HAL_RCC_OscConfig
                0x08000dec      0x488 ..\obj\stm32f4xx_hal_rcc.o
                0x08000dec                HAL_RCC_OscConfig
 .text.HAL_RCC_GetSysClockFreq
                0x08001274       0xfc ..\obj\stm32f4xx_hal_rcc.o
                0x08001274                HAL_RCC_GetSysClockFreq
 .text.HAL_RCC_GetHCLKFreq
                0x08001370       0x50 ..\obj\stm32f4xx_hal_rcc.o
                0x08001370                HAL_RCC_GetHCLKFreq
 .text.HAL_RCC_GetPCLK1Freq
                0x080013c0       0x44 ..\obj\stm32f4xx_hal_rcc.o
                0x080013c0                HAL_RCC_GetPCLK1Freq
 .text.HAL_RCC_GetPCLK2Freq
                0x08001404       0x44 ..\obj\stm32f4xx_hal_rcc.o
                0x08001404                HAL_RCC_GetPCLK2Freq
 .text.seq_init
                0x08001448       0x18 ..\obj\sequencer.o
                0x08001448                seq_init
 .text.seq      0x08001460       0x68 ..\obj\sequencer.o
                0x08001460                seq
 .text.NVIC_SetPriorityGrouping
                0x080014c8       0x48 ..\obj\stm32f4xx_hal_cortex.o
 .text.NVIC_GetPriorityGrouping
                0x08001510       0x1c ..\obj\stm32f4xx_hal_cortex.o
 .text.NVIC_EnableIRQ
                0x0800152c       0x30 ..\obj\stm32f4xx_hal_cortex.o
 .text.NVIC_SetPriority
                0x0800155c       0x54 ..\obj\stm32f4xx_hal_cortex.o
 .text.NVIC_EncodePriority
                0x080015b0       0x60 ..\obj\stm32f4xx_hal_cortex.o
 .text.SysTick_Config
                0x08001610       0x44 ..\obj\stm32f4xx_hal_cortex.o
 .text.HAL_NVIC_SetPriorityGrouping
                0x08001654       0x18 ..\obj\stm32f4xx_hal_cortex.o
                0x08001654                HAL_NVIC_SetPriorityGrouping
 .text.HAL_NVIC_SetPriority
                0x0800166c       0x38 ..\obj\stm32f4xx_hal_cortex.o
                0x0800166c                HAL_NVIC_SetPriority
 .text.HAL_NVIC_EnableIRQ
                0x080016a4       0x1c ..\obj\stm32f4xx_hal_cortex.o
                0x080016a4                HAL_NVIC_EnableIRQ
 .text.HAL_SYSTICK_Config
                0x080016c0       0x18 ..\obj\stm32f4xx_hal_cortex.o
                0x080016c0                HAL_SYSTICK_Config
 .text.HAL_SYSTICK_CLKSourceConfig
                0x080016d8       0x38 ..\obj\stm32f4xx_hal_cortex.o
                0x080016d8                HAL_SYSTICK_CLKSourceConfig
 .text.HAL_SYSTICK_IRQHandler
                0x08001710        0xc ..\obj\stm32f4xx_hal_cortex.o
                0x08001710                HAL_SYSTICK_IRQHandler
 .text.HAL_SYSTICK_Callback
                0x0800171c        0xc ..\obj\stm32f4xx_hal_cortex.o
                0x0800171c                HAL_SYSTICK_Callback
 .text.sequencer_led_init
                0x08001728       0x3c ..\obj\sequencer_led .o
                0x08001728                sequencer_led_init
 .text.sequencer_led_set_blink_action
                0x08001764       0x70 ..\obj\sequencer_led .o
                0x08001764                sequencer_led_set_blink_action
 .text.sequencer_led_execute
                0x080017d4       0x50 ..\obj\sequencer_led .o
                0x080017d4                sequencer_led_execute
 .text.sequencer_led_get_time_cycle
                0x08001824       0x7c ..\obj\sequencer_led .o
 .text.sequencer_led_get_blink_time
                0x080018a0       0x58 ..\obj\sequencer_led .o
 .text.sequencer_led_blink_button_seq
                0x080018f8       0x50 ..\obj\sequencer_led .o
 .text.sequencer_led_blink_mode_seq
                0x08001948       0x2c ..\obj\sequencer_led .o
 .text.HAL_GPIO_Init
                0x08001974      0x304 ..\obj\stm32f4xx_hal_gpio.o
                0x08001974                HAL_GPIO_Init
 .text.HAL_GPIO_ReadPin
                0x08001c78       0x30 ..\obj\stm32f4xx_hal_gpio.o
                0x08001c78                HAL_GPIO_ReadPin
 .text.HAL_GPIO_WritePin
                0x08001ca8       0x30 ..\obj\stm32f4xx_hal_gpio.o
                0x08001ca8                HAL_GPIO_WritePin
 *(.init)
 *(.fini)
 *crtbegin.o(.ctors)
 *crtbegin?.o(.ctors)
 *(EXCLUDE_FILE(*crtend.o *crtend?.o) .ctors)
 *(SORT(.ctors.*))
 *(.ctors)
 *crtbegin.o(.dtors)
 *crtbegin?.o(.dtors)
 *(EXCLUDE_FILE(*crtend.o *crtend?.o) .dtors)
 *(SORT(.dtors.*))
 *(.dtors)
 *(.rodata*)
 .rodata        0x08001cd8       0x10 ..\obj\stm32f4xx_hal_rcc.o
                0x08001cd8                APBAHBPrescTable
 *(.eh_fram e*)

.glue_7         0x08001ce8        0x0
 .glue_7        0x08001ce8        0x0 linker stubs

.glue_7t        0x08001ce8        0x0
 .glue_7t       0x08001ce8        0x0 linker stubs

.vfp11_veneer   0x08001ce8        0x0
 .vfp11_veneer  0x08001ce8        0x0 linker stubs

.v4_bx          0x08001ce8        0x0
 .v4_bx         0x08001ce8        0x0 linker stubs

.iplt           0x08001ce8        0x0
 .iplt          0x08001ce8        0x0 ..\obj\driver_led.o

.rel.dyn        0x08001ce8        0x0
 .rel.iplt      0x08001ce8        0x0 ..\obj\driver_led.o

.ARM.extab
 *(.ARM.extab* .gnu.linkonce.armextab.*)
                0x08001ce8                __exidx_start = .

.ARM.exidx
 *(.ARM.exidx* .gnu.linkonce.armexidx.*)
                0x08001ce8                __exidx_end = .
                0x08001ce8                __etext = .
                0x08001ce8                _sidata = __etext

.data           0x20000000        0x4 load address 0x08001ce8
                0x20000000                __data_start__ = .
                0x20000000                _sdata = __data_start__
 *(vtable)
 *(.data*)
 .data          0x20000000        0x4 ..\obj\system_stm32f4xx.o
                0x20000000                SystemCoreClock
                0x20000004                . = ALIGN (0x4)
                [!provide]                PROVIDE (__preinit_array_start, .)
 *(.preinit_array)
                [!provide]                PROVIDE (__preinit_array_end, .)
                0x20000004                . = ALIGN (0x4)
                [!provide]                PROVIDE (__init_array_start, .)
 *(SORT(.init_array.*))
 *(.init_array)
                [!provide]                PROVIDE (__init_array_end, .)
                0x20000004                . = ALIGN (0x4)
                [!provide]                PROVIDE (__fini_array_start, .)
 *(SORT(.fini_array.*))
 *(.fini_array)
                [!provide]                PROVIDE (__fini_array_end, .)
 *(.jcr*)
                0x20000004                . = ALIGN (0x4)
                0x20000004                __data_end__ = .
                0x20000004                _edata = __data_end__

.igot.plt       0x20000004        0x0 load address 0x08001cec
 .igot.plt      0x20000004        0x0 ..\obj\driver_led.o

.bss            0x20000004       0xfc load address 0x08001cec
                0x20000004                . = ALIGN (0x4)
                0x20000004                __bss_start__ = .
                0x20000004                _sbss = __bss_start__
 *(.bss*)
 .bss           0x20000004       0x40 ..\obj\uart.o
 .bss           0x20000044        0xd ..\obj\sequencer_button .o
 *fill*         0x20000051        0x3 
 .bss           0x20000054        0x4 ..\obj\stm32f4xx_hal.o
 .bss           0x20000058       0x10 ..\obj\sequencer_led .o
 *(COMMON)
 COMMON         0x20000068        0x2 ..\obj\driver_button.o
                0x20000068                G_last_button_status
 *fill*         0x2000006a        0x2 
 COMMON         0x2000006c       0x94 ..\obj\main.o
                0x2000006c                hspi1
                0x200000c4                TIM_Handle
                0x20000100                . = ALIGN (0x4)
                0x20000100                __bss_end__ = .
                0x20000100                _ebss = __bss_end__

.heap           0x20000100        0x0
                0x20000100                __end__ = .
                0x20000100                _end = __end__
                0x20000100                end = __end__
 *(.heap*)
                0x20000100                __HeapLimit = .

.co_stack       0x20000100      0x800 load address 0x08001de8
                0x20000100                . = ALIGN (0x8)
 *(.co_stack .co_stack.*)
 .co_stack      0x20000100      0x800 ..\obj\startup_stm32f4xx.o
                0x20000100                pulStack
                0x20010000                __StackTop = (ORIGIN (ram) + LENGTH (ram))
                0x2000f800                __StackLimit = (__StackTop - SIZEOF (.co_stack))
                [!provide]                PROVIDE (__stack, __StackTop)
                0x00000001                ASSERT ((__StackLimit >= __HeapLimit), region ram  overflowed with stack)
LOAD ..\obj\driver_led.o
LOAD ..\obj\stm32f4xx_hal_spi.o
LOAD ..\obj\stm32f4xx_hal_flash_ramfunc.o
LOAD ..\obj\stm32f4xx_hal_msp.o
LOAD ..\obj\driver_button.o
LOAD ..\obj\stm32f4xx_hal_uart.o
LOAD ..\obj\stm32f4xx_hal_tim.o
LOAD ..\obj\uart.o
LOAD ..\obj\startup_stm32f4xx.o
LOAD ..\obj\sequencer_button .o
LOAD ..\obj\main.o
LOAD ..\obj\stm32f4xx_it.o
LOAD ..\obj\stm32f4xx_hal_flash.o
LOAD ..\obj\stm32f4xx_hal_pwr.o
LOAD ..\obj\stm32f4xx_hal.o
LOAD ..\obj\stm32f4xx_hal_dma_ex.o
LOAD ..\obj\stm32f4xx_hal_rcc_ex.o
LOAD ..\obj\error.o
LOAD ..\obj\stm32f4xx_hal_rcc.o
LOAD ..\obj\stm32f4xx_hal_flash_ex.o
LOAD ..\obj\sequencer.o
LOAD ..\obj\stm32f4xx_hal_cortex.o
LOAD ..\obj\system_stm32f4xx.o
LOAD ..\obj\sequencer_led .o
LOAD ..\obj\stm32f4xx_hal_gpio.o
LOAD ..\obj\stm32f4xx_hal_pwr_ex.o
LOAD ..\obj\stm32f4xx_hal_tim_ex.o
LOAD ..\obj\stm32f4xx_hal_dma.o
START GROUP
LOAD c:/program files (x86)/gnu tools arm embedded/5.2 2015q4/bin/../lib/gcc/arm-none-eabi/5.2.1/armv7e-m\libgcc.a
LOAD c:/program files (x86)/gnu tools arm embedded/5.2 2015q4/bin/../lib/gcc/arm-none-eabi/5.2.1/../../../../arm-none-eabi/lib/armv7e-m\libg.a
LOAD c:/program files (x86)/gnu tools arm embedded/5.2 2015q4/bin/../lib/gcc/arm-none-eabi/5.2.1/../../../../arm-none-eabi/lib/armv7e-m\libc.a
END GROUP
OUTPUT(cubemx2.elf elf32-littlearm)

.debug_info     0x00000000     0x92b4
 .debug_info    0x00000000      0x3ec ..\obj\driver_led.o
 .debug_info    0x000003ec      0xf4a ..\obj\stm32f4xx_hal_msp.o
 .debug_info    0x00001336      0x498 ..\obj\driver_button.o
 .debug_info    0x000017ce      0xef9 ..\obj\stm32f4xx_hal_uart.o
 .debug_info    0x000026c7     0x218c ..\obj\stm32f4xx_hal_tim.o
 .debug_info    0x00004853      0x79a ..\obj\uart.o
 .debug_info    0x00004fed       0xed ..\obj\startup_stm32f4xx.o
 .debug_info    0x000050da      0x29a ..\obj\sequencer_button .o
 .debug_info    0x00005374      0xe7a ..\obj\main.o
 .debug_info    0x000061ee       0xb9 ..\obj\stm32f4xx_it.o
 .debug_info    0x000062a7      0x7a9 ..\obj\stm32f4xx_hal.o
 .debug_info    0x00006a50      0xb24 ..\obj\stm32f4xx_hal_rcc.o
 .debug_info    0x00007574      0x1fb ..\obj\sequencer.o
 .debug_info    0x0000776f      0xc71 ..\obj\stm32f4xx_hal_cortex.o
 .debug_info    0x000083e0      0x4a7 ..\obj\system_stm32f4xx.o
 .debug_info    0x00008887      0x322 ..\obj\sequencer_led .o
 .debug_info    0x00008ba9      0x70b ..\obj\stm32f4xx_hal_gpio.o

.debug_abbrev   0x00000000     0x19a3
 .debug_abbrev  0x00000000      0x126 ..\obj\driver_led.o
 .debug_abbrev  0x00000126      0x196 ..\obj\stm32f4xx_hal_msp.o
 .debug_abbrev  0x000002bc      0x11f ..\obj\driver_button.o
 .debug_abbrev  0x000003db      0x226 ..\obj\stm32f4xx_hal_uart.o
 .debug_abbrev  0x00000601      0x217 ..\obj\stm32f4xx_hal_tim.o
 .debug_abbrev  0x00000818      0x186 ..\obj\uart.o
 .debug_abbrev  0x0000099e       0xb0 ..\obj\startup_stm32f4xx.o
 .debug_abbrev  0x00000a4e      0x123 ..\obj\sequencer_button .o
 .debug_abbrev  0x00000b71      0x1b2 ..\obj\main.o
 .debug_abbrev  0x00000d23       0x67 ..\obj\stm32f4xx_it.o
 .debug_abbrev  0x00000d8a      0x224 ..\obj\stm32f4xx_hal.o
 .debug_abbrev  0x00000fae      0x296 ..\obj\stm32f4xx_hal_rcc.o
 .debug_abbrev  0x00001244       0xd5 ..\obj\sequencer.o
 .debug_abbrev  0x00001319      0x2c9 ..\obj\stm32f4xx_hal_cortex.o
 .debug_abbrev  0x000015e2      0x101 ..\obj\system_stm32f4xx.o
 .debug_abbrev  0x000016e3      0x114 ..\obj\sequencer_led .o
 .debug_abbrev  0x000017f7      0x1ac ..\obj\stm32f4xx_hal_gpio.o

.debug_aranges  0x00000000      0x9a8
 .debug_aranges
                0x00000000       0x38 ..\obj\driver_led.o
 .debug_aranges
                0x00000038       0x50 ..\obj\stm32f4xx_hal_msp.o
 .debug_aranges
                0x00000088       0x30 ..\obj\driver_button.o
 .debug_aranges
                0x000000b8      0x150 ..\obj\stm32f4xx_hal_uart.o
 .debug_aranges
                0x00000208      0x368 ..\obj\stm32f4xx_hal_tim.o
 .debug_aranges
                0x00000570       0x30 ..\obj\uart.o
 .debug_aranges
                0x000005a0       0x28 ..\obj\startup_stm32f4xx.o
 .debug_aranges
                0x000005c8       0x38 ..\obj\sequencer_button .o
 .debug_aranges
                0x00000600       0x40 ..\obj\main.o
 .debug_aranges
                0x00000640       0x20 ..\obj\stm32f4xx_it.o
 .debug_aranges
                0x00000660       0xc0 ..\obj\stm32f4xx_hal.o
 .debug_aranges
                0x00000720       0x88 ..\obj\stm32f4xx_hal_rcc.o
 .debug_aranges
                0x000007a8       0x28 ..\obj\sequencer.o
 .debug_aranges
                0x000007d0      0x108 ..\obj\stm32f4xx_hal_cortex.o
 .debug_aranges
                0x000008d8       0x28 ..\obj\system_stm32f4xx.o
 .debug_aranges
                0x00000900       0x50 ..\obj\sequencer_led .o
 .debug_aranges
                0x00000950       0x58 ..\obj\stm32f4xx_hal_gpio.o

.debug_ranges   0x00000000      0x898
 .debug_ranges  0x00000000       0x28 ..\obj\driver_led.o
 .debug_ranges  0x00000028       0x40 ..\obj\stm32f4xx_hal_msp.o
 .debug_ranges  0x00000068       0x20 ..\obj\driver_button.o
 .debug_ranges  0x00000088      0x140 ..\obj\stm32f4xx_hal_uart.o
 .debug_ranges  0x000001c8      0x358 ..\obj\stm32f4xx_hal_tim.o
 .debug_ranges  0x00000520       0x20 ..\obj\uart.o
 .debug_ranges  0x00000540       0x18 ..\obj\startup_stm32f4xx.o
 .debug_ranges  0x00000558       0x28 ..\obj\sequencer_button .o
 .debug_ranges  0x00000580       0x30 ..\obj\main.o
 .debug_ranges  0x000005b0       0x10 ..\obj\stm32f4xx_it.o
 .debug_ranges  0x000005c0       0xb0 ..\obj\stm32f4xx_hal.o
 .debug_ranges  0x00000670       0x78 ..\obj\stm32f4xx_hal_rcc.o
 .debug_ranges  0x000006e8       0x18 ..\obj\sequencer.o
 .debug_ranges  0x00000700       0xf8 ..\obj\stm32f4xx_hal_cortex.o
 .debug_ranges  0x000007f8       0x18 ..\obj\system_stm32f4xx.o
 .debug_ranges  0x00000810       0x40 ..\obj\sequencer_led .o
 .debug_ranges  0x00000850       0x48 ..\obj\stm32f4xx_hal_gpio.o

.debug_line     0x00000000     0x494f
 .debug_line    0x00000000      0x275 ..\obj\driver_led.o
 .debug_line    0x00000275      0x32f ..\obj\stm32f4xx_hal_msp.o
 .debug_line    0x000005a4      0x28b ..\obj\driver_button.o
 .debug_line    0x0000082f      0x91f ..\obj\stm32f4xx_hal_uart.o
 .debug_line    0x0000114e     0x1226 ..\obj\stm32f4xx_hal_tim.o
 .debug_line    0x00002374      0x292 ..\obj\uart.o
 .debug_line    0x00002606       0x9b ..\obj\startup_stm32f4xx.o
 .debug_line    0x000026a1      0x287 ..\obj\sequencer_button .o
 .debug_line    0x00002928      0x386 ..\obj\main.o
 .debug_line    0x00002cae      0x178 ..\obj\stm32f4xx_it.o
 .debug_line    0x00002e26      0x408 ..\obj\stm32f4xx_hal.o
 .debug_line    0x0000322e      0x5f3 ..\obj\stm32f4xx_hal_rcc.o
 .debug_line    0x00003821      0x2a6 ..\obj\sequencer.o
 .debug_line    0x00003ac7      0x53b ..\obj\stm32f4xx_hal_cortex.o
 .debug_line    0x00004002      0x234 ..\obj\system_stm32f4xx.o
 .debug_line    0x00004236      0x309 ..\obj\sequencer_led .o
 .debug_line    0x0000453f      0x410 ..\obj\stm32f4xx_hal_gpio.o

.debug_str      0x00000000     0x330e
 .debug_str     0x00000000      0x349 ..\obj\driver_led.o
                                0x3a6 (size before relaxing)
 .debug_str     0x00000349      0xb7c ..\obj\stm32f4xx_hal_msp.o
                                0xedb (size before relaxing)
 .debug_str     0x00000ec5      0x199 ..\obj\driver_button.o
                                0x4c5 (size before relaxing)
 .debug_str     0x0000105e      0x3c2 ..\obj\stm32f4xx_hal_uart.o
                                0xa1b (size before relaxing)
 .debug_str     0x00001420      0xd06 ..\obj\stm32f4xx_hal_tim.o
                               0x13b3 (size before relaxing)
 .debug_str     0x00002126       0x74 ..\obj\uart.o
                                0x75e (size before relaxing)
 .debug_str     0x0000219a       0xaa ..\obj\startup_stm32f4xx.o
                                0x141 (size before relaxing)
 .debug_str     0x00002244      0x21d ..\obj\sequencer_button .o
                                0x4b3 (size before relaxing)
 .debug_str     0x00002461      0x136 ..\obj\main.o
                                0xef3 (size before relaxing)
 .debug_str     0x00002597       0x45 ..\obj\stm32f4xx_it.o
                                0x1b2 (size before relaxing)
 .debug_str     0x000025dc      0x274 ..\obj\stm32f4xx_hal.o
                                0x8dc (size before relaxing)
 .debug_str     0x00002850      0x243 ..\obj\stm32f4xx_hal_rcc.o
                                0x6a8 (size before relaxing)
 .debug_str     0x00002a93      0x100 ..\obj\sequencer.o
                                0x45b (size before relaxing)
 .debug_str     0x00002b93      0x3fe ..\obj\stm32f4xx_hal_cortex.o
                                0xa85 (size before relaxing)
 .debug_str     0x00002f91       0x93 ..\obj\system_stm32f4xx.o
                                0x3a5 (size before relaxing)
 .debug_str     0x00003024      0x173 ..\obj\sequencer_led .o
                                0x5be (size before relaxing)
 .debug_str     0x00003197      0x177 ..\obj\stm32f4xx_hal_gpio.o
                                0x4f4 (size before relaxing)

.comment        0x00000000       0x6e
 .comment       0x00000000       0x6e ..\obj\driver_led.o
                                 0x6f (size before relaxing)
 .comment       0x0000006e       0x6f ..\obj\stm32f4xx_hal_msp.o
 .comment       0x0000006e       0x6f ..\obj\driver_button.o
 .comment       0x0000006e       0x6f ..\obj\stm32f4xx_hal_uart.o
 .comment       0x0000006e       0x6f ..\obj\stm32f4xx_hal_tim.o
 .comment       0x0000006e       0x6f ..\obj\uart.o
 .comment       0x0000006e       0x6f ..\obj\startup_stm32f4xx.o
 .comment       0x0000006e       0x6f ..\obj\sequencer_button .o
 .comment       0x0000006e       0x6f ..\obj\main.o
 .comment       0x0000006e       0x6f ..\obj\stm32f4xx_it.o
 .comment       0x0000006e       0x6f ..\obj\stm32f4xx_hal.o
 .comment       0x0000006e       0x6f ..\obj\stm32f4xx_hal_rcc.o
 .comment       0x0000006e       0x6f ..\obj\sequencer.o
 .comment       0x0000006e       0x6f ..\obj\stm32f4xx_hal_cortex.o
 .comment       0x0000006e       0x6f ..\obj\system_stm32f4xx.o
 .comment       0x0000006e       0x6f ..\obj\sequencer_led .o
 .comment       0x0000006e       0x6f ..\obj\stm32f4xx_hal_gpio.o

.ARM.attributes
                0x00000000       0x33
 .ARM.attributes
                0x00000000       0x33 ..\obj\driver_led.o
 .ARM.attributes
                0x00000033       0x33 ..\obj\stm32f4xx_hal_msp.o
 .ARM.attributes
                0x00000066       0x33 ..\obj\driver_button.o
 .ARM.attributes
                0x00000099       0x33 ..\obj\stm32f4xx_hal_uart.o
 .ARM.attributes
                0x000000cc       0x33 ..\obj\stm32f4xx_hal_tim.o
 .ARM.attributes
                0x000000ff       0x33 ..\obj\uart.o
 .ARM.attributes
                0x00000132       0x33 ..\obj\startup_stm32f4xx.o
 .ARM.attributes
                0x00000165       0x33 ..\obj\sequencer_button .o
 .ARM.attributes
                0x00000198       0x33 ..\obj\main.o
 .ARM.attributes
                0x000001cb       0x33 ..\obj\stm32f4xx_it.o
 .ARM.attributes
                0x000001fe       0x33 ..\obj\stm32f4xx_hal.o
 .ARM.attributes
                0x00000231       0x33 ..\obj\stm32f4xx_hal_rcc.o
 .ARM.attributes
                0x00000264       0x33 ..\obj\sequencer.o
 .ARM.attributes
                0x00000297       0x33 ..\obj\stm32f4xx_hal_cortex.o
 .ARM.attributes
                0x000002ca       0x33 ..\obj\system_stm32f4xx.o
 .ARM.attributes
                0x000002fd       0x33 ..\obj\sequencer_led .o
 .ARM.attributes
                0x00000330       0x33 ..\obj\stm32f4xx_hal_gpio.o

.debug_frame    0x00000000     0x2618
 .debug_frame   0x00000000       0x88 ..\obj\driver_led.o
 .debug_frame   0x00000088      0x10c ..\obj\stm32f4xx_hal_msp.o
 .debug_frame   0x00000194       0x7c ..\obj\driver_button.o
 .debug_frame   0x00000210      0x5e4 ..\obj\stm32f4xx_hal_uart.o
 .debug_frame   0x000007f4      0xfb4 ..\obj\stm32f4xx_hal_tim.o
 .debug_frame   0x000017a8       0x7c ..\obj\uart.o
 .debug_frame   0x00001824       0x4c ..\obj\startup_stm32f4xx.o
 .debug_frame   0x00001870       0xa8 ..\obj\sequencer_button .o
 .debug_frame   0x00001918       0xc0 ..\obj\main.o
 .debug_frame   0x000019d8       0x2c ..\obj\stm32f4xx_it.o
 .debug_frame   0x00001a04      0x2c0 ..\obj\stm32f4xx_hal.o
 .debug_frame   0x00001cc4      0x204 ..\obj\stm32f4xx_hal_rcc.o
 .debug_frame   0x00001ec8       0x50 ..\obj\sequencer.o
 .debug_frame   0x00001f18      0x450 ..\obj\stm32f4xx_hal_cortex.o
 .debug_frame   0x00002368       0x58 ..\obj\system_stm32f4xx.o
 .debug_frame   0x000023c0      0x10c ..\obj\sequencer_led .o
 .debug_frame   0x000024cc      0x14c ..\obj\stm32f4xx_hal_gpio.o
